09-02 11:14:40.155  1464  1464 D StatusBarIconController: setIconVisibility: slot=wifi,visibility=true,tag=0
09-02 11:14:40.186  1464 14555 D BLASTBufferQueue: [VRI[StatusBar]#5](f:0,a:3) PendingRelease=2, PendingBuffersToHold=1, SyncedFrameNumbers=0, lacfnr:73478, lapfnr:73478
09-02 11:14:40.188  1464 14555 D BLASTBufferQueue: [VRI[StatusBar]#5](f:0,a:2) PendingRelease=1, PendingBuffersToHold=1, SyncedFrameNumbers=0, lacfnr:73478, lapfnr:73478
09-02 11:14:41.151   609  2414 D bt_vendor: op for BT_VND_OP_LPM_WAKE_SET_STATE
09-02 11:14:41.165 23951 24297 I R47     : Exosip [eXconf.c-1245-A7] ,t24297,l5: keep alive: 10
09-02 11:14:41.165 23951 24297 I R47     : Exosip [eXconf.c-877-A7] ,t24297,l5: eXosip: Reseting timer to 10s before waking up!
09-02 11:14:41.432  1137  3060 D PowerManagerServiceEx: isScreenOnBlockedLocked
09-02 11:14:41.435  1137  3093 D PowerManagerServiceEx: isScreenOnBlockedLocked
09-02 11:14:41.437  1137  3093 D PowerManagerServiceEx: isScreenOnBlockedLocked
09-02 11:14:41.439  1137  3093 D AlarmManagerService: set alarm to kernel: 588130.887000000, type=2
09-02 11:14:41.440 20316 24495 I AlarmManager: setExactAndAllowWhileIdle [name: GCM_HB_ALARM type: 2 triggerAtMillis: 589444612]
09-02 11:14:41.440  1137  3093 V AlarmManager: set(PendingIntent{5033ea0: PendingIntentRecord{bf78adf com.google.android.gms/com.google.android.gms.gcm broadcastIntent}}) : type=2 listener=null listenerTag=null workSource=null callingPackage=com.google.android.gms callingUid=10181 triggerAtTime=589444612 win=0 tElapsed=589444612 maxElapsed=589444612 interval=0 flags=0x21
09-02 11:14:41.440  1137  3093 D AlarmManagerService: set alarm to kernel: 588130.887000000, type=2
09-02 11:14:41.443  1137  3093 D PowerManagerServiceEx: isScreenOnBlockedLocked
09-02 11:14:41.450 20316 24483 W ChimeraUtils: Module com.google.android.gms.gcm missing resource null(0)
09-02 11:14:41.452  1137  3093 D PowerManagerServiceEx: isScreenOnBlockedLocked
09-02 11:14:41.455  1137  3060 D PowerManagerServiceEx: isScreenOnBlockedLocked
09-02 11:14:41.457  1137  3093 D AlarmManagerService: set alarm to kernel: 588130.887000000, type=2
09-02 11:14:41.457 20316 24503 I AlarmManager: setExactAndAllowWhileIdle [name: GCM_HB_ALARM type: 2 triggerAtMillis: 589444630]
09-02 11:14:41.457  1137  3093 V AlarmManager: set(PendingIntent{f369a59: PendingIntentRecord{bf78adf com.google.android.gms/com.google.android.gms.gcm broadcastIntent}}) : type=2 listener=null listenerTag=null workSource=null callingPackage=com.google.android.gms callingUid=10181 triggerAtTime=589444630 win=0 tElapsed=589444630 maxElapsed=589444630 interval=0 flags=0x21
09-02 11:14:41.458  1137  3093 D AlarmManagerService: set alarm to kernel: 588130.887000000, type=2
09-02 11:14:41.460  1137  3060 D PowerManagerServiceEx: isScreenOnBlockedLocked
09-02 11:14:41.460 20316 24483 I AlarmManager: setExactAndAllowWhileIdle [name: FcmRetry type: 2 triggerAtMillis: 588244630]
09-02 11:14:41.461  1137  3093 D PowerManagerServiceEx: isScreenOnBlockedLocked
09-02 11:14:41.462  1137  3060 V AlarmManager: set(PendingIntent{71d061e: PendingIntentRecord{e9402e0 com.google.android.gms/com.google.android.gms.gcm broadcastIntent}}) : type=2 listener=null listenerTag=null workSource=null callingPackage=com.google.android.gms callingUid=10181 triggerAtTime=588244630 win=0 tElapsed=588244630 maxElapsed=588244630 interval=0 flags=0x21
09-02 11:14:41.462  1137  3093 D ActivityManager: Skip enqueue broadcast because no receiver with Intent { act=android.intent.action.BADGE_COUNT_UPDATE flg=0x10 (has extras) }
09-02 11:14:41.462  1137  3060 D AlarmManagerService: set alarm to kernel: 588130.887000000, type=2
09-02 11:14:41.466  1137  3060 V BroadcastQueue: Enqueuing BroadcastRecord{86ceeff com.google.android.c2dm.intent.RECEIVE/u0} from uid 10181 pid 20316 for 1 receivers
09-02 11:14:41.469  1137  1171 W ProcessStats: Tracking association SourceState{d91948a org.telegram.messenger/10294 Receivr #397249} whose proc state 10 is better than process ProcessState{160faba com.android.vending/10192 pkg=com.android.vending} proc state 14 (6 skipped)
09-02 11:14:41.485  1137  3060 D PowerManagerServiceEx: isScreenOnBlockedLocked
09-02 11:14:41.489  1137  1914 D PowerManagerServiceEx: isScreenOnBlockedLocked
09-02 11:14:41.495  1137  3093 D AlarmManagerService: set alarm to kernel: 588130.887000000, type=2
09-02 11:14:41.497  1137  1317 D BroadcastQueue: Receiver ResolveInfo{63641b8 org.telegram.messenger/com.google.firebase.iid.FirebaseInstanceIdReceiver m=0x108000 userHandle=UserHandle{0}} finished with BroadcastRecord{86ceeff com.google.android.c2dm.intent.RECEIVE/u0} took 29ms
09-02 11:14:41.503  1137  3060 D PowerManagerServiceEx: isScreenOnBlockedLocked
09-02 11:14:41.504  1137  3060 D PowerManagerServiceEx: isScreenOnBlockedLocked
09-02 11:14:41.507  1137  1914 D PowerManagerServiceEx: isScreenOnBlockedLocked
09-02 11:14:41.513  1137  3060 D PowerManagerServiceEx: isScreenOnBlockedLocked
09-02 11:14:41.835 20880 20987 V ActivityThread: Recovering failed rename /storage/emulated/0/Android/data/org.telegram.messenger/cache/-6177204243975490214_121.temp to /storage/emulated/0/Android/data/org.telegram.messenger/files/Telegram/Telegram Images/-6177204243975490214_121.jpg
09-02 11:14:42.420  1137  1338 D RamBoostManagerService: closeSource for /proc/stat
09-02 11:14:42.421  1137  1338 D RamBoostManagerService: updateMotoSwapState: mIsTouching: false mIsScreenOff: false mCpuUsed: 5.0377846
09-02 11:14:42.421  1137  1338 E RamBoostManagerService: mCpuUsed: 5.0377846
09-02 11:14:42.684 20880 20944 W Notification: Bubbles work best with icons of TYPE_URI or TYPE_URI_ADAPTIVE_BITMAP. In the future, using an icon of this type will be required.
09-02 11:14:42.695  1137  1170 W NotificationHistory: Attempted to remove conversation for locked/gone/disabled user 0
09-02 11:14:42.755 20880 20944 W Notification: Bubbles work best with icons of TYPE_URI or TYPE_URI_ADAPTIVE_BITMAP. In the future, using an icon of this type will be required.
09-02 11:14:42.764  1137  1170 W NotificationHistory: Attempted to remove conversation for locked/gone/disabled user 0
09-02 11:14:42.885 20880 20944 W Notification: Bubbles work best with icons of TYPE_URI or TYPE_URI_ADAPTIVE_BITMAP. In the future, using an icon of this type will be required.
09-02 11:14:42.893  1137  1170 W NotificationHistory: Attempted to remove conversation for locked/gone/disabled user 0
09-02 11:14:42.895  1137  1914 D PowerManagerServiceEx: isScreenOnBlockedLocked
09-02 11:14:43.174  1137  1296 D WifiStaIfaceHidlImpl: getCachedScanData is not implemented by HIDL
09-02 11:14:43.182  1464  1464 D WifiSignalController: connected : true, level : 4, isDefault : true, inetCondition : 1, statusLabel : null
09-02 11:14:43.184  1464  1464 D StatusBarIconController: ignoring old pipeline callback because the new wifi icon is enabled
09-02 11:14:43.184  1464  1464 D StatusBarIconController: setIconVisibility: slot=wifi,visibility=true,tag=0
09-02 11:14:43.222  1464  2276 D BLASTBufferQueue: [VRI[StatusBar]#5](f:0,a:3) PendingRelease=2, PendingBuffersToHold=1, SyncedFrameNumbers=0, lacfnr:73479, lapfnr:73479
09-02 11:14:43.222  1464  2276 D BLASTBufferQueue: [VRI[StatusBar]#5](f:0,a:2) PendingRelease=1, PendingBuffersToHold=1, SyncedFrameNumbers=0, lacfnr:73479, lapfnr:73479
09-02 11:14:43.891 23951 24463 I R47     : Exosip [eXconf.c-877-A0] ,t24463,l5: eXosip: Reseting timer to 10s before waking up!
09-02 11:14:43.892  1137  1165 E UnisocWatchdog: UnisocWatchdogImpl sendMessage:0
09-02 11:14:43.893  1137  1216 E UnisocWatchdog: UNISOCWATCHDOG_MESSAGE_TIMER30 trigger
09-02 11:14:45.420  1137  1338 D RamBoostManagerService: closeSource for /proc/stat
09-02 11:14:45.421  1137  1338 D RamBoostManagerService: updateMotoSwapState: mIsTouching: false mIsScreenOff: false mCpuUsed: 5.795884
09-02 11:14:45.421  1137  1338 E RamBoostManagerService: mCpuUsed: 5.795884
09-02 11:14:46.204  1137  1296 D WifiStaIfaceHidlImpl: getCachedScanData is not implemented by HIDL
09-02 11:14:46.215  1464  1464 D WifiSignalController: connected : true, level : 4, isDefault : true, inetCondition : 1, statusLabel : null
09-02 11:14:46.217  1464  1464 D StatusBarIconController: ignoring old pipeline callback because the new wifi icon is enabled
09-02 11:14:46.217  1464  1464 D StatusBarIconController: setIconVisibility: slot=wifi,visibility=true,tag=0
09-02 11:14:46.254  1464  2276 D BLASTBufferQueue: [VRI[StatusBar]#5](f:0,a:3) PendingRelease=2, PendingBuffersToHold=1, SyncedFrameNumbers=0, lacfnr:73480, lapfnr:73480
09-02 11:14:46.254  1464  2276 D BLASTBufferQueue: [VRI[StatusBar]#5](f:0,a:2) PendingRelease=1, PendingBuffersToHold=1, SyncedFrameNumbers=0, lacfnr:73480, lapfnr:73480
09-02 11:14:47.714  1137  1244 D AlarmManager: waitForAlarm result:4currentTime=1756797287714, elapsedRealtime=588130887
09-02 11:14:47.715  1137  1137 W JobScheduler.JobStatus: Exempted app com.whoop.android considered buggy
09-02 11:14:47.715  1137  1137 W JobScheduler.JobStatus: Exempted app com.whoop.android considered buggy
09-02 11:14:47.716  1137  1137 W JobScheduler.JobStatus: Exempted app com.whoop.android considered buggy
09-02 11:14:47.716  1137  1244 D PowerManagerServiceEx: isScreenOnBlockedLocked
09-02 11:14:47.717  1137  1244 D AlarmManager: sending alarm.type = 2, action = null, alarm = Alarm{7315d8e type 2 origWhen 588119638 whenElapsed 588119638 android}, cn = null, operation = null, listener=android.app.AlarmManager$ListenerWrapper@45443ab, listenerTag=*job.deadline*, workSource=WorkSource{10292 com.whoop.android}
09-02 11:14:47.717  1137  1244 D AlarmManagerService: set alarm to kernel: 588139.298000000, type=2
09-02 11:14:47.718  1137  1137 V AlarmManager: set(null) : type=2 listener=android.app.AlarmManager$ListenerWrapper@45443ab listenerTag=*job.deadline* workSource=WorkSource{10192 com.android.vending} callingPackage=android callingUid=1000 triggerAtTime=589172181 win=780969 tElapsed=589172181 maxElapsed=589953150 interval=0 flags=0x0
09-02 11:14:47.718  1137  1137 D AlarmManagerService: set alarm to kernel: 588139.298000000, type=2
09-02 11:14:47.719  1137  1137 D PowerManagerServiceEx: isScreenOnBlockedLocked
09-02 11:14:47.719  1137  1223 W JobScheduler.JobStatus: Exempted app com.whoop.android considered buggy
09-02 11:14:47.722  1137  1223 D PowerManagerServiceEx: isScreenOnBlockedLocked
09-02 11:14:47.723  1137  1223 D PowerManagerServiceEx: isScreenOnBlockedLocked
09-02 11:14:47.730  1137  1223 D PowerManagerServiceEx: isScreenOnBlockedLocked
09-02 11:14:47.736  1137  1914 D PowerManagerServiceEx: isScreenOnBlockedLocked
09-02 11:14:48.420  1137  1338 D RamBoostManagerService: closeSource for /proc/stat
09-02 11:14:48.420  1137  1338 D RamBoostManagerService: updateMotoSwapState: mIsTouching: false mIsScreenOff: false mCpuUsed: 4.1387978
09-02 11:14:48.420  1137  1338 E RamBoostManagerService: mCpuUsed: 4.1387978
09-02 11:14:48.738  1137  1914 W JobScheduler.JobStatus: Exempted app com.whoop.android considered buggy
09-02 11:14:48.739  1137  1914 W JobScheduler.JobStatus: Exempted app com.whoop.android considered buggy
09-02 11:14:48.739  1137  1914 W JobScheduler.JobStatus: Exempted app com.whoop.android considered buggy
09-02 11:14:48.739  1137  1914 W JobScheduler.JobStatus: Exempted app com.whoop.android considered buggy
09-02 11:14:48.739  1137  1914 V AlarmManager: set(null) : type=2 listener=android.app.AlarmManager$ListenerWrapper@45443ab listenerTag=*job.deadline* workSource=WorkSource{10292 com.whoop.android} callingPackage=android callingUid=1000 triggerAtTime=588146911 win=11249 tElapsed=588146911 maxElapsed=588158160 interval=0 flags=0x0
09-02 11:14:48.740  1137  1914 D AlarmManagerService: set alarm to kernel: 588139.298000000, type=2
09-02 11:14:48.740  1137  1914 D AlarmManagerService: set alarm to kernel: 588139.298000000, type=2
09-02 11:14:48.740  1137  1914 W JobScheduler.JobStatus: Exempted app com.whoop.android considered buggy
09-02 11:14:48.750 23698 23956 D BluetoothGatt: connect() - device: XX:XX:XX:XX:98:92, auto: false
09-02 11:14:48.750 23698 23956 D BluetoothGatt: registerApp()
09-02 11:14:48.750 23698 23956 D BluetoothGatt: registerApp() - UUID=8b106cb4-57f8-4cf1-9aa4-14aa495d5363
09-02 11:14:48.753  2249  2335 I bluetooth: packages/modules/Bluetooth/system/stack/gatt/gatt_api.cc:1257 GATT_Register: Allocated name:GattClient uuid:1319818c-d58a-9cc7-7e46-f6e54579949f gatt_if:7 eatt_support:0
09-02 11:14:48.754 23698 26583 D BluetoothGatt: onClientRegistered() - status=0 clientIf=7
09-02 11:14:48.757  2249  2436 I bt_btif_gattc: packages/modules/Bluetooth/system/btif/src/btif_gatt_client.cc:340 btif_gattc_open_impl: Transport=2, device type=2, address type =1, phy=2
09-02 11:14:48.757  2249  2335 I bt_stack: [INFO:gatt_attr.cc(950)] gatt_sr_init_cl_status: bda=xx:xx:xx:xx:98:92, cl_supp_feat=0000, aware=1
09-02 11:14:48.757  2249  2335 I bluetooth: packages/modules/Bluetooth/system/gd/metrics/metrics_state.cc:177 AddStateChangedEvent: LEConnectionMetricsRemoteDevice: Transaction State 0x00000001, Connection Type 0x00000001, Origin Type 0x00000001
09-02 11:14:48.758  2249  2335 I bluetooth: packages/modules/Bluetooth/system/gd/metrics/metrics_state.cc:58 AddStateChangedEvent: LEConnectionMetricState:  Origin Type: 0x00000001, Connection Type: 0x00000001, Transaction State: 0x00000001
09-02 11:14:48.758  2249  2335 I bluetooth: packages/modules/Bluetooth/system/stack/gatt/gatt_main.cc:394 gatt_update_app_use_link_flag: check_acl_link is false, no need to check
09-02 11:14:48.758  2249  2393 I bluetooth: packages/modules/Bluetooth/system/gd/hci/le_address_manager.cc:265 ack_pause: Client already in paused state
09-02 11:14:48.758   609   609 D bt_vendor: op for BT_VND_OP_LPM_WAKE_SET_STATE
09-02 11:14:48.759  2249  2393 I bluetooth: packages/modules/Bluetooth/system/gd/hci/le_address_manager.cc:265 ack_pause: Client already in paused state
09-02 11:14:48.759  2249  2393 I bluetooth: packages/modules/Bluetooth/system/gd/hci/le_address_manager.cc:265 ack_pause: Client already in paused state
09-02 11:14:48.759  2249  2393 I bluetooth: packages/modules/Bluetooth/system/gd/hci/le_address_manager.cc:265 ack_pause: Client already in paused state
09-02 11:14:48.759  2249  2393 I bluetooth: packages/modules/Bluetooth/system/gd/hci/le_address_manager.cc:265 ack_pause: Client already in paused state
09-02 11:14:48.759  2249  2393 I bluetooth: packages/modules/Bluetooth/system/gd/hci/le_address_manager.cc:265 ack_pause: Client already in paused state
09-02 11:14:48.784  2249  2393 W bluetooth: packages/modules/Bluetooth/system/gd/hci/le_scanning_manager.cc:1692 check_status: Receive set extended scan enable with error code SUCCESS
09-02 11:14:48.788  2249  2393 I bluetooth: packages/modules/Bluetooth/system/gd/hci/le_address_manager.cc:596 OnCommandComplete: Received command complete with op_code LE_ADD_DEVICE_TO_FILTER_ACCEPT_LIST
09-02 11:14:48.788  2249  2393 I bluetooth: packages/modules/Bluetooth/system/gd/hci/le_address_manager.cc:294 resume_registered_clients: Resuming registered clients
09-02 11:14:48.800  2249  2393 I bluetooth: packages/modules/Bluetooth/system/gd/hci/acl_manager/le_impl.h:877 update_connectability_state_after_armed: Le connection state machine armed state:ConnectabilityState::ARMED status:SUCCESS
09-02 11:14:48.805  2249  2393 W bluetooth: packages/modules/Bluetooth/system/gd/hci/le_scanning_manager.cc:1692 check_status: Receive set extended scan enable with error code SUCCESS
09-02 11:14:49.234  1137  1296 D WifiStaIfaceHidlImpl: getCachedScanData is not implemented by HIDL
09-02 11:14:51.168 23951 24297 I R47     : Exosip [eXconf.c-1245-A7] ,t24297,l5: keep alive: 10
09-02 11:14:51.169 23951 24297 I R47     : Exosip [eXconf.c-877-A7] ,t24297,l5: eXosip: Reseting timer to 10s before waking up!
09-02 11:14:51.421  1137  1338 D RamBoostManagerService: closeSource for /proc/stat
09-02 11:14:51.421  1137  1338 D RamBoostManagerService: updateMotoSwapState: mIsTouching: false mIsScreenOff: false mCpuUsed: 3.852594
09-02 11:14:51.421  1137  1338 E RamBoostManagerService: mCpuUsed: 3.852594
09-02 11:14:51.805   609  2414 D bt_vendor: op for BT_VND_OP_LPM_WAKE_SET_STATE
09-02 11:14:52.257  1137  1296 D WifiStaIfaceHidlImpl: getCachedScanData is not implemented by HIDL
09-02 11:14:52.262  1464  1464 D WifiSignalController: connected : true, level : 4, isDefault : true, inetCondition : 1, statusLabel : null
09-02 11:14:52.264  1464  1464 D StatusBarIconController: ignoring old pipeline callback because the new wifi icon is enabled
09-02 11:14:52.265  1464  1464 D StatusBarIconController: setIconVisibility: slot=wifi,visibility=true,tag=0
09-02 11:14:52.291  1464 14555 D BLASTBufferQueue: [VRI[StatusBar]#5](f:0,a:3) PendingRelease=2, PendingBuffersToHold=1, SyncedFrameNumbers=0, lacfnr:73481, lapfnr:73481
09-02 11:14:52.292  1464 14555 D BLASTBufferQueue: [VRI[StatusBar]#5](f:0,a:2) PendingRelease=1, PendingBuffersToHold=1, SyncedFrameNumbers=0, lacfnr:73481, lapfnr:73481
09-02 11:14:53.894 23951 24463 I R47     : Exosip [eXconf.c-877-A0] ,t24463,l5: eXosip: Reseting timer to 10s before waking up!
09-02 11:14:54.420  1137  1338 D RamBoostManagerService: closeSource for /proc/stat
09-02 11:14:54.421  1137  1338 D RamBoostManagerService: updateMotoSwapState: mIsTouching: false mIsScreenOff: false mCpuUsed: 3.5308957
09-02 11:14:54.421  1137  1338 E RamBoostManagerService: mCpuUsed: 3.5308957
09-02 11:14:55.280  1137  1296 D WifiStaIfaceHidlImpl: getCachedScanData is not implemented by HIDL
09-02 11:14:56.125  1137  1244 D AlarmManager: waitForAlarm result:4currentTime=1756797296125, elapsedRealtime=588139298
09-02 11:14:56.127  1137  1244 V BroadcastQueue: Enqueuing BroadcastRecord{46a46f9 com.motorola.bach.modemstats.time-on-rat/u0} from uid 10113 pid -1 for 1 receivers
09-02 11:14:56.129  1137  1244 D PowerManagerServiceEx: isScreenOnBlockedLocked
09-02 11:14:56.130  1137  1244 D AlarmManager: sending alarm.type = 2, action = com.motorola.bach.modemstats.time-on-rat, alarm = Alarm{76463e type 2 origWhen 588139298 whenElapsed 588139298 com.motorola.bach.modemstats}, cn = null, operation = PendingIntent{ea1d1ac: PendingIntentRecord{91e6cf0 com.motorola.bach.modemstats broadcastIntent}}, listener=null, listenerTag=null, workSource=null
09-02 11:14:56.130  1137  1244 D AlarmManagerService: set alarm to kernel: 588158.160000000, type=2
09-02 11:14:56.131  1137  1244 D AlarmManagerService: set alarm to kernel: 588143.173000000, type=3
09-02 11:14:56.134  1137  1171 W ProcessStats: Tracking association SourceState{dfd0119 com.android.phone/1001 Persist #397268} whose proc state 0 is better than process ProcessState{87b1b3a com.spreadtrum.ims/1001 pkg=com.spreadtrum.ims} proc state 5 (3 skipped)
09-02 11:14:56.138  1137  1160 V BroadcastQueue: Enqueuing BroadcastRecord{db6fc9f android.os.action.POWER_SAVE_TEMP_WHITELIST_CHANGED/u0} from uid 1000 pid 1137 for 1 receivers
09-02 11:14:56.139  1137  3060 D BroadcastQueue: Finished with ordered BroadcastRecord{46a46f9 com.motorola.bach.modemstats.time-on-rat/u0} took 12ms manifest receiver:0 manifest skipped: 0 total receiver:1
09-02 11:14:56.140  1137  3060 D BroadcastQueue: Receiver BroadcastFilter{624c297 10113/u0 ReceiverList{8b80916 2867 com.motorola.modemservice/10113/u0 remote:2506e31}} finished with BroadcastRecord{46a46f9 com.motorola.bach.modemstats.time-on-rat/u0} took 4ms
09-02 11:14:56.142  1137  1137 D PowerManagerServiceEx: isScreenOnBlockedLocked
09-02 11:14:56.157  1453  1773 D ImsManager: Carrier from property: teleu
09-02 11:14:56.158  1453  1773 D ImsManager: isEuReatailVersion:false,carrierOntim:teleu,SKU:XT2433-4
09-02 11:14:56.167  2867  3451 D Checkin : publish the event [tag = MOT_TIME_ON_RAT event name = TIME_SPEND_ON_RAT]
09-02 11:14:56.170  1137  3060 V AlarmManager: set(PendingIntent{27f59b5: PendingIntentRecord{91e6cf0 com.motorola.bach.modemstats broadcastIntent}}) : type=2 listener=null listenerTag=null workSource=null callingPackage=com.motorola.bach.modemstats callingUid=10113 triggerAtTime=631339341 win=0 tElapsed=631339341 maxElapsed=631339341 interval=0 flags=0x1
09-02 11:14:56.170  1137  3060 D AlarmManagerService: set alarm to kernel: 588158.160000000, type=2
09-02 11:14:56.171  1137  3060 D AlarmManagerService: set alarm to kernel: 588143.173000000, type=3
09-02 11:14:57.420  1137  1338 D RamBoostManagerService: closeSource for /proc/stat
09-02 11:14:57.421  1137  1338 D RamBoostManagerService: updateMotoSwapState: mIsTouching: false mIsScreenOff: false mCpuUsed: 4.1072903
09-02 11:14:57.421  1137  1338 E RamBoostManagerService: mCpuUsed: 4.1072903
09-02 11:14:57.462 20316 20316 D BoundBrokerSvc: onUnbind: Intent { act=com.google.android.gms.libs.gmscorelogger.service.START dat=chimera-action:/... cmp=com.google.android.gms/.chimera.PersistentDirectBootAwareApiService }
09-02 11:14:58.307  1137  1296 D WifiStaIfaceHidlImpl: getCachedScanData is not implemented by HIDL
09-02 11:14:58.313  1464  1464 D WifiSignalController: connected : true, level : 4, isDefault : true, inetCondition : 1, statusLabel : null
09-02 11:14:58.314  1464  1464 D StatusBarIconController: ignoring old pipeline callback because the new wifi icon is enabled
09-02 11:14:58.315  1464  1464 D StatusBarIconController: setIconVisibility: slot=wifi,visibility=true,tag=0
09-02 11:14:58.344  1464  2276 D BLASTBufferQueue: [VRI[StatusBar]#5](f:0,a:3) PendingRelease=2, PendingBuffersToHold=1, SyncedFrameNumbers=0, lacfnr:73482, lapfnr:73482
09-02 11:14:58.345  1464  2276 D BLASTBufferQueue: [VRI[StatusBar]#5](f:0,a:2) PendingRelease=1, PendingBuffersToHold=1, SyncedFrameNumbers=0, lacfnr:73482, lapfnr:73482
09-02 11:15:00.000  1137  1244 D AlarmManager: waitForAlarm result:8currentTime=1756797300000, elapsedRealtime=588143173
09-02 11:15:00.001  1137  1244 V AlarmManager: Received TIME_TICK alarm; rescheduling
09-02 11:15:00.001  1137  1244 V AlarmManager: set(null) : type=3 listener=com.android.server.alarm.AlarmManagerService$3@e9a82de listenerTag=TIME_TICK workSource=null callingPackage=android callingUid=1000 triggerAtTime=588203173 win=0 tElapsed=588203173 maxElapsed=588203173 interval=0 flags=0x9
09-02 11:15:00.002  1137  1244 D AlarmManagerService: set alarm to kernel: 588158.160000000, type=2
09-02 11:15:00.002  1137  1244 D AlarmManagerService: set alarm to kernel: 588155.337000000, type=3
09-02 11:15:00.002  1137  1137 V BroadcastQueue: Enqueuing BroadcastRecord{498c3bb android.intent.action.TIME_TICK/u-1} from uid 1000 pid 1137 for 3 receivers
09-02 11:15:00.004  1137  1244 D PowerManagerServiceEx: isScreenOnBlockedLocked
09-02 11:15:00.004  1137  1244 D AlarmManager: sending alarm.type = 3, action = null, alarm = Alarm{e5080d8 type 3 origWhen 588143173 whenElapsed 588143173 android}, cn = null, operation = null, listener=com.android.server.alarm.AlarmManagerService$3@e9a82de, listenerTag=TIME_TICK, workSource=null
09-02 11:15:00.005  1137  1244 D AlarmManagerService: set alarm to kernel: 588158.160000000, type=2
09-02 11:15:00.005  1137  1244 D AlarmManagerService: set alarm to kernel: 588155.337000000, type=3
09-02 11:15:00.006  1137  1137 D PowerManagerServiceEx: isScreenOnBlockedLocked
09-02 11:15:00.061  1464 14555 D BLASTBufferQueue: [VRI[StatusBar]#5](f:0,a:3) PendingRelease=2, PendingBuffersToHold=1, SyncedFrameNumbers=0, lacfnr:73483, lapfnr:73483
09-02 11:15:00.061  1464 14555 D BLASTBufferQueue: [VRI[StatusBar]#5](f:0,a:2) PendingRelease=1, PendingBuffersToHold=1, SyncedFrameNumbers=0, lacfnr:73483, lapfnr:73483
09-02 11:15:00.420  1137  1338 D RamBoostManagerService: closeSource for /proc/stat
09-02 11:15:00.421  1137  1338 D RamBoostManagerService: updateMotoSwapState: mIsTouching: false mIsScreenOff: false mCpuUsed: 4.1823506
09-02 11:15:00.421  1137  1338 E RamBoostManagerService: mCpuUsed: 4.1823506
09-02 11:15:01.179 23951 24297 I R47     : Exosip [eXconf.c-1245-A7] ,t24297,l5: keep alive: 10
09-02 11:15:01.180 23951 24297 I R47     : Exosip [eXconf.c-877-A7] ,t24297,l5: eXosip: Reseting timer to 10s before waking up!
09-02 11:15:01.328  1137  1296 D WifiStaIfaceHidlImpl: getCachedScanData is not implemented by HIDL
09-02 11:15:01.480  1137  1223 V BroadcastQueue: Enqueuing BroadcastRecord{912df16 android.os.action.POWER_SAVE_TEMP_WHITELIST_CHANGED/u0} from uid 1000 pid 1137 for 1 receivers
09-02 11:15:01.543   623   623 D enhanceHAL: sunlightRead: current ambient = 340
09-02 11:15:03.421  1137  1338 D RamBoostManagerService: closeSource for /proc/stat
09-02 11:15:03.422  1137  1338 D RamBoostManagerService: updateMotoSwapState: mIsTouching: false mIsScreenOff: false mCpuUsed: 3.5279274
09-02 11:15:03.422  1137  1338 E RamBoostManagerService: mCpuUsed: 3.5279274
09-02 11:15:03.904 23951 24463 I R47     : Exosip [eXconf.c-1245-A0] ,t24463,l5: keep alive: 0
09-02 11:15:03.905 23951 24463 I R47     : Exosip [eXconf.c-877-A0] ,t24463,l5: eXosip: Reseting timer to 10s before waking up!
09-02 11:15:04.352  1137  1296 D WifiStaIfaceHidlImpl: getCachedScanData is not implemented by HIDL
09-02 11:15:04.358  1464  1464 D WifiSignalController: connected : true, level : 4, isDefault : true, inetCondition : 1, statusLabel : null
09-02 11:15:04.359  1464  1464 D StatusBarIconController: ignoring old pipeline callback because the new wifi icon is enabled
09-02 11:15:04.359  1464  1464 D StatusBarIconController: setIconVisibility: slot=wifi,visibility=true,tag=0
09-02 11:15:04.395  1464  2244 D BLASTBufferQueue: [VRI[StatusBar]#5](f:0,a:3) PendingRelease=2, PendingBuffersToHold=1, SyncedFrameNumbers=0, lacfnr:73484, lapfnr:73484
09-02 11:15:04.395  1464  2244 D BLASTBufferQueue: [VRI[StatusBar]#5](f:0,a:2) PendingRelease=1, PendingBuffersToHold=1, SyncedFrameNumbers=0, lacfnr:73484, lapfnr:73484
09-02 11:15:06.143  1137  1223 W ProcessStats: Tracking association SourceState{dfd0119 com.android.phone/1001 Persist #397274} whose proc state 0 is better than process ProcessState{87b1b3a com.spreadtrum.ims/1001 pkg=com.spreadtrum.ims} proc state 5 (3 skipped)
09-02 11:15:06.145  1137  1223 V BroadcastQueue: Enqueuing BroadcastRecord{eb8d284 android.os.action.POWER_SAVE_TEMP_WHITELIST_CHANGED/u0} from uid 1000 pid 1137 for 1 receivers
09-02 11:15:06.420  1137  1338 D RamBoostManagerService: closeSource for /proc/stat
09-02 11:15:06.421  1137  1338 D RamBoostManagerService: updateMotoSwapState: mIsTouching: false mIsScreenOff: false mCpuUsed: 3.3599317
09-02 11:15:06.421  1137  1338 E RamBoostManagerService: mCpuUsed: 3.3599317
09-02 11:15:07.376  1137  1296 D WifiStaIfaceHidlImpl: getCachedScanData is not implemented by HIDL
09-02 11:15:07.384  1464  1464 D WifiSignalController: connected : true, level : 4, isDefault : true, inetCondition : 1, statusLabel : null
09-02 11:15:07.386  1464  1464 D StatusBarIconController: ignoring old pipeline callback because the new wifi icon is enabled
09-02 11:15:07.386  1464  1464 D StatusBarIconController: setIconVisibility: slot=wifi,visibility=true,tag=0
09-02 11:15:07.417  1464 14555 D BLASTBufferQueue: [VRI[StatusBar]#5](f:0,a:3) PendingRelease=2, PendingBuffersToHold=1, SyncedFrameNumbers=0, lacfnr:73485, lapfnr:73485
09-02 11:15:07.417  1464 14555 D BLASTBufferQueue: [VRI[StatusBar]#5](f:0,a:2) PendingRelease=1, PendingBuffersToHold=1, SyncedFrameNumbers=0, lacfnr:73485, lapfnr:73485
09-02 11:15:07.909  1137  1305 D ActivityManager: Skip enqueue broadcast because no receiver with Intent { act=android.net.conn.DATA_ACTIVITY_CHANGE flg=0x10 (has extras) }
09-02 11:15:09.420  1137  1338 D RamBoostManagerService: closeSource for /proc/stat
09-02 11:15:09.421  1137  1338 D RamBoostManagerService: updateMotoSwapState: mIsTouching: false mIsScreenOff: false mCpuUsed: 3.5234928
09-02 11:15:09.421  1137  1338 E RamBoostManagerService: mCpuUsed: 3.5234928
09-02 11:15:10.399  1137  1296 D WifiStaIfaceHidlImpl: getCachedScanData is not implemented by HIDL
09-02 11:15:11.180 23951 24297 I R47     : Exosip [eXconf.c-1245-A7] ,t24297,l5: keep alive: 10
09-02 11:15:11.181 23951 24297 I R47     : Exosip [eXconf.c-877-A7] ,t24297,l5: eXosip: Reseting timer to 10s before waking up!
09-02 11:15:12.164  1137  1244 D AlarmManager: waitForAlarm result:8currentTime=1756797312164, elapsedRealtime=588155337
09-02 11:15:12.165  1137  1137 W JobScheduler.JobStatus: Exempted app com.whoop.android considered buggy
09-02 11:15:12.166  1137  1244 D PowerManagerServiceEx: isScreenOnBlockedLocked
09-02 11:15:12.167  1137  1244 D AlarmManager: sending alarm.type = 3, action = null, alarm = Alarm{83292f0 type 3 origWhen 588133610 whenElapsed 588133610 android}, cn = null, operation = null, listener=android.app.AlarmManager$ListenerWrapper@59edda6, listenerTag=*job.delay*, workSource=WorkSource{10292 com.whoop.android}
09-02 11:15:12.167  1137  1244 D AlarmManager: sending alarm.type = 3, action = null, alarm = Alarm{bede069 type 3 origWhen 588145405 whenElapsed 588145405 android}, cn = null, operation = null, listener=android.app.AlarmManager$ListenerWrapper@37c74ac, listenerTag=*job.cleanup*, workSource=null
09-02 11:15:12.168  1137  1244 V BroadcastQueue: Enqueuing BroadcastRecord{8debaee com.android.server.powercontroller.CHECK_APPSTATE/u0} from uid 1000 pid -1 for 1 receivers
09-02 11:15:12.169  1137  1244 D AlarmManager: sending alarm.type = 3, action = com.android.server.powercontroller.CHECK_APPSTATE, alarm = Alarm{5de4b8f type 3 origWhen 588149600 whenElapsed 588149600 android}, cn = null, operation = PendingIntent{a80fbd3: PendingIntentRecord{dd7b310 android broadcastIntent}}, listener=null, listenerTag=null, workSource=null
09-02 11:15:12.170  1137  1244 D AlarmManager: sending alarm.type = 3, action = null, alarm = Alarm{a45ee1c type 3 origWhen 588151965 whenElapsed 588151965 android}, cn = null, operation = null, listener=android.app.AlarmManager$ListenerWrapper@6c27c4d, listenerTag=*CountQuotaTracker.cleanup*, workSource=null
09-02 11:15:12.170  1137  1244 D AlarmManagerService: set alarm to kernel: 588158.160000000, type=2
09-02 11:15:12.171  1137  1137 W JobScheduler.JobStatus: Exempted app com.whoop.android considered buggy
09-02 11:15:12.172  1137  1137 W JobScheduler.JobStatus: Exempted app com.whoop.android considered buggy
09-02 11:15:12.172  1137  1137 W JobScheduler.JobStatus: Exempted app com.whoop.android considered buggy
09-02 11:15:12.172  1137  1137 W JobScheduler.JobStatus: Exempted app com.whoop.android considered buggy
09-02 11:15:12.172  1137  1137 W JobScheduler.JobStatus: Exempted app com.whoop.android considered buggy
09-02 11:15:12.172  1137  1137 W JobScheduler.JobStatus: Exempted app com.whoop.android considered buggy
09-02 11:15:12.173  1137  1137 W JobScheduler.JobStatus: Exempted app com.whoop.android considered buggy
09-02 11:15:12.173  1137  1137 W JobScheduler.JobStatus: Exempted app com.whoop.android considered buggy
09-02 11:15:12.173  1137  1137 W JobScheduler.JobStatus: Exempted app com.whoop.android considered buggy
09-02 11:15:12.173  1137  1137 W JobScheduler.JobStatus: Exempted app com.whoop.android considered buggy
09-02 11:15:12.173  1137  1137 W JobScheduler.JobStatus: Exempted app com.whoop.android considered buggy
09-02 11:15:12.173  1137  1137 W JobScheduler.JobStatus: Exempted app com.whoop.android considered buggy
09-02 11:15:12.174  1137  1137 W JobScheduler.JobStatus: Exempted app com.whoop.android considered buggy
09-02 11:15:12.175  1137  1137 W JobScheduler.JobStatus: Exempted app com.whoop.android considered buggy
09-02 11:15:12.177  1137  1137 W JobScheduler.JobStatus: Exempted app com.whoop.android considered buggy
09-02 11:15:12.177  1137  1137 W JobScheduler.JobStatus: Exempted app com.whoop.android considered buggy
09-02 11:15:12.178  1137  1137 V AlarmManager: set(null) : type=3 listener=android.app.AlarmManager$ListenerWrapper@59edda6 listenerTag=*job.delay* workSource=WorkSource{10192 com.android.vending} callingPackage=android callingUid=1000 triggerAtTime=588272181 win=87622 tElapsed=588272181 maxElapsed=588359803 interval=0 flags=0x0
09-02 11:15:12.178  1137  1137 D AlarmManagerService: set alarm to kernel: 588158.160000000, type=2
09-02 11:15:12.180  1137  1223 V AlarmManager: set(null) : type=3 listener=android.app.AlarmManager$ListenerWrapper@37c74ac listenerTag=*job.cleanup* workSource=null callingPackage=android callingUid=1000 triggerAtTime=588745405 win=442539 tElapsed=588745405 maxElapsed=589187944 interval=0 flags=0x8
09-02 11:15:12.180  1137  1223 D AlarmManagerService: set alarm to kernel: 588158.160000000, type=2
09-02 11:15:12.181  1137  1137 D BroadcastQueue: Receiver BroadcastFilter{dfa7442 1000/u0 ReceiverList{8b21a8d 1137 system/1000/u0 local:f008f24}} finished with BroadcastRecord{8debaee com.android.server.powercontroller.CHECK_APPSTATE/u0} took 10ms
09-02 11:15:12.181  1137  1223 W JobScheduler.JobStatus: Exempted app com.whoop.android considered buggy
09-02 11:15:12.182  1137  1223 W JobScheduler.JobStatus: Exempted app com.whoop.android considered buggy
09-02 11:15:12.182  1137  1223 W JobScheduler.JobStatus: Exempted app com.whoop.android considered buggy
09-02 11:15:12.183  1137  1223 W JobScheduler.JobStatus: Exempted app com.whoop.android considered buggy
09-02 11:15:12.183  1137  1137 D PowerManagerServiceEx: isScreenOnBlockedLocked
09-02 11:15:12.184  1137  1159 V AlarmManager: set(null) : type=3 listener=android.app.AlarmManager$ListenerWrapper@6c27c4d listenerTag=*CountQuotaTracker.cleanup* workSource=null callingPackage=android callingUid=1000 triggerAtTime=588894757 win=554551 tElapsed=588894757 maxElapsed=589449308 interval=0 flags=0x8
09-02 11:15:12.184  1137  1159 D AlarmManagerService: set alarm to kernel: 588158.160000000, type=2
09-02 11:15:12.185  1137  1223 D PowerManagerServiceEx: isScreenOnBlockedLocked
09-02 11:15:12.187  1137  1868 V AlarmManager: set(PendingIntent{a80fbd3: PendingIntentRecord{dd7b310 android broadcastIntent}}) : type=3 listener=null listenerTag=null workSource=null callingPackage=android callingUid=1000 triggerAtTime=588455357 win=225000 tElapsed=588455357 maxElapsed=588680357 interval=0 flags=0x8
09-02 11:15:12.188  1137  1868 D AlarmManagerService: set alarm to kernel: 588158.160000000, type=2
09-02 11:15:12.189  1137  1223 D PowerManagerServiceEx: isScreenOnBlockedLocked
09-02 11:15:12.194  1137  1223 D ActivityManager: sync unfroze 22278 com.google.android.apps.wellbeing for 6
09-02 11:15:12.197  1137  1223 D PowerManagerServiceEx: isScreenOnBlockedLocked
09-02 11:15:12.198  1137  1223 D PowerManagerServiceEx: isScreenOnBlockedLocked
09-02 11:15:12.200  1137  1223 D PowerManagerServiceEx: isScreenOnBlockedLocked
09-02 11:15:12.207  1137  1223 D ActivityManager: sync unfroze 22823 com.google.android.googlequicksearchbox:search for 6
09-02 11:15:12.212 22823 22860 D WM-DelayedWorkTracker: Scheduling work a8d01beb-6521-4ca2-83a8-f14be768262e
09-02 11:15:12.213  1137  1223 D PowerManagerServiceEx: isScreenOnBlockedLocked
09-02 11:15:12.215 22823 22860 D WM-GreedyScheduler: Starting work for a8d01beb-6521-4ca2-83a8-f14be768262e
09-02 11:15:12.215  1137  1223 D PowerManagerServiceEx: isScreenOnBlockedLocked
09-02 11:15:12.218  1137  1223 D PowerManagerServiceEx: isScreenOnBlockedLocked
09-02 11:15:12.229  1137  1223 D ActivityManager: sync unfroze 23383 com.google.android.gm for 6
09-02 11:15:12.235  1137  1223 D PowerManagerServiceEx: isScreenOnBlockedLocked
09-02 11:15:12.236  1137  1223 D PowerManagerServiceEx: isScreenOnBlockedLocked
09-02 11:15:12.239 22823 22859 D WM-Processor: mgz: processing WorkGenerationalId(workSpecId=a8d01beb-6521-4ca2-83a8-f14be768262e, generation=0)
09-02 11:15:12.241  1137  1223 D PowerManagerServiceEx: isScreenOnBlockedLocked
09-02 11:15:12.242  1137  1305 D ActivityManager: Skip enqueue broadcast because no receiver with Intent { act=android.net.conn.DATA_ACTIVITY_CHANGE flg=0x10 (has extras) }
09-02 11:15:12.244  1137  1223 D PowerManagerServiceEx: isScreenOnBlockedLocked
09-02 11:15:12.245 22823 22823 D WM-SystemJobService: onStartJob for WorkGenerationalId(workSpecId=a8d01beb-6521-4ca2-83a8-f14be768262e, generation=0)
09-02 11:15:12.252 22823 22823 D WM-WorkerWrapper: Starting work for com.google.apps.tiktok.contrib.work.TikTokListenableWorker
09-02 11:15:12.252 22823 22823 D WM-ListenableWorkerImpl: Binding to com.google.android.googlequicksearchbox, com.google.android.libraries.search.integrations.tiktok.RemoteWorkerService_googleapp
09-02 11:15:12.253 22823 22859 D WM-Processor: Work WorkGenerationalId(workSpecId=a8d01beb-6521-4ca2-83a8-f14be768262e, generation=0) is already enqueued for processing
09-02 11:15:12.257 22823 22823 D WM-ListenableWorkerImpl: Service connected
09-02 11:15:12.259  1558  3605 D WM-ListenableWorkerImpl: Executing work request (a8d01beb-6521-4ca2-83a8-f14be768262e, com.google.apps.tiktok.contrib.work.TikTokListenableWorker)
09-02 11:15:12.282 23383 23405 W agrm    : No input data for worker key null for task with tags: [com.google.android.libraries.notifications.platform.entrypoints.job.GnpWorker, GNP_SDK_JOB]
09-02 11:15:12.290 22823 22863 D RemoteListenableDelegatingWorker: Cleaning up
09-02 11:15:12.295 22823 22863 I WM-WorkerWrapper: Worker result SUCCESS for Work [ id=a8d01beb-6521-4ca2-83a8-f14be768262e, tags={ com.google.apps.tiktok.contrib.work.TikTokListenableWorker,TikTokWorker#com.google.android.libraries.search.integrations.notifications.registration.workers.PeriodicChimeRegistrationWorker } ]
09-02 11:15:12.301 22278 22326 D CompatibilityChangeReporter: Compat change id reported: 263076149; UID 10191; state: ENABLED
09-02 11:15:12.301 22823 22823 D WM-Processor: mgz a8d01beb-6521-4ca2-83a8-f14be768262e executed; reschedule = false
09-02 11:15:12.301 22823 22823 D WM-SystemJobService: a8d01beb-6521-4ca2-83a8-f14be768262e executed on JobScheduler
09-02 11:15:12.302  1137  1317 D PowerManagerServiceEx: isScreenOnBlockedLocked
09-02 11:15:12.306  1137  1317 D PowerManagerServiceEx: isScreenOnBlockedLocked
09-02 11:15:12.309  1137  1317 D PowerManagerServiceEx: isScreenOnBlockedLocked
09-02 11:15:12.312  1137  1317 D CompatibilityChangeReporter: Compat change id reported: 135634846; UID 10177; state: DISABLED
09-02 11:15:12.312  1137  1317 D CompatibilityChangeReporter: Compat change id reported: 177438394; UID 10177; state: DISABLED
09-02 11:15:12.312  1137  1317 D CompatibilityChangeReporter: Compat change id reported: 135772972; UID 10177; state: DISABLED
09-02 11:15:12.312  1137  1317 D CompatibilityChangeReporter: Compat change id reported: 135754954; UID 10177; state: ENABLED
09-02 11:15:12.313  1137  1172 D CompatibilityChangeReporter: Compat change id reported: 143937733; UID 10177; state: ENABLED
09-02 11:15:12.314  1137  1317 D PowerManagerServiceEx: isScreenOnBlockedLocked
09-02 11:15:12.322 22823 22863 D WM-GreedyScheduler: Cancelling work ID a8d01beb-6521-4ca2-83a8-f14be768262e
09-02 11:15:12.323   599   599 D Zygote  : Forked child process 24523
09-02 11:15:12.324  1137  1172 I ActivityManager: Start proc 24523:com.google.android.dialer/u0a177 for service {com.google.android.dialer/androidx.work.impl.background.systemjob.SystemJobService}
09-02 11:15:12.332  1558 24516 W GnpSdk  : Failed to get android ID.
09-02 11:15:12.335 24523 24523 I .android.dialer: Using CollectorTypeCMC GC.
09-02 11:15:12.337 22278 22324 I WM-WorkerWrapper: Worker result SUCCESS for Work [ id=b5bf87b3-184f-4627-bb1e-6a63b849b320, tags={ com.google.apps.tiktok.contrib.work.TikTokListenableWorker,TikTokWorker#com.google.android.apps.wellbeing.widget.WidgetFlagCheckWorker } ]
09-02 11:15:12.341  5225  5230 I adbd    : jdwp connection from 24523
09-02 11:15:12.342  1137  1317 D PowerManagerServiceEx: isScreenOnBlockedLocked
09-02 11:15:12.343 24523 24523 D nativeloader: Load libframework-connectivity-tiramisu-jni.so using APEX ns com_android_tethering for caller /apex/com.android.tethering/javalib/framework-connectivity-t.jar: ok
09-02 11:15:12.346  1137  1317 D PowerManagerServiceEx: isScreenOnBlockedLocked
09-02 11:15:12.347 22823 22863 D WM-SystemJobScheduler: Scheduling work ID a8d01beb-6521-4ca2-83a8-f14be768262eJob ID 22637
09-02 11:15:12.347  1137  1317 D PowerManagerServiceEx: isScreenOnBlockedLocked
09-02 11:15:12.349  1137  1317 D PowerManagerServiceEx: isScreenOnBlockedLocked
09-02 11:15:12.353  1137  5797 D CompatibilityChangeReporter: Compat change id reported: 168419799; UID 10177; state: DISABLED
09-02 11:15:12.353  1137  5797 D CompatibilityChangeReporter: Compat change id reported: 273564678; UID 10177; state: DISABLED
09-02 11:15:12.354 22823 22863 D WM-GreedyScheduler: Ignoring {WorkSpec: 5308e4f1-7f85-4c88-9320-dc3363bc1d75}. Requires device idle.
09-02 11:15:12.355  1137  1223 D CompatibilityChangeReporter: Compat change id reported: 265195908; UID 10177; state: ENABLED
09-02 11:15:12.359 22278 22324 D CompatibilityChangeReporter: Compat change id reported: 194532703; UID 10191; state: ENABLED
09-02 11:15:12.359 24523 24523 D CompatibilityChangeReporter: Compat change id reported: 171979766; UID 10177; state: ENABLED
09-02 11:15:12.359 24523 24523 D CompatibilityChangeReporter: Compat change id reported: 242716250; UID 10177; state: ENABLED
09-02 11:15:12.360 24523 24523 D Typeface-FontSettings: initFontDefault defaultFontFamily -> RookeryNew-Regular
09-02 11:15:12.360 22278 22324 D CompatibilityChangeReporter: Compat change id reported: 253665015; UID 10191; state: ENABLED
09-02 11:15:12.360   954   982 E SLOGCP  : data_rate_stat: agdsp rate: total size(MB)=0.000000; per second(bytes)=0.000000, drop_cnt_=0, drop_data_size_=0, pollin event times=0.
09-02 11:15:12.361  1137  5797 D CompatibilityChangeReporter: Compat change id reported: 253665015; UID 10191; state: ENABLED
09-02 11:15:12.361  1137  5797 D CompatibilityChangeReporter: Compat change id reported: 194532703; UID 10191; state: ENABLED
09-02 11:15:12.364  1137  1914 D CompatibilityChangeReporter: Compat change id reported: 170503758; UID 10177; state: ENABLED
09-02 11:15:12.367 24523 24523 D nativeloader: InitLlndkLibrariesProduct: libEGL.so:libGLESv1_CM.so:libGLESv2.so:libGLESv3.so:libRS.so:libandroid_net.so:libbinder_ndk.so:libc.so:libcgrouprc.so:libclang_rt.asan-aarch64-android.so:libclang_rt.asan-arm-android.so:libclang_rt.hwasan-aarch64-android.so:libcom.android.tethering.connectivity_native.so:libdl.so:libft2.so:liblog.so:libm.so:libmediandk.so:libnativewindow.so:libneuralnetworks.so:libselinux.so:libsync.so:libvndksupport.so:libvulkan.so
09-02 11:15:12.367 24523 24523 D nativeloader: Configuring product-clns-4 for unbundled product apk /product/framework/com.google.android.dialer.support.jar. target_sdk_version=36, uses_libraries=ALL, library_path=/data/app/~~EiJHE5q9Y4LbWF5XXbPj9g==/com.google.android.dialer-1XKA9IHtjvgYfJ-y6ecKiw==/lib/arm64:/data/app/~~EiJHE5q9Y4LbWF5XXbPj9g==/com.google.android.dialer-1XKA9IHtjvgYfJ-y6ecKiw==/base.apk!/lib/arm64-v8a:/product/lib64:/system/product/lib64, permitted_path=/data:/mnt/expand:/data/user/0/com.google.android.dialer:/product/lib64:/system/product/lib64
09-02 11:15:12.368 24523 24523 D nativeloader: InitVndkspLibrariesProduct: android.hardware.common-V2-ndk.so:android.hardware.common.fmq-V1-ndk.so:android.hardware.graphics.allocator-V2-ndk.so:android.hardware.graphics.common-V4-ndk.so:android.hardware.graphics.common@1.0.so:android.hardware.graphics.common@1.1.so:android.hardware.graphics.common@1.2.so:android.hardware.graphics.composer3-V1-ndk.so:android.hardware.graphics.mapper@2.0.so:android.hardware.graphics.mapper@2.1.so:android.hardware.graphics.mapper@3.0.so:android.hardware.graphics.mapper@4.0.so:android.hardware.renderscript@1.0.so:android.hidl.memory.token@1.0.so:android.hidl.memory@1.0-impl.so:android.hidl.memory@1.0.so:android.hidl.safe_union@1.0.so:libRSCpuRef.so:libRSDriver.so:libRS_internal.so:libbase.so:libbcinfo.so:libblas.so:libc++.so:libcompiler_rt.so:libcutils.so:libdmabufheap.so:libgralloctypes.so:libhardware.so:libhidlbase.so:libhidlmemory.so:libion.so:libjsoncpp.so:liblzma.so:libprocessgroup.so:libunwindstack.so:libutils.so:libutilscallstack.so:libz.so
09-02 11:15:12.371 24523 24523 D nativeloader: Configuring clns-5 for other apk /system/framework/org.apache.http.legacy.jar. target_sdk_version=36, uses_libraries=ALL, library_path=/data/app/~~EiJHE5q9Y4LbWF5XXbPj9g==/com.google.android.dialer-1XKA9IHtjvgYfJ-y6ecKiw==/lib/arm64:/data/app/~~EiJHE5q9Y4LbWF5XXbPj9g==/com.google.android.dialer-1XKA9IHtjvgYfJ-y6ecKiw==/base.apk!/lib/arm64-v8a, permitted_path=/data:/mnt/expand:/data/user/0/com.google.android.dialer
09-02 11:15:12.420  1137  1338 D RamBoostManagerService: closeSource for /proc/stat
09-02 11:15:12.420  1137  1338 D RamBoostManagerService: updateMotoSwapState: mIsTouching: false mIsScreenOff: false mCpuUsed: 8.200836
09-02 11:15:12.420  1137  1338 E RamBoostManagerService: mCpuUsed: 8.200836
09-02 11:15:12.470 24523 24523 D nativeloader: Configuring clns-6 for other apk /data/app/~~EiJHE5q9Y4LbWF5XXbPj9g==/com.google.android.dialer-1XKA9IHtjvgYfJ-y6ecKiw==/base.apk. target_sdk_version=36, uses_libraries=, library_path=/data/app/~~EiJHE5q9Y4LbWF5XXbPj9g==/com.google.android.dialer-1XKA9IHtjvgYfJ-y6ecKiw==/lib/arm64:/data/app/~~EiJHE5q9Y4LbWF5XXbPj9g==/com.google.android.dialer-1XKA9IHtjvgYfJ-y6ecKiw==/base.apk!/lib/arm64-v8a, permitted_path=/data:/mnt/expand:/data/user/0/com.google.android.dialer
09-02 11:15:12.477 24523 24523 D nativeloader: Load libframework-connectivity-jni.so using APEX ns com_android_tethering for caller /apex/com.android.tethering/javalib/framework-connectivity.jar: ok
09-02 11:15:12.479 24523 24523 V GraphicsEnvironment: Currently set values for:
09-02 11:15:12.479 24523 24523 V GraphicsEnvironment:   angle_gl_driver_selection_pkgs=[]
09-02 11:15:12.479 24523 24523 V GraphicsEnvironment:   angle_gl_driver_selection_values=[]
09-02 11:15:12.479 24523 24523 V GraphicsEnvironment: ANGLE GameManagerService for com.google.android.dialer: false
09-02 11:15:12.479 24523 24523 V GraphicsEnvironment: com.google.android.dialer is not listed in per-application setting
09-02 11:15:12.479 24523 24523 V GraphicsEnvironment: Neither updatable production driver nor prerelease driver is supported.
09-02 11:15:12.483 24523 24523 I MultiDex: VM with version 2.1.0 has multidex support
09-02 11:15:12.483 24523 24523 I MultiDex: Installing application
09-02 11:15:12.483 24523 24523 I MultiDex: VM has multidex support, MultiDex support library is disabled.
09-02 11:15:12.524  1137  1317 D CompatibilityChangeReporter: Compat change id reported: 261072174; UID 10177; state: ENABLED
09-02 11:15:12.526 24523 24523 I DialerAtlasPixelTipsContentProvider: com.android.incallui.atlas.ui.impl.pixeltipsintegration.AtlasPixelTipsContentProvider.onCreate:40 enter
09-02 11:15:12.527 24523 24523 I DialerRevelioTipsContentProvider: com.android.dialer.revelio.impl.RevelioTipsContentProvider.onCreate:32 enter
09-02 11:15:12.527 24523 24523 I DialerTidepodsRevelioTipsContentProvider: com.android.dialer.revelio.impl.tidepods.impl.TidepodsRevelioTipsContentProvider.onCreate:42 enter
09-02 11:15:12.527 24523 24523 I DialerDialerBaseApplication: com.android.dialer.DialerBaseApplication.onCreate:22 onCreate
09-02 11:15:12.537 24523 24523 I aakl    : SslGuard completed installation.
09-02 11:15:12.544  1137  3060 D CompatibilityChangeReporter: Compat change id reported: 183407956; UID 10177; state: ENABLED
09-02 11:15:12.545 24523 24556 I DialerLocaleProvider: com.android.dialer.callrecording.impl.localeprovider.LocaleProvider.getNetworkCountryMatchesSimCountryInternal:192 NetworkCountryCode: AE, SimCountryIso: AE
09-02 11:15:12.546 24523 24556 I DialerLegacyCountryDetector: com.android.dialer.location.LegacyCountryDetector.getCurrentPhysicalCountryIso:143 returning Redacted-2-chars
09-02 11:15:12.546 24523 24556 I DialerLocaleProvider: com.android.dialer.callrecording.impl.localeprovider.LocaleProvider.getSupportedLocaleFromCountryCode:203 checking whether country AE is supported by builtInAudio for start/end audio
09-02 11:15:12.546 24523 24556 I DialerLocaleProvider: com.android.dialer.callrecording.impl.localeprovider.LocaleProvider.getSupportedLocaleFromCountryCode:239 country AE start/end audio supported by builtInAudio
09-02 11:15:12.547 24523 24556 I DialerCanRecord: com.android.dialer.callrecording.impl.canrecord.CanRecord.forceOverrideDeviceModel:136 Device manila matches ForceEnableDeviceModels false
09-02 11:15:12.547 24523 24556 I DialerCanRecord: com.android.dialer.callrecording.impl.canrecord.CanRecord.canRecordCall:104 Call recording is enabled by call_recording_audio system feature
09-02 11:15:12.547 24523 24556 I DialerCallRecordingStartupListener: com.android.dialer.callrecording.startup.CallRecordingStartupListener.onApplicationStartup:68 prewarming TTS
09-02 11:15:12.547 24523 24556 I DialerLocaleProvider: com.android.dialer.callrecording.impl.localeprovider.LocaleProvider.getCurrentLocaleForBuiltInAudioFile:165 checking built in audio file locale
09-02 11:15:12.548 24523 24523 I DialerInternalSemanticEventLoggerImpl: com.android.dialer.cui.impl.InternalSemanticEventLoggerImpl.handleEvent:147 CUI event: APP_ON_CREATE; uniqueCallId: null
09-02 11:15:12.548 24523 24556 I DialerLegacyCountryDetector: com.android.dialer.location.LegacyCountryDetector.getCurrentPhysicalCountryIso:143 returning Redacted-2-chars
09-02 11:15:12.548 24523 24556 I DialerLocaleProvider: com.android.dialer.callrecording.impl.localeprovider.LocaleProvider.getSupportedLocaleFromCountryCode:203 checking whether country AE is supported by builtInAudio for start/end audio
09-02 11:15:12.548 24523 24556 I DialerLocaleProvider: com.android.dialer.callrecording.impl.localeprovider.LocaleProvider.getSupportedLocaleFromCountryCode:239 country AE start/end audio supported by builtInAudio
09-02 11:15:12.548 24523 24556 I DialerTtsPreWarm: com.android.dialer.callrecording.impl.ttsprewarm.TtsPreWarm.prewarmTtsInBackground:65 use built in audio file
