09-02 11:15:13.140 20316 24570 W PhBaseOp:      at java.util.concurrent.ThreadPoolExecutor$Worker.run(ThreadPoolExecutor.java:651)
09-02 11:15:13.140 20316 24570 W PhBaseOp:      at bbrh.run(:com.google.android.gms@253434029@25.34.34 (190400-800653487):8)
09-02 11:15:13.140 20316 24570 W PhBaseOp:      at java.lang.Thread.run(Thread.java:1119)
09-02 11:15:13.140 20316 24570 W AsyncOperation: operation=CommitToConfigurationOperationCall, opStatusCode=29543 [CONTEXT service_id=51 ]
09-02 11:15:13.140 20316 24570 W AsyncOperation: OperationException[Status{statusCode=Stale snapshot for com.google.apps.dynamite#com.google.android.gm_Hub(new configuration available), resolution=null}]
09-02 11:15:13.140 20316 24570 W AsyncOperation:        at eiqt.h(:com.google.android.gms@253434029@25.34.34 (190400-800653487):65)
09-02 11:15:13.140 20316 24570 W AsyncOperation:        at eiqt.f(:com.google.android.gms@253434029@25.34.34 (190400-800653487):17)
09-02 11:15:13.140 20316 24570 W AsyncOperation:        at cjtm.fA(:com.google.android.gms@253434029@25.34.34 (190400-800653487):1)
09-02 11:15:13.140 20316 24570 W AsyncOperation:        at cjtq.run(:com.google.android.gms@253434029@25.34.34 (190400-800653487):128)
09-02 11:15:13.140 20316 24570 W AsyncOperation:        at gdrw.run(:com.google.android.gms@253434029@25.34.34 (190400-800653487):21)
09-02 11:15:13.140 20316 24570 W AsyncOperation:        at bblo.c(:com.google.android.gms@253434029@25.34.34 (190400-800653487):50)
09-02 11:15:13.140 20316 24570 W AsyncOperation:        at bblo.run(:com.google.android.gms@253434029@25.34.34 (190400-800653487):70)
09-02 11:15:13.140 20316 24570 W AsyncOperation:        at java.util.concurrent.ThreadPoolExecutor.runWorker(ThreadPoolExecutor.java:1156)
09-02 11:15:13.140 20316 24570 W AsyncOperation:        at java.util.concurrent.ThreadPoolExecutor$Worker.run(ThreadPoolExecutor.java:651)
09-02 11:15:13.140 20316 24570 W AsyncOperation:        at bbrh.run(:com.google.android.gms@253434029@25.34.34 (190400-800653487):8)
09-02 11:15:13.140 20316 24570 W AsyncOperation:        at java.lang.Thread.run(Thread.java:1119)
09-02 11:15:13.141 24523 24523 D WM-Processor: fzi c06822e6-6716-441b-9637-7a568c55f3c7 executed; reschedule = false
09-02 11:15:13.141 24523 24523 D WM-SystemJobService: c06822e6-6716-441b-9637-7a568c55f3c7 executed on JobScheduler
09-02 11:15:13.141 24523 24523 D WM-GreedyScheduler: Stopping tracking for WorkGenerationalId(workSpecId=c06822e6-6716-441b-9637-7a568c55f3c7, generation=0)
09-02 11:15:13.141 20316 24570 W PhBaseOp: Phenotype API error. Event: # hlsf@54e34688, EventCode: COMMIT_CONFIG [CONTEXT service_id=51 ]
09-02 11:15:13.141 20316 24570 W PhBaseOp: eipa: 29543: Stale snapshot for com.google.apps.dynamite#com.google.android.gm_Hub(new configuration available)
09-02 11:15:13.141 20316 24570 W PhBaseOp:      at eiqy.d(:com.google.android.gms@253434029@25.34.34 (190400-800653487):362)
09-02 11:15:13.141 20316 24570 W PhBaseOp:      at eiqy.b(:com.google.android.gms@253434029@25.34.34 (190400-800653487):43)
09-02 11:15:13.141 20316 24570 W PhBaseOp:      at eiqx.i(:com.google.android.gms@253434029@25.34.34 (190400-800653487):3)
09-02 11:15:13.141 20316 24570 W PhBaseOp:      at eiqt.h(:com.google.android.gms@253434029@25.34.34 (190400-800653487):35)
09-02 11:15:13.141 20316 24570 W PhBaseOp:      at eiqt.f(:com.google.android.gms@253434029@25.34.34 (190400-800653487):17)
09-02 11:15:13.141 20316 24570 W PhBaseOp:      at cjtm.fA(:com.google.android.gms@253434029@25.34.34 (190400-800653487):1)
09-02 11:15:13.141 20316 24570 W PhBaseOp:      at cjtq.run(:com.google.android.gms@253434029@25.34.34 (190400-800653487):128)
09-02 11:15:13.141 20316 24570 W PhBaseOp:      at gdrw.run(:com.google.android.gms@253434029@25.34.34 (190400-800653487):21)
09-02 11:15:13.141 20316 24570 W PhBaseOp:      at bblo.c(:com.google.android.gms@253434029@25.34.34 (190400-800653487):50)
09-02 11:15:13.141 20316 24570 W PhBaseOp:      at bblo.run(:com.google.android.gms@253434029@25.34.34 (190400-800653487):70)
09-02 11:15:13.141 20316 24570 W PhBaseOp:      at java.util.concurrent.ThreadPoolExecutor.runWorker(ThreadPoolExecutor.java:1156)
09-02 11:15:13.141 20316 24570 W PhBaseOp:      at java.util.concurrent.ThreadPoolExecutor$Worker.run(ThreadPoolExecutor.java:651)
09-02 11:15:13.141 20316 24570 W PhBaseOp:      at bbrh.run(:com.google.android.gms@253434029@25.34.34 (190400-800653487):8)
09-02 11:15:13.141 20316 24570 W PhBaseOp:      at java.lang.Thread.run(Thread.java:1119)
09-02 11:15:13.141 20316 24570 W AsyncOperation: operation=CommitToConfigurationOperationCall, opStatusCode=29543 [CONTEXT service_id=51 ]
09-02 11:15:13.141 20316 24570 W AsyncOperation: OperationException[Status{statusCode=Stale snapshot for com.google.apps.dynamite#com.google.android.gm_Hub(new configuration available), resolution=null}]
09-02 11:15:13.141 20316 24570 W AsyncOperation:        at eiqt.h(:com.google.android.gms@253434029@25.34.34 (190400-800653487):65)
09-02 11:15:13.141 20316 24570 W AsyncOperation:        at eiqt.f(:com.google.android.gms@253434029@25.34.34 (190400-800653487):17)
09-02 11:15:13.141 20316 24570 W AsyncOperation:        at cjtm.fA(:com.google.android.gms@253434029@25.34.34 (190400-800653487):1)
09-02 11:15:13.141 20316 24570 W AsyncOperation:        at cjtq.run(:com.google.android.gms@253434029@25.34.34 (190400-800653487):128)
09-02 11:15:13.141 20316 24570 W AsyncOperation:        at gdrw.run(:com.google.android.gms@253434029@25.34.34 (190400-800653487):21)
09-02 11:15:13.141 20316 24570 W AsyncOperation:        at bblo.c(:com.google.android.gms@253434029@25.34.34 (190400-800653487):50)
09-02 11:15:13.141 20316 24570 W AsyncOperation:        at bblo.run(:com.google.android.gms@253434029@25.34.34 (190400-800653487):70)
09-02 11:15:13.141 20316 24570 W AsyncOperation:        at java.util.concurrent.ThreadPoolExecutor.runWorker(ThreadPoolExecutor.java:1156)
09-02 11:15:13.141 20316 24570 W AsyncOperation:        at java.util.concurrent.ThreadPoolExecutor$Worker.run(ThreadPoolExecutor.java:651)
09-02 11:15:13.141 20316 24570 W AsyncOperation:        at bbrh.run(:com.google.android.gms@253434029@25.34.34 (190400-800653487):8)
09-02 11:15:13.141 20316 24570 W AsyncOperation:        at java.lang.Thread.run(Thread.java:1119)
09-02 11:15:13.144  1137  1317 D PowerManagerServiceEx: isScreenOnBlockedLocked
09-02 11:15:13.148 24523 24566 D WM-GreedyScheduler: Cancelling work ID c06822e6-6716-441b-9637-7a568c55f3c7
09-02 11:15:13.149 17752 23313 E ActivityThread: Failed to find provider info for gmail-ofls
09-02 11:15:13.156 17752 17752 D BoundBrokerSvc: onBind: Intent { act=com.google.android.gms.checkin.START pkg=com.google.android.gms }
09-02 11:15:13.156 17752 17752 D BoundBrokerSvc: Loading bound service for intent: Intent { act=com.google.android.gms.checkin.START pkg=com.google.android.gms }
09-02 11:15:13.157  1137  1317 D PowerManagerServiceEx: isScreenOnBlockedLocked
09-02 11:15:13.158  1137  1869 D PowerController.RecogA: packageName:com.google.android.gms mFgEvent:SYSTEM_INTERACTION mLastTimeFgEventChanged:588156330 mLastLaunchTime:162626236 mProcState:PROCESS_STATE_CACHED_EMPTY mLastTimeProcStateChanged:0 mNotificationState:0 mLastTimeNotificationStateChanged:0 mAudioState:0 mLastTimeAudioStateChanged:0 mRequestGps:true mAvoidConstraintGps:false mBehaviorType:0 mScreenOn:true mLastTimeScreenStateChanged:586025287 mLastBgTime:162626265 mFgDuration:2889 mAudioDuration:0 mBgAudioDuration:0 mHasNoClearNotificationWhenNavi:false
09-02 11:15:13.160 17752 23313 E ActivityThread: Failed to find provider info for gmail-ofls
09-02 11:15:13.160 17752 18062 I Checkin : [CheckinApiChimeraService] onGetService
09-02 11:15:13.161 24523 24566 D WM-SystemJobScheduler: Scheduling work ID ed20921c-f3e2-4517-b716-e2b797456fd2Job ID 3215
09-02 11:15:13.162 24523 24566 D WM-GreedyScheduler: Ignoring {WorkSpec: f97ed6eb-1500-416e-8aa9-2d671ae66f7f}. Requires device idle.
09-02 11:15:13.162 24523 24566 D WM-GreedyScheduler: Ignoring {WorkSpec: 394eb78b-64ed-4a09-818a-2cb166099f21}. Requires device idle.
09-02 11:15:13.162 24523 24566 D WM-GreedyScheduler: Ignoring {WorkSpec: 510e2a80-2dc0-4da6-9c6d-9f5ef8277d58}. Requires device idle.
09-02 11:15:13.162 24523 24566 D WM-GreedyScheduler: Ignoring {WorkSpec: f2a96fde-46a6-45af-8257-6f708d8f71ee}. Requires device idle.
09-02 11:15:13.162 24523 24566 D WM-GreedyScheduler: Ignoring {WorkSpec: 96688321-e581-458b-b433-1670b3a1144f}. Requires device idle.
09-02 11:15:13.162 24523 24566 D WM-GreedyScheduler: Ignoring {WorkSpec: 9ac2e728-1d39-427e-961e-14e650df1b1d}. Requires device idle.
09-02 11:15:13.163 24523 24553 D WM-BrdcstRcvrCnstrntTrc: gcf: unregistering receiver
09-02 11:15:13.164 17752 23313 E ActivityThread: Failed to find provider info for gmail-ofls
09-02 11:15:13.168 17752 23313 E ActivityThread: Failed to find provider info for gmail-ofls
09-02 11:15:13.168 24523 24606 I DialerSystemBlockedNumberPhoneLookupContributor: com.android.dialer.phonelookup.blockednumber.SystemBlockedNumberPhoneLookupContributor.getMostRecentInfo:106 getMostRecentInfo
09-02 11:15:13.172 17752 23313 E ActivityThread: Failed to find provider info for gmail-ofls
09-02 11:15:13.175 17752 23313 E ActivityThread: Failed to find provider info for gmail-ofls
09-02 11:15:13.179 24523 24553 D WM-Processor: Processor cancelling 2763e9ba-7d4b-438a-992d-5b697de520c0
09-02 11:15:13.179 24523 24553 D WM-Processor: WorkerWrapper could not be found for 2763e9ba-7d4b-438a-992d-5b697de520c0
09-02 11:15:13.181 20316 24570 W PhBaseOp: Phenotype API error. Event: # hlsf@18503a7f, EventCode: COMMIT_CONFIG [CONTEXT service_id=51 ]
09-02 11:15:13.181 20316 24570 W PhBaseOp: eipa: 29542: Stale snapshot for com.google.apps.dynamite#com.google.android.gm_Hub(new configuration available)
09-02 11:15:13.181 20316 24570 W PhBaseOp:      at eiqy.d(:com.google.android.gms@253434029@25.34.34 (190400-800653487):337)
09-02 11:15:13.181 20316 24570 W PhBaseOp:      at eiqy.b(:com.google.android.gms@253434029@25.34.34 (190400-800653487):43)
09-02 11:15:13.181 20316 24570 W PhBaseOp:      at eiqx.i(:com.google.android.gms@253434029@25.34.34 (190400-800653487):3)
09-02 11:15:13.181 20316 24570 W PhBaseOp:      at eiqt.h(:com.google.android.gms@253434029@25.34.34 (190400-800653487):35)
09-02 11:15:13.181 20316 24570 W PhBaseOp:      at eiqt.f(:com.google.android.gms@253434029@25.34.34 (190400-800653487):17)
09-02 11:15:13.181 20316 24570 W PhBaseOp:      at cjtm.fA(:com.google.android.gms@253434029@25.34.34 (190400-800653487):1)
09-02 11:15:13.181 20316 24570 W PhBaseOp:      at cjtq.run(:com.google.android.gms@253434029@25.34.34 (190400-800653487):128)
09-02 11:15:13.181 20316 24570 W PhBaseOp:      at gdrw.run(:com.google.android.gms@253434029@25.34.34 (190400-800653487):21)
09-02 11:15:13.181 20316 24570 W PhBaseOp:      at bblo.c(:com.google.android.gms@253434029@25.34.34 (190400-800653487):50)
09-02 11:15:13.181 20316 24570 W PhBaseOp:      at bblo.run(:com.google.android.gms@253434029@25.34.34 (190400-800653487):70)
09-02 11:15:13.181 20316 24570 W PhBaseOp:      at java.util.concurrent.ThreadPoolExecutor.runWorker(ThreadPoolExecutor.java:1156)
09-02 11:15:13.181 20316 24570 W PhBaseOp:      at java.util.concurrent.ThreadPoolExecutor$Worker.run(ThreadPoolExecutor.java:651)
09-02 11:15:13.181 20316 24570 W PhBaseOp:      at bbrh.run(:com.google.android.gms@253434029@25.34.34 (190400-800653487):8)
09-02 11:15:13.181 20316 24570 W PhBaseOp:      at java.lang.Thread.run(Thread.java:1119)
09-02 11:15:13.181 20316 24570 W AsyncOperation: operation=CommitToConfigurationOperationCall, opStatusCode=29542 [CONTEXT service_id=51 ]
09-02 11:15:13.181 20316 24570 W AsyncOperation: OperationException[Status{statusCode=Stale snapshot for com.google.apps.dynamite#com.google.android.gm_Hub(new configuration available), resolution=null}]
09-02 11:15:13.181 20316 24570 W AsyncOperation:        at eiqt.h(:com.google.android.gms@253434029@25.34.34 (190400-800653487):65)
09-02 11:15:13.181 20316 24570 W AsyncOperation:        at eiqt.f(:com.google.android.gms@253434029@25.34.34 (190400-800653487):17)
09-02 11:15:13.181 20316 24570 W AsyncOperation:        at cjtm.fA(:com.google.android.gms@253434029@25.34.34 (190400-800653487):1)
09-02 11:15:13.181 20316 24570 W AsyncOperation:        at cjtq.run(:com.google.android.gms@253434029@25.34.34 (190400-800653487):128)
09-02 11:15:13.181 20316 24570 W AsyncOperation:        at gdrw.run(:com.google.android.gms@253434029@25.34.34 (190400-800653487):21)
09-02 11:15:13.181 20316 24570 W AsyncOperation:        at bblo.c(:com.google.android.gms@253434029@25.34.34 (190400-800653487):50)
09-02 11:15:13.181 20316 24570 W AsyncOperation:        at bblo.run(:com.google.android.gms@253434029@25.34.34 (190400-800653487):70)
09-02 11:15:13.181 20316 24570 W AsyncOperation:        at java.util.concurrent.ThreadPoolExecutor.runWorker(ThreadPoolExecutor.java:1156)
09-02 11:15:13.181 20316 24570 W AsyncOperation:        at java.util.concurrent.ThreadPoolExecutor$Worker.run(ThreadPoolExecutor.java:651)
09-02 11:15:13.181 20316 24570 W AsyncOperation:        at bbrh.run(:com.google.android.gms@253434029@25.34.34 (190400-800653487):8)
09-02 11:15:13.181 20316 24570 W AsyncOperation:        at java.lang.Thread.run(Thread.java:1119)
09-02 11:15:13.181 20316 24570 W PhBaseOp: Phenotype API error. Event: # hlsf@54e34688, EventCode: COMMIT_CONFIG [CONTEXT service_id=51 ]
09-02 11:15:13.181 20316 24570 W PhBaseOp: eipa: 29543: Stale snapshot for com.google.apps.dynamite#com.google.android.gm_Hub(new configuration available)
09-02 11:15:13.181 20316 24570 W PhBaseOp:      at eiqy.d(:com.google.android.gms@253434029@25.34.34 (190400-800653487):362)
09-02 11:15:13.181 20316 24570 W PhBaseOp:      at eiqy.b(:com.google.android.gms@253434029@25.34.34 (190400-800653487):43)
09-02 11:15:13.181 20316 24570 W PhBaseOp:      at eiqx.i(:com.google.android.gms@253434029@25.34.34 (190400-800653487):3)
09-02 11:15:13.181 20316 24570 W PhBaseOp:      at eiqt.h(:com.google.android.gms@253434029@25.34.34 (190400-800653487):35)
09-02 11:15:13.181 20316 24570 W PhBaseOp:      at eiqt.f(:com.google.android.gms@253434029@25.34.34 (190400-800653487):17)
09-02 11:15:13.181 20316 24570 W PhBaseOp:      at cjtm.fA(:com.google.android.gms@253434029@25.34.34 (190400-800653487):1)
09-02 11:15:13.181 20316 24570 W PhBaseOp:      at cjtq.run(:com.google.android.gms@253434029@25.34.34 (190400-800653487):128)
09-02 11:15:13.181 20316 24570 W PhBaseOp:      at gdrw.run(:com.google.android.gms@253434029@25.34.34 (190400-800653487):21)
09-02 11:15:13.181 20316 24570 W PhBaseOp:      at bblo.c(:com.google.android.gms@253434029@25.34.34 (190400-800653487):50)
09-02 11:15:13.181 20316 24570 W PhBaseOp:      at bblo.run(:com.google.android.gms@253434029@25.34.34 (190400-800653487):70)
09-02 11:15:13.181 20316 24570 W PhBaseOp:      at java.util.concurrent.ThreadPoolExecutor.runWorker(ThreadPoolExecutor.java:1156)
09-02 11:15:13.181 20316 24570 W PhBaseOp:      at java.util.concurrent.ThreadPoolExecutor$Worker.run(ThreadPoolExecutor.java:651)
09-02 11:15:13.181 20316 24570 W PhBaseOp:      at bbrh.run(:com.google.android.gms@253434029@25.34.34 (190400-800653487):8)
09-02 11:15:13.181 20316 24570 W PhBaseOp:      at java.lang.Thread.run(Thread.java:1119)
09-02 11:15:13.182 20316 24570 W AsyncOperation: operation=CommitToConfigurationOperationCall, opStatusCode=29543 [CONTEXT service_id=51 ]
09-02 11:15:13.182 20316 24570 W AsyncOperation: OperationException[Status{statusCode=Stale snapshot for com.google.apps.dynamite#com.google.android.gm_Hub(new configuration available), resolution=null}]
09-02 11:15:13.182 20316 24570 W AsyncOperation:        at eiqt.h(:com.google.android.gms@253434029@25.34.34 (190400-800653487):65)
09-02 11:15:13.182 20316 24570 W AsyncOperation:        at eiqt.f(:com.google.android.gms@253434029@25.34.34 (190400-800653487):17)
09-02 11:15:13.182 20316 24570 W AsyncOperation:        at cjtm.fA(:com.google.android.gms@253434029@25.34.34 (190400-800653487):1)
09-02 11:15:13.182 20316 24570 W AsyncOperation:        at cjtq.run(:com.google.android.gms@253434029@25.34.34 (190400-800653487):128)
09-02 11:15:13.182 20316 24570 W AsyncOperation:        at gdrw.run(:com.google.android.gms@253434029@25.34.34 (190400-800653487):21)
09-02 11:15:13.182 20316 24570 W AsyncOperation:        at bblo.c(:com.google.android.gms@253434029@25.34.34 (190400-800653487):50)
09-02 11:15:13.182 20316 24570 W AsyncOperation:        at bblo.run(:com.google.android.gms@253434029@25.34.34 (190400-800653487):70)
09-02 11:15:13.182 20316 24570 W AsyncOperation:        at java.util.concurrent.ThreadPoolExecutor.runWorker(ThreadPoolExecutor.java:1156)
09-02 11:15:13.182 20316 24570 W AsyncOperation:        at java.util.concurrent.ThreadPoolExecutor$Worker.run(ThreadPoolExecutor.java:651)
09-02 11:15:13.182 20316 24570 W AsyncOperation:        at bbrh.run(:com.google.android.gms@253434029@25.34.34 (190400-800653487):8)
09-02 11:15:13.182 20316 24570 W AsyncOperation:        at java.lang.Thread.run(Thread.java:1119)
09-02 11:15:13.184  1137  1317 W JobScheduler.JobStatus: Exempted app com.whoop.android considered buggy
09-02 11:15:13.185  1137  1317 W JobScheduler.JobStatus: Exempted app com.whoop.android considered buggy
09-02 11:15:13.185  1137  1317 W JobScheduler.JobStatus: Exempted app com.whoop.android considered buggy
09-02 11:15:13.185  1137  1317 W JobScheduler.JobStatus: Exempted app com.whoop.android considered buggy
09-02 11:15:13.185  1137  1317 W JobScheduler.JobStatus: Exempted app com.whoop.android considered buggy
09-02 11:15:13.185  1137  1317 W JobScheduler.JobStatus: Exempted app com.whoop.android considered buggy
09-02 11:15:13.185  1137  1317 W JobScheduler.JobStatus: Exempted app com.whoop.android considered buggy
09-02 11:15:13.185  1137  1317 W JobScheduler.JobStatus: Exempted app com.whoop.android considered buggy
09-02 11:15:13.185  1137  1317 W JobScheduler.JobStatus: Exempted app com.whoop.android considered buggy
09-02 11:15:13.185  1137  1317 W JobScheduler.JobStatus: Exempted app com.whoop.android considered buggy
09-02 11:15:13.185  1137  1317 W JobScheduler.JobStatus: Exempted app com.whoop.android considered buggy
09-02 11:15:13.185  1137  1317 W JobScheduler.JobStatus: Exempted app com.whoop.android considered buggy
09-02 11:15:13.185  1137  1317 W JobScheduler.JobStatus: Exempted app com.whoop.android considered buggy
09-02 11:15:13.185  1137  1317 W JobScheduler.JobStatus: Exempted app com.whoop.android considered buggy
09-02 11:15:13.185  1137  1317 W JobScheduler.JobStatus: Exempted app com.whoop.android considered buggy
09-02 11:15:13.185  1137  1317 W JobScheduler.JobStatus: Exempted app com.whoop.android considered buggy
09-02 11:15:13.186 20316 24570 W PhBaseOp: Phenotype API error. Event: # hlsf@fe625549, EventCode: COMMIT_CONFIG [CONTEXT service_id=51 ]
09-02 11:15:13.186 20316 24570 W PhBaseOp: eipa: 29543: Stale snapshot for com.google.apps.dynamite#com.google.android.gm_Hub(new configuration available)
09-02 11:15:13.186 20316 24570 W PhBaseOp:      at eiqy.d(:com.google.android.gms@253434029@25.34.34 (190400-800653487):362)
09-02 11:15:13.186 20316 24570 W PhBaseOp:      at eiqy.b(:com.google.android.gms@253434029@25.34.34 (190400-800653487):43)
09-02 11:15:13.186 20316 24570 W PhBaseOp:      at eiqx.i(:com.google.android.gms@253434029@25.34.34 (190400-800653487):3)
09-02 11:15:13.186 20316 24570 W PhBaseOp:      at eiqt.h(:com.google.android.gms@253434029@25.34.34 (190400-800653487):35)
09-02 11:15:13.186 20316 24570 W PhBaseOp:      at eiqt.f(:com.google.android.gms@253434029@25.34.34 (190400-800653487):17)
09-02 11:15:13.186 20316 24570 W PhBaseOp:      at cjtm.fA(:com.google.android.gms@253434029@25.34.34 (190400-800653487):1)
09-02 11:15:13.186 20316 24570 W PhBaseOp:      at cjtq.run(:com.google.android.gms@253434029@25.34.34 (190400-800653487):128)
09-02 11:15:13.186 20316 24570 W PhBaseOp:      at gdrw.run(:com.google.android.gms@253434029@25.34.34 (190400-800653487):21)
09-02 11:15:13.186 20316 24570 W PhBaseOp:      at bblo.c(:com.google.android.gms@253434029@25.34.34 (190400-800653487):50)
09-02 11:15:13.186 20316 24570 W PhBaseOp:      at bblo.run(:com.google.android.gms@253434029@25.34.34 (190400-800653487):70)
09-02 11:15:13.186 20316 24570 W PhBaseOp:      at java.util.concurrent.ThreadPoolExecutor.runWorker(ThreadPoolExecutor.java:1156)
09-02 11:15:13.186 20316 24570 W PhBaseOp:      at java.util.concurrent.ThreadPoolExecutor$Worker.run(ThreadPoolExecutor.java:651)
09-02 11:15:13.186 20316 24570 W PhBaseOp:      at bbrh.run(:com.google.android.gms@253434029@25.34.34 (190400-800653487):8)
09-02 11:15:13.186 20316 24570 W PhBaseOp:      at java.lang.Thread.run(Thread.java:1119)
09-02 11:15:13.186 20316 24570 W AsyncOperation: operation=CommitToConfigurationOperationCall, opStatusCode=29543 [CONTEXT service_id=51 ]
09-02 11:15:13.186 20316 24570 W AsyncOperation: OperationException[Status{statusCode=Stale snapshot for com.google.apps.dynamite#com.google.android.gm_Hub(new configuration available), resolution=null}]
09-02 11:15:13.186 20316 24570 W AsyncOperation:        at eiqt.h(:com.google.android.gms@253434029@25.34.34 (190400-800653487):65)
09-02 11:15:13.186 20316 24570 W AsyncOperation:        at eiqt.f(:com.google.android.gms@253434029@25.34.34 (190400-800653487):17)
09-02 11:15:13.186 20316 24570 W AsyncOperation:        at cjtm.fA(:com.google.android.gms@253434029@25.34.34 (190400-800653487):1)
09-02 11:15:13.186 20316 24570 W AsyncOperation:        at cjtq.run(:com.google.android.gms@253434029@25.34.34 (190400-800653487):128)
09-02 11:15:13.186 20316 24570 W AsyncOperation:        at gdrw.run(:com.google.android.gms@253434029@25.34.34 (190400-800653487):21)
09-02 11:15:13.186 20316 24570 W AsyncOperation:        at bblo.c(:com.google.android.gms@253434029@25.34.34 (190400-800653487):50)
09-02 11:15:13.186 20316 24570 W AsyncOperation:        at bblo.run(:com.google.android.gms@253434029@25.34.34 (190400-800653487):70)
09-02 11:15:13.186 20316 24570 W AsyncOperation:        at java.util.concurrent.ThreadPoolExecutor.runWorker(ThreadPoolExecutor.java:1156)
09-02 11:15:13.186 20316 24570 W AsyncOperation:        at java.util.concurrent.ThreadPoolExecutor$Worker.run(ThreadPoolExecutor.java:651)
09-02 11:15:13.186 20316 24570 W AsyncOperation:        at bbrh.run(:com.google.android.gms@253434029@25.34.34 (190400-800653487):8)
09-02 11:15:13.186 20316 24570 W AsyncOperation:        at java.lang.Thread.run(Thread.java:1119)
09-02 11:15:13.194 24523 24606 I DialerLegacyCountryDetector: com.android.dialer.location.LegacyCountryDetector.getCurrentCountryIso:98 returning Redacted-2-chars
09-02 11:15:13.195 24523 24553 D WM-GreedyScheduler: Cancelling work ID 2763e9ba-7d4b-438a-992d-5b697de520c0
09-02 11:15:13.196 20316 24570 W PhBaseOp: Phenotype API error. Event: # hlsf@c1cf4940, EventCode: COMMIT_CONFIG [CONTEXT service_id=51 ]
09-02 11:15:13.196 20316 24570 W PhBaseOp: eipa: 29542: Stale snapshot for com.google.apps.dynamite#com.google.android.gm_Hub(new configuration available)
09-02 11:15:13.196 20316 24570 W PhBaseOp:      at eiqy.d(:com.google.android.gms@253434029@25.34.34 (190400-800653487):337)
09-02 11:15:13.196 20316 24570 W PhBaseOp:      at eiqy.b(:com.google.android.gms@253434029@25.34.34 (190400-800653487):43)
09-02 11:15:13.196 20316 24570 W PhBaseOp:      at eiqx.i(:com.google.android.gms@253434029@25.34.34 (190400-800653487):3)
09-02 11:15:13.196 20316 24570 W PhBaseOp:      at eiqt.h(:com.google.android.gms@253434029@25.34.34 (190400-800653487):35)
09-02 11:15:13.196 20316 24570 W PhBaseOp:      at eiqt.f(:com.google.android.gms@253434029@25.34.34 (190400-800653487):17)
09-02 11:15:13.196 20316 24570 W PhBaseOp:      at cjtm.fA(:com.google.android.gms@253434029@25.34.34 (190400-800653487):1)
09-02 11:15:13.196 20316 24570 W PhBaseOp:      at cjtq.run(:com.google.android.gms@253434029@25.34.34 (190400-800653487):128)
09-02 11:15:13.196 20316 24570 W PhBaseOp:      at gdrw.run(:com.google.android.gms@253434029@25.34.34 (190400-800653487):21)
09-02 11:15:13.196 20316 24570 W PhBaseOp:      at bblo.c(:com.google.android.gms@253434029@25.34.34 (190400-800653487):50)
09-02 11:15:13.196 20316 24570 W PhBaseOp:      at bblo.run(:com.google.android.gms@253434029@25.34.34 (190400-800653487):70)
09-02 11:15:13.196 20316 24570 W PhBaseOp:      at java.util.concurrent.ThreadPoolExecutor.runWorker(ThreadPoolExecutor.java:1156)
09-02 11:15:13.196 20316 24570 W PhBaseOp:      at java.util.concurrent.ThreadPoolExecutor$Worker.run(ThreadPoolExecutor.java:651)
09-02 11:15:13.196 20316 24570 W PhBaseOp:      at bbrh.run(:com.google.android.gms@253434029@25.34.34 (190400-800653487):8)
09-02 11:15:13.196 20316 24570 W PhBaseOp:      at java.lang.Thread.run(Thread.java:1119)
09-02 11:15:13.196 20316 24570 W AsyncOperation: operation=CommitToConfigurationOperationCall, opStatusCode=29542 [CONTEXT service_id=51 ]
09-02 11:15:13.196 20316 24570 W AsyncOperation: OperationException[Status{statusCode=Stale snapshot for com.google.apps.dynamite#com.google.android.gm_Hub(new configuration available), resolution=null}]
09-02 11:15:13.196 20316 24570 W AsyncOperation:        at eiqt.h(:com.google.android.gms@253434029@25.34.34 (190400-800653487):65)
09-02 11:15:13.196 20316 24570 W AsyncOperation:        at eiqt.f(:com.google.android.gms@253434029@25.34.34 (190400-800653487):17)
09-02 11:15:13.196 20316 24570 W AsyncOperation:        at cjtm.fA(:com.google.android.gms@253434029@25.34.34 (190400-800653487):1)
09-02 11:15:13.196 20316 24570 W AsyncOperation:        at cjtq.run(:com.google.android.gms@253434029@25.34.34 (190400-800653487):128)
09-02 11:15:13.196 20316 24570 W AsyncOperation:        at gdrw.run(:com.google.android.gms@253434029@25.34.34 (190400-800653487):21)
09-02 11:15:13.196 20316 24570 W AsyncOperation:        at bblo.c(:com.google.android.gms@253434029@25.34.34 (190400-800653487):50)
09-02 11:15:13.196 20316 24570 W AsyncOperation:        at bblo.run(:com.google.android.gms@253434029@25.34.34 (190400-800653487):70)
09-02 11:15:13.196 20316 24570 W AsyncOperation:        at java.util.concurrent.ThreadPoolExecutor.runWorker(ThreadPoolExecutor.java:1156)
09-02 11:15:13.196 20316 24570 W AsyncOperation:        at java.util.concurrent.ThreadPoolExecutor$Worker.run(ThreadPoolExecutor.java:651)
09-02 11:15:13.196 20316 24570 W AsyncOperation:        at bbrh.run(:com.google.android.gms@253434029@25.34.34 (190400-800653487):8)
09-02 11:15:13.196 20316 24570 W AsyncOperation:        at java.lang.Thread.run(Thread.java:1119)
09-02 11:15:13.198 20316 24570 W PhBaseOp: Phenotype API error. Event: # hlsf@54e34688, EventCode: COMMIT_CONFIG [CONTEXT service_id=51 ]
09-02 11:15:13.198 20316 24570 W PhBaseOp: eipa: 29543: Stale snapshot for com.google.apps.dynamite#com.google.android.gm_Hub(new configuration available)
09-02 11:15:13.198 20316 24570 W PhBaseOp:      at eiqy.d(:com.google.android.gms@253434029@25.34.34 (190400-800653487):362)
09-02 11:15:13.198 20316 24570 W PhBaseOp:      at eiqy.b(:com.google.android.gms@253434029@25.34.34 (190400-800653487):43)
09-02 11:15:13.198 20316 24570 W PhBaseOp:      at eiqx.i(:com.google.android.gms@253434029@25.34.34 (190400-800653487):3)
09-02 11:15:13.198 20316 24570 W PhBaseOp:      at eiqt.h(:com.google.android.gms@253434029@25.34.34 (190400-800653487):35)
09-02 11:15:13.198 20316 24570 W PhBaseOp:      at eiqt.f(:com.google.android.gms@253434029@25.34.34 (190400-800653487):17)
09-02 11:15:13.198 20316 24570 W PhBaseOp:      at cjtm.fA(:com.google.android.gms@253434029@25.34.34 (190400-800653487):1)
09-02 11:15:13.198 20316 24570 W PhBaseOp:      at cjtq.run(:com.google.android.gms@253434029@25.34.34 (190400-800653487):128)
09-02 11:15:13.198 20316 24570 W PhBaseOp:      at gdrw.run(:com.google.android.gms@253434029@25.34.34 (190400-800653487):21)
09-02 11:15:13.198 20316 24570 W PhBaseOp:      at bblo.c(:com.google.android.gms@253434029@25.34.34 (190400-800653487):50)
09-02 11:15:13.198 20316 24570 W PhBaseOp:      at bblo.run(:com.google.android.gms@253434029@25.34.34 (190400-800653487):70)
09-02 11:15:13.198 20316 24570 W PhBaseOp:      at java.util.concurrent.ThreadPoolExecutor.runWorker(ThreadPoolExecutor.java:1156)
09-02 11:15:13.198 20316 24570 W PhBaseOp:      at java.util.concurrent.ThreadPoolExecutor$Worker.run(ThreadPoolExecutor.java:651)
09-02 11:15:13.198 20316 24570 W PhBaseOp:      at bbrh.run(:com.google.android.gms@253434029@25.34.34 (190400-800653487):8)
09-02 11:15:13.198 20316 24570 W PhBaseOp:      at java.lang.Thread.run(Thread.java:1119)
09-02 11:15:13.199 20316 24570 W AsyncOperation: operation=CommitToConfigurationOperationCall, opStatusCode=29543 [CONTEXT service_id=51 ]
09-02 11:15:13.199 20316 24570 W AsyncOperation: OperationException[Status{statusCode=Stale snapshot for com.google.apps.dynamite#com.google.android.gm_Hub(new configuration available), resolution=null}]
09-02 11:15:13.199 20316 24570 W AsyncOperation:        at eiqt.h(:com.google.android.gms@253434029@25.34.34 (190400-800653487):65)
09-02 11:15:13.199 20316 24570 W AsyncOperation:        at eiqt.f(:com.google.android.gms@253434029@25.34.34 (190400-800653487):17)
09-02 11:15:13.199 20316 24570 W AsyncOperation:        at cjtm.fA(:com.google.android.gms@253434029@25.34.34 (190400-800653487):1)
09-02 11:15:13.199 20316 24570 W AsyncOperation:        at cjtq.run(:com.google.android.gms@253434029@25.34.34 (190400-800653487):128)
09-02 11:15:13.199 20316 24570 W AsyncOperation:        at gdrw.run(:com.google.android.gms@253434029@25.34.34 (190400-800653487):21)
09-02 11:15:13.199 20316 24570 W AsyncOperation:        at bblo.c(:com.google.android.gms@253434029@25.34.34 (190400-800653487):50)
09-02 11:15:13.199 20316 24570 W AsyncOperation:        at bblo.run(:com.google.android.gms@253434029@25.34.34 (190400-800653487):70)
09-02 11:15:13.199 20316 24570 W AsyncOperation:        at java.util.concurrent.ThreadPoolExecutor.runWorker(ThreadPoolExecutor.java:1156)
09-02 11:15:13.199 20316 24570 W AsyncOperation:        at java.util.concurrent.ThreadPoolExecutor$Worker.run(ThreadPoolExecutor.java:651)
09-02 11:15:13.199 20316 24570 W AsyncOperation:        at bbrh.run(:com.google.android.gms@253434029@25.34.34 (190400-800653487):8)
09-02 11:15:13.199 20316 24570 W AsyncOperation:        at java.lang.Thread.run(Thread.java:1119)
09-02 11:15:13.208 24523 24553 D WM-SystemJobScheduler: Scheduling work ID dbc3598a-da67-4b9e-904c-c2824870eb5bJob ID 3216
09-02 11:15:13.210 20316 24570 W PhBaseOp: Phenotype API error. Event: # hlsf@54e34688, EventCode: COMMIT_CONFIG [CONTEXT service_id=51 ]
09-02 11:15:13.210 20316 24570 W PhBaseOp: eipa: 29543: Stale snapshot for com.google.apps.dynamite#com.google.android.gm_Hub(new configuration available)
09-02 11:15:13.210 20316 24570 W PhBaseOp:      at eiqy.d(:com.google.android.gms@253434029@25.34.34 (190400-800653487):362)
09-02 11:15:13.210 20316 24570 W PhBaseOp:      at eiqy.b(:com.google.android.gms@253434029@25.34.34 (190400-800653487):43)
09-02 11:15:13.210 20316 24570 W PhBaseOp:      at eiqx.i(:com.google.android.gms@253434029@25.34.34 (190400-800653487):3)
09-02 11:15:13.210 20316 24570 W PhBaseOp:      at eiqt.h(:com.google.android.gms@253434029@25.34.34 (190400-800653487):35)
09-02 11:15:13.210 20316 24570 W PhBaseOp:      at eiqt.f(:com.google.android.gms@253434029@25.34.34 (190400-800653487):17)
09-02 11:15:13.210 20316 24570 W PhBaseOp:      at cjtm.fA(:com.google.android.gms@253434029@25.34.34 (190400-800653487):1)
09-02 11:15:13.210 20316 24570 W PhBaseOp:      at cjtq.run(:com.google.android.gms@253434029@25.34.34 (190400-800653487):128)
09-02 11:15:13.210 20316 24570 W PhBaseOp:      at gdrw.run(:com.google.android.gms@253434029@25.34.34 (190400-800653487):21)
09-02 11:15:13.210 20316 24570 W PhBaseOp:      at bblo.c(:com.google.android.gms@253434029@25.34.34 (190400-800653487):50)
09-02 11:15:13.210 20316 24570 W PhBaseOp:      at bblo.run(:com.google.android.gms@253434029@25.34.34 (190400-800653487):70)
09-02 11:15:13.210 20316 24570 W PhBaseOp:      at java.util.concurrent.ThreadPoolExecutor.runWorker(ThreadPoolExecutor.java:1156)
09-02 11:15:13.210 20316 24570 W PhBaseOp:      at java.util.concurrent.ThreadPoolExecutor$Worker.run(ThreadPoolExecutor.java:651)
09-02 11:15:13.210 20316 24570 W PhBaseOp:      at bbrh.run(:com.google.android.gms@253434029@25.34.34 (190400-800653487):8)
09-02 11:15:13.210 20316 24570 W PhBaseOp:      at java.lang.Thread.run(Thread.java:1119)
09-02 11:15:13.211 20316 24570 W AsyncOperation: operation=CommitToConfigurationOperationCall, opStatusCode=29543 [CONTEXT service_id=51 ]
09-02 11:15:13.211 20316 24570 W AsyncOperation: OperationException[Status{statusCode=Stale snapshot for com.google.apps.dynamite#com.google.android.gm_Hub(new configuration available), resolution=null}]
09-02 11:15:13.211 20316 24570 W AsyncOperation:        at eiqt.h(:com.google.android.gms@253434029@25.34.34 (190400-800653487):65)
09-02 11:15:13.211 20316 24570 W AsyncOperation:        at eiqt.f(:com.google.android.gms@253434029@25.34.34 (190400-800653487):17)
09-02 11:15:13.211 20316 24570 W AsyncOperation:        at cjtm.fA(:com.google.android.gms@253434029@25.34.34 (190400-800653487):1)
09-02 11:15:13.211 20316 24570 W AsyncOperation:        at cjtq.run(:com.google.android.gms@253434029@25.34.34 (190400-800653487):128)
09-02 11:15:13.211 20316 24570 W AsyncOperation:        at gdrw.run(:com.google.android.gms@253434029@25.34.34 (190400-800653487):21)
09-02 11:15:13.211 20316 24570 W AsyncOperation:        at bblo.c(:com.google.android.gms@253434029@25.34.34 (190400-800653487):50)
09-02 11:15:13.211 20316 24570 W AsyncOperation:        at bblo.run(:com.google.android.gms@253434029@25.34.34 (190400-800653487):70)
09-02 11:15:13.211 20316 24570 W AsyncOperation:        at java.util.concurrent.ThreadPoolExecutor.runWorker(ThreadPoolExecutor.java:1156)
09-02 11:15:13.211 20316 24570 W AsyncOperation:        at java.util.concurrent.ThreadPoolExecutor$Worker.run(ThreadPoolExecutor.java:651)
09-02 11:15:13.211 20316 24570 W AsyncOperation:        at bbrh.run(:com.google.android.gms@253434029@25.34.34 (190400-800653487):8)
09-02 11:15:13.211 20316 24570 W AsyncOperation:        at java.lang.Thread.run(Thread.java:1119)
09-02 11:15:13.212 24523 24553 D WM-GreedyScheduler: Ignoring {WorkSpec: f97ed6eb-1500-416e-8aa9-2d671ae66f7f}. Requires device idle.
09-02 11:15:13.212 24523 24553 D WM-GreedyScheduler: Ignoring {WorkSpec: 394eb78b-64ed-4a09-818a-2cb166099f21}. Requires device idle.
09-02 11:15:13.212 24523 24553 D WM-GreedyScheduler: Ignoring {WorkSpec: 510e2a80-2dc0-4da6-9c6d-9f5ef8277d58}. Requires device idle.
09-02 11:15:13.212 24523 24553 D WM-GreedyScheduler: Ignoring {WorkSpec: f2a96fde-46a6-45af-8257-6f708d8f71ee}. Requires device idle.
09-02 11:15:13.212 24523 24553 D WM-GreedyScheduler: Ignoring {WorkSpec: 96688321-e581-458b-b433-1670b3a1144f}. Requires device idle.
09-02 11:15:13.212 24523 24553 D WM-GreedyScheduler: Ignoring {WorkSpec: 9ac2e728-1d39-427e-961e-14e650df1b1d}. Requires device idle.
09-02 11:15:13.215 24523 24553 I DialerLegacyCountryDetector: com.android.dialer.location.LegacyCountryDetector.getCurrentCountryIso:98 returning Redacted-2-chars
09-02 11:15:13.222 24523 24606 D WM-GreedyScheduler: Ignoring {WorkSpec: f97ed6eb-1500-416e-8aa9-2d671ae66f7f}. Requires device idle.
09-02 11:15:13.222 24523 24606 D WM-GreedyScheduler: Ignoring {WorkSpec: 394eb78b-64ed-4a09-818a-2cb166099f21}. Requires device idle.
09-02 11:15:13.222 24523 24606 D WM-GreedyScheduler: Ignoring {WorkSpec: 510e2a80-2dc0-4da6-9c6d-9f5ef8277d58}. Requires device idle.
09-02 11:15:13.222 24523 24606 D WM-GreedyScheduler: Ignoring {WorkSpec: f2a96fde-46a6-45af-8257-6f708d8f71ee}. Requires device idle.
09-02 11:15:13.222 24523 24606 D WM-GreedyScheduler: Ignoring {WorkSpec: 96688321-e581-458b-b433-1670b3a1144f}. Requires device idle.
09-02 11:15:13.222 24523 24606 D WM-GreedyScheduler: Ignoring {WorkSpec: 9ac2e728-1d39-427e-961e-14e650df1b1d}. Requires device idle.
09-02 11:15:13.225 24523 24606 D WM-Processor: Processor cancelling 342442f8-4125-4936-9ad4-9ef52f44e875
09-02 11:15:13.225 24523 24606 D WM-Processor: WorkerWrapper could not be found for 342442f8-4125-4936-9ad4-9ef52f44e875
09-02 11:15:13.229 24523 24558 I DialerFixedDialingNumberPhoneLookupContributor: com.android.dialer.fixeddialingnumber.impl.phonelookup.FixedDialingNumberPhoneLookupContributor.getFdnListFromUri:242 empty cursor
09-02 11:15:13.230  1137  1914 W JobScheduler.JobStatus: Exempted app com.whoop.android considered buggy
09-02 11:15:13.230  1137  1914 W JobScheduler.JobStatus: Exempted app com.whoop.android considered buggy
09-02 11:15:13.230  1137  1914 W JobScheduler.JobStatus: Exempted app com.whoop.android considered buggy
09-02 11:15:13.230  1137  1914 W JobScheduler.JobStatus: Exempted app com.whoop.android considered buggy
09-02 11:15:13.230  1137  1914 W JobScheduler.JobStatus: Exempted app com.whoop.android considered buggy
09-02 11:15:13.230  1137  1914 W JobScheduler.JobStatus: Exempted app com.whoop.android considered buggy
09-02 11:15:13.230  1137  1914 W JobScheduler.JobStatus: Exempted app com.whoop.android considered buggy
09-02 11:15:13.230  1137  1914 W JobScheduler.JobStatus: Exempted app com.whoop.android considered buggy
09-02 11:15:13.230  1137  1914 W JobScheduler.JobStatus: Exempted app com.whoop.android considered buggy
09-02 11:15:13.230  1137  1914 W JobScheduler.JobStatus: Exempted app com.whoop.android considered buggy
09-02 11:15:13.230  1137  1914 W JobScheduler.JobStatus: Exempted app com.whoop.android considered buggy
09-02 11:15:13.230  1137  1914 W JobScheduler.JobStatus: Exempted app com.whoop.android considered buggy
09-02 11:15:13.230  1137  1914 W JobScheduler.JobStatus: Exempted app com.whoop.android considered buggy
09-02 11:15:13.230  1137  1914 W JobScheduler.JobStatus: Exempted app com.whoop.android considered buggy
09-02 11:15:13.231  1137  1914 W JobScheduler.JobStatus: Exempted app com.whoop.android considered buggy
09-02 11:15:13.231  1137  1914 W JobScheduler.JobStatus: Exempted app com.whoop.android considered buggy
09-02 11:15:13.232 24523 24606 D WM-GreedyScheduler: Cancelling work ID 342442f8-4125-4936-9ad4-9ef52f44e875
09-02 11:15:13.239 24523 24606 D WM-SystemJobScheduler: Scheduling work ID 88837e8f-e074-45a0-a890-4b127aaafe10Job ID 3233
09-02 11:15:13.240  1137  1914 D PowerManagerServiceEx: isScreenOnBlockedLocked
09-02 11:15:13.242 24523 24606 D WM-GreedyScheduler: Ignoring {WorkSpec: f97ed6eb-1500-416e-8aa9-2d671ae66f7f}. Requires device idle.
09-02 11:15:13.242 24523 24606 D WM-GreedyScheduler: Ignoring {WorkSpec: 394eb78b-64ed-4a09-818a-2cb166099f21}. Requires device idle.
09-02 11:15:13.242 24523 24606 D WM-GreedyScheduler: Ignoring {WorkSpec: 510e2a80-2dc0-4da6-9c6d-9f5ef8277d58}. Requires device idle.
09-02 11:15:13.242 24523 24606 D WM-GreedyScheduler: Ignoring {WorkSpec: f2a96fde-46a6-45af-8257-6f708d8f71ee}. Requires device idle.
09-02 11:15:13.242 24523 24606 D WM-GreedyScheduler: Ignoring {WorkSpec: 96688321-e581-458b-b433-1670b3a1144f}. Requires device idle.
09-02 11:15:13.242 24523 24606 D WM-GreedyScheduler: Ignoring {WorkSpec: 9ac2e728-1d39-427e-961e-14e650df1b1d}. Requires device idle.
09-02 11:15:13.243 24523 24606 I DialerSyncWorkManagerOneTimeScheduler: com.google.apps.tiktok.sync.impl.workmanager.SyncWorkManagerOneTimeScheduler.scheduleNextSyncSystemWakeup:102 Successfully scheduled next onetime workers
09-02 11:15:13.247  1137  1914 D PowerManagerServiceEx: isScreenOnBlockedLocked
09-02 11:15:13.250 24523 24553 I DialerSpamDatabaseUtils: com.android.dialer.spam.inapp.SpamDatabaseUtils.getUserSpamListStatus:519 empty cursor returned
09-02 11:15:13.255 24523 24560 I DialerRefreshAnnotatedCallLogWorker: com.android.dialer.calllog.refresh.impl.RefreshAnnotatedCallLogWorker.rebuild:226 filling VoicemailDataSource
09-02 11:15:13.257 24523 24560 I DialerRefreshAnnotatedCallLogWorker: com.android.dialer.calllog.refresh.impl.RefreshAnnotatedCallLogWorker.rebuild:226 filling SpamCallDataSource
09-02 11:15:13.257 24523 24560 I DialerSpamCallDataSource: com.android.dialer.spam.calllog.SpamCallDataSource.fill:73 fill
09-02 11:15:13.257 24523 24560 I DialerSpamCallDataSource: com.android.dialer.spam.calllog.SpamCallDataSource.handleInserts:79 handleInserts
09-02 11:15:13.259 24523 24621 I DialerRefreshAnnotatedCallLogWorker: com.android.dialer.calllog.refresh.impl.RefreshAnnotatedCallLogWorker.rebuild:226 filling CallingNetworksDataSource
09-02 11:15:13.260 24523 24620 I DialerCallingNetworksStorage: com.android.dialer.callingnetworks.impl.CallingNetworksStorage.deleteAllMatching:306 Nothing to delete
09-02 11:15:13.270  1137  1914 D PowerManagerServiceEx: isScreenOnBlockedLocked
09-02 11:15:13.277 24523 24620 I DialerRefreshAnnotatedCallLogWorker: com.android.dialer.calllog.refresh.impl.RefreshAnnotatedCallLogWorker.rebuild:226 filling CallRecordingDataSource
09-02 11:15:13.277 24523 24620 I DialerCallRecordingDataSource: com.android.dialer.callrecording.impl.calllog.CallRecordingDataSource.fill:80 enter
09-02 11:15:13.277 24523 24620 I DialerCallRecordingDataSource: com.android.dialer.callrecording.impl.calllog.CallRecordingDataSource.handleInsertsAndUpdatesFromAnnotatedCallLog:95 enter
09-02 11:15:13.279 24523 24620 I DialerCallRecordingDataSourceStatusService: com.android.dialer.callrecording.impl.calllog.CallRecordingDataSourceStatusService.getTimestampOfLastSyncedCallRecordingInfoMillis:100 lastSyncedCallRecordingInfoTimestamp 0
09-02 11:15:13.279 24523 24606 I DialerCallRecordingDataSource: com.android.dialer.callrecording.impl.calllog.CallRecordingDataSource.getAnnotatedCallLogIdsToCallRecordingInfoMap:270 lastSyncedCallRecordingInfoTimestamp 0
09-02 11:15:13.286 24523 24560 I DialerCallRecordingDataSource: com.android.dialer.callrecording.impl.calllog.CallRecordingDataSource.handleDeletesFromAnnotatedCallLog:119 enter
09-02 11:15:13.286 24523 24620 I DialerCallRecordingInfoStorageAsyncSqlite: com.android.dialer.callrecording.impl.storage.CallRecordingInfoStorageAsyncSqlite.deleteCallLogInitiated:501 enter
09-02 11:15:13.286 24523 24620 I DialerCallRecordingDataSource: com.android.dialer.callrecording.impl.calllog.CallRecordingDataSource.addDeleteUpdatesFromCallRecordingInitiatedDeletes:162 enter
09-02 11:15:13.287 24523 24620 I DialerRefreshAnnotatedCallLogWorker: com.android.dialer.calllog.refresh.impl.RefreshAnnotatedCallLogWorker.rebuild:241 applying mutations
09-02 11:15:13.289 24523 24620 I DialerRefreshAnnotatedCallLogWorker: com.android.dialer.calllog.refresh.impl.RefreshAnnotatedCallLogWorker.rebuild:255 coalescing call history
09-02 11:15:13.289 24523 24560 I DialerRefreshAnnotatedCallLogWorker: com.android.dialer.calllog.refresh.impl.RefreshAnnotatedCallLogWorker.rebuild:264 coalescing conversation history
09-02 11:15:13.289 24523 24620 I DialerCallRecordingDataSource: com.android.dialer.callrecording.impl.calllog.CallRecordingDataSource.onSuccessfulFill:201 enter
09-02 11:15:13.289 24523 24620 I DialerUnbundledCallLogEnabledFn: com.android.dialer.calllog.coalescer.unbundled.impl.UnbundledCallLogEnabledFn.isEnabled:21 flag enabled [CONTEXT ratelimit_period="1 MINUTES" ]
09-02 11:15:13.289 24523 24561 I DialerSystemCallLogDataSource: com.android.dialer.calllog.datasources.systemcalllog.SystemCallLogDataSource.onSuccessfulFillInternal:333 on successful fill with maxTimestampProcessed: 1756750217220
09-02 11:15:13.290 24523 24561 I DialerCallerIdFeedbackPhoneLookupContributor: com.android.dialer.calleridfeedback.impl.phonelookup.CallerIdFeedbackPhoneLookupContributor.onSuccessfulBulkUpdate:130 Writing timestampOfLastCallerIdFeedbackLookup : 1756797313215
09-02 11:15:13.296 24523 24620 I DialerCoalescedRowsDao: com.android.dialer.calllog.coalescer.CoalescedRowsDao.saveToFileForMissedCalls:151 saveToFileForMissedCalls
09-02 11:15:13.304 24523 24553 I DialerCoalescedRowsDao: com.android.dialer.calllog.coalescer.CoalescedRowsDao.save:227 start writing coalesced_rows_for_missed_calls
09-02 11:15:13.306 24523 24553 I DialerCoalescedRowsDao: com.android.dialer.calllog.coalescer.CoalescedRowsDao.save:232 finished writing coalesced_rows_for_missed_calls
09-02 11:15:13.310 24523 24559 I DialerPhoneAccountComposer: com.android.dialer.phoneaccount.PhoneAccountComposer.compose:16 Empty component name [CONTEXT ratelimit_period="1 SECONDS" ]
09-02 11:15:13.311 24523 24559 I DialerCoalescedRowsDao: com.android.dialer.calllog.coalescer.CoalescedRowsDao.saveToFileForAllCalls:132 saveToFileForAllCalls
09-02 11:15:13.314 24523 24553 I DialerCoalescedRowsDao: com.android.dialer.calllog.coalescer.CoalescedRowsDao.save:227 start writing coalesced_rows_for_all_calls
09-02 11:15:13.316 24523 24560 I DialerCoalescedRowsDao: com.android.dialer.calllog.coalescer.CoalescedRowsDao.saveToFileForAllCallsInConversationHistory:171 saveToFileForAllCallsInConversationHistory
09-02 11:15:13.317 24523 24560 I DialerCoalescedRowsUpdatedNotifier: com.android.dialer.calllog.coalescer.CoalescedRowsUpdatedNotifier.notifyForConversationHistory:53 notifyForConversationHistory
09-02 11:15:13.318 24523 24560 I DialerRefreshAnnotatedCallLogWorker: com.android.dialer.calllog.refresh.impl.RefreshAnnotatedCallLogWorker.rebuild:274 coalesced row updated
09-02 11:15:13.319 24523 24560 I DialerLogcatLoggingBindings: com.android.dialer.logging.logcat.LogcatLoggingBindings.logImpression:47 Impression: ANNOTATED_CALL_LOG_FORCE_REFRESH_NO_CHANGES_NEEDED
09-02 11:15:13.320 24523 24606 I DialerSystemCallLogUpdater: com.android.dialer.calllog.refresh.impl.SystemCallLogUpdater.getCallTypeUpdates:199 There are no system call log mutations
09-02 11:15:13.320 24523 24606 I DialerSystemCallLogUpdater: com.android.dialer.calllog.refresh.impl.SystemCallLogUpdater.updateSystemCallLog:224 empty operations list, will not do anything [CONTEXT ratelimit_period="1 MINUTES" ]
09-02 11:15:13.327 24523 24553 I DialerCoalescedRowsDao: com.android.dialer.calllog.coalescer.CoalescedRowsDao.save:232 finished writing coalesced_rows_for_all_calls
09-02 11:15:13.329 24523 24560 I DialerLoggingConsentCheckerImpl: com.google.android.dialershared.logging.consent.impl.LoggingConsentCheckerImpl.getConsent:72 timer stop with success, timer present: false
09-02 11:15:13.332  1137  1317 W JobScheduler.JobStatus: Exempted app com.whoop.android considered buggy
09-02 11:15:13.332  1137  1317 W JobScheduler.JobStatus: Exempted app com.whoop.android considered buggy
09-02 11:15:13.332  1137  1317 W JobScheduler.JobStatus: Exempted app com.whoop.android considered buggy
09-02 11:15:13.332  1137  1317 W JobScheduler.JobStatus: Exempted app com.whoop.android considered buggy
09-02 11:15:13.332  1137  1317 W JobScheduler.JobStatus: Exempted app com.whoop.android considered buggy
09-02 11:15:13.332  1137  1317 W JobScheduler.JobStatus: Exempted app com.whoop.android considered buggy
09-02 11:15:13.332  1137  1317 W JobScheduler.JobStatus: Exempted app com.whoop.android considered buggy
09-02 11:15:13.332  1137  1317 W JobScheduler.JobStatus: Exempted app com.whoop.android considered buggy
09-02 11:15:13.332  1137  1317 W JobScheduler.JobStatus: Exempted app com.whoop.android considered buggy
09-02 11:15:13.332  1137  1317 W JobScheduler.JobStatus: Exempted app com.whoop.android considered buggy
09-02 11:15:13.332  1137  1317 W JobScheduler.JobStatus: Exempted app com.whoop.android considered buggy
09-02 11:15:13.332  1137  1317 W JobScheduler.JobStatus: Exempted app com.whoop.android considered buggy
09-02 11:15:13.332  1137  1317 W JobScheduler.JobStatus: Exempted app com.whoop.android considered buggy
09-02 11:15:13.332  1137  1317 W JobScheduler.JobStatus: Exempted app com.whoop.android considered buggy
09-02 11:15:13.333  1137  1317 W JobScheduler.JobStatus: Exempted app com.whoop.android considered buggy
09-02 11:15:13.333  1137  1317 W JobScheduler.JobStatus: Exempted app com.whoop.android considered buggy
09-02 11:15:13.343  1137  1317 W JobScheduler.JobStatus: Exempted app com.whoop.android considered buggy
09-02 11:15:13.343  1137  1317 W JobScheduler.JobStatus: Exempted app com.whoop.android considered buggy
09-02 11:15:13.343  1137  1317 W JobScheduler.JobStatus: Exempted app com.whoop.android considered buggy
09-02 11:15:13.344  1137  1317 W JobScheduler.JobStatus: Exempted app com.whoop.android considered buggy
09-02 11:15:13.344  1137  1317 W JobScheduler.JobStatus: Exempted app com.whoop.android considered buggy
09-02 11:15:13.344  1137  1317 W JobScheduler.JobStatus: Exempted app com.whoop.android considered buggy
09-02 11:15:13.344  1137  1317 W JobScheduler.JobStatus: Exempted app com.whoop.android considered buggy
09-02 11:15:13.344  1137  1317 W JobScheduler.JobStatus: Exempted app com.whoop.android considered buggy
09-02 11:15:13.344  1137  1317 W JobScheduler.JobStatus: Exempted app com.whoop.android considered buggy
09-02 11:15:13.344  1137  1317 W JobScheduler.JobStatus: Exempted app com.whoop.android considered buggy
09-02 11:15:13.344  1137  1317 W JobScheduler.JobStatus: Exempted app com.whoop.android considered buggy
09-02 11:15:13.344  1137  1317 W JobScheduler.JobStatus: Exempted app com.whoop.android considered buggy
09-02 11:15:13.344  1137  1317 W JobScheduler.JobStatus: Exempted app com.whoop.android considered buggy
09-02 11:15:13.344  1137  1317 W JobScheduler.JobStatus: Exempted app com.whoop.android considered buggy
09-02 11:15:13.345  1137  1317 W JobScheduler.JobStatus: Exempted app com.whoop.android considered buggy
09-02 11:15:13.345  1137  1317 W JobScheduler.JobStatus: Exempted app com.whoop.android considered buggy
