09-02 11:15:13.354 24523 24560 I DialerCoalescedRowsDao: com.android.dialer.calllog.coalescer.CoalescedRowsDao.saveToFileForAllCallsInConversationHistory:193 Finished saving coalesced rows for conversation history.
09-02 11:15:13.397 23383 23387 I ogle.android.gm: Compiler allocated 5763KB to compile java.lang.Object ayez.b()
09-02 11:15:13.406  1137  1296 D WifiStaIfaceHidlImpl: getCachedScanData is not implemented by HIDL
09-02 11:15:13.409  1464  1464 D WifiSignalController: connected : true, level : 4, isDefault : true, inetCondition : 1, statusLabel : null
09-02 11:15:13.410  1464  1464 D StatusBarIconController: ignoring old pipeline callback because the new wifi icon is enabled
09-02 11:15:13.410  1464  1464 D StatusBarIconController: setIconVisibility: slot=wifi,visibility=true,tag=0
09-02 11:15:13.434  1464  2244 D BLASTBufferQueue: [VRI[StatusBar]#5](f:0,a:3) PendingRelease=2, PendingBuffersToHold=1, SyncedFrameNumbers=0, lacfnr:73486, lapfnr:73486
09-02 11:15:13.434  1464  2244 D BLASTBufferQueue: [VRI[StatusBar]#5](f:0,a:2) PendingRelease=1, PendingBuffersToHold=1, SyncedFrameNumbers=0, lacfnr:73486, lapfnr:73486
09-02 11:15:13.484  1558 24541 W GnpSdk  : Failed to get android ID.
09-02 11:15:13.484  1137  1914 D PowerManagerServiceEx: isScreenOnBlockedLocked
09-02 11:15:13.550 23383 23390 W System  : A resource failed to call MemoryIntArray.close.
09-02 11:15:13.550 23383 23390 W System  : A resource failed to call MemoryIntArray.close.
09-02 11:15:13.779 20316 23904 I Auth    : (REDACTED) [GetTokenResponse] Decryption key=%s success, service=%s
09-02 11:15:13.797  1137  1317 W JobScheduler.JobStatus: Exempted app com.whoop.android considered buggy
09-02 11:15:13.797  1137  1317 W JobScheduler.JobStatus: Exempted app com.whoop.android considered buggy
09-02 11:15:13.797  1137  1317 W JobScheduler.JobStatus: Exempted app com.whoop.android considered buggy
09-02 11:15:13.798  1137  1317 W JobScheduler.JobStatus: Exempted app com.whoop.android considered buggy
09-02 11:15:13.798  1137  1317 V AlarmManager: set(null) : type=2 listener=android.app.AlarmManager$ListenerWrapper@45443ab listenerTag=*job.deadline* workSource=WorkSource{10292 com.whoop.android} callingPackage=android callingUid=1000 triggerAtTime=588171969 win=11248 tElapsed=588171969 maxElapsed=588183217 interval=0 flags=0x0
09-02 11:15:13.798  1137  1317 D AlarmManagerService: set alarm to kernel: 588723.093000000, type=2
09-02 11:15:13.799  1137  1317 D AlarmManagerService: set alarm to kernel: 588203.173000000, type=3
09-02 11:15:13.799  1137  1317 D AlarmManagerService: set alarm to kernel: 588183.217000000, type=2
09-02 11:15:13.799  1137  1317 W JobScheduler.JobStatus: Exempted app com.whoop.android considered buggy
09-02 11:15:13.799  1137  1317 V AlarmManager: set(null) : type=3 listener=android.app.AlarmManager$ListenerWrapper@59edda6 listenerTag=*job.delay* workSource=WorkSource{10292 com.whoop.android} callingPackage=android callingUid=1000 triggerAtTime=588185338 win=21274 tElapsed=588185338 maxElapsed=588206612 interval=0 flags=0x0
09-02 11:15:13.799  1137  1317 D AlarmManagerService: set alarm to kernel: 588183.217000000, type=2
09-02 11:15:13.800  1137  1317 D AlarmManagerService: set alarm to kernel: 588183.217000000, type=2
09-02 11:15:13.800  1137  1317 W JobScheduler.JobStatus: Exempted app com.whoop.android considered buggy
09-02 11:15:13.893  1137  1165 E UnisocWatchdog: UnisocWatchdogImpl sendMessage:0
09-02 11:15:13.894  1137  1216 E UnisocWatchdog: UNISOCWATCHDOG_MESSAGE_TIMER30 trigger
09-02 11:15:13.916 23951 24463 I R47     : Exosip [eXconf.c-877-A0] ,t24463,l5: eXosip: Reseting timer to 10s before waking up!
09-02 11:15:14.622  1137  1317 D PowerManagerServiceEx: isScreenOnBlockedLocked
09-02 11:15:14.624 17752 23313 E ActivityThread: Failed to find provider info for gmail-ofls
09-02 11:15:14.628 17752 23313 E ActivityThread: Failed to find provider info for gmail-ofls
09-02 11:15:14.632 17752 23313 E ActivityThread: Failed to find provider info for gmail-ofls
09-02 11:15:14.636 17752 23313 E ActivityThread: Failed to find provider info for gmail-ofls
09-02 11:15:14.640 17752 23313 E ActivityThread: Failed to find provider info for gmail-ofls
09-02 11:15:14.642 17752 23313 E ActivityThread: Failed to find provider info for gmail-ofls
09-02 11:15:14.645 17752 23313 E ActivityThread: Failed to find provider info for gmail-ofls
09-02 11:15:14.648 17752 23313 E ActivityThread: Failed to find provider info for gmail-ofls
09-02 11:15:14.652 17752 23313 E ActivityThread: Failed to find provider info for gmail-ofls
09-02 11:15:14.656 17752 23313 E ActivityThread: Failed to find provider info for gmail-ofls
09-02 11:15:14.660 17752 23313 E ActivityThread: Failed to find provider info for gmail-ofls
09-02 11:15:14.664 17752 23313 E ActivityThread: Failed to find provider info for gmail-ofls
09-02 11:15:14.667 17752 23313 E ActivityThread: Failed to find provider info for gmail-ofls
09-02 11:15:14.671 17752 23313 E ActivityThread: Failed to find provider info for gmail-ofls
09-02 11:15:14.674 17752 23313 E ActivityThread: Failed to find provider info for gmail-ofls
09-02 11:15:14.733  1137  1317 D PowerManagerServiceEx: isScreenOnBlockedLocked
09-02 11:15:15.135   993  1025 I ThermalCvtGovernor: board(default) curTemp: 34320 tripTemp: 39000 setPollingDelay: 2000
09-02 11:15:15.420  1137  1338 D RamBoostManagerService: closeSource for /proc/stat
09-02 11:15:15.421  1137  1338 D RamBoostManagerService: updateMotoSwapState: mIsTouching: false mIsScreenOff: false mCpuUsed: 30.345118
09-02 11:15:15.421  1137  1338 E RamBoostManagerService: mCpuUsed: 30.345118
09-02 11:15:15.776  1137  1317 D PowerManagerServiceEx: isScreenOnBlockedLocked
09-02 11:15:15.781 17752 23313 E ActivityThread: Failed to find provider info for gmail-ofls
09-02 11:15:15.797  1137  1914 D PowerManagerServiceEx: isScreenOnBlockedLocked
09-02 11:15:16.418  1137  1296 D WifiStaIfaceHidlImpl: getCachedScanData is not implemented by HIDL
09-02 11:15:16.831  1137  1914 W ProcessStats: Tracking association SourceState{9eaf531 com.google.android.gms/10181 BFgs #397370} whose proc state 4 is better than process ProcessState{55edc48 com.google.android.adservices.api/10259 pkg=com.google.android.adservices.api} proc state 14 (56 skipped)
09-02 11:15:16.835  1137  1914 D PowerManagerServiceEx: isScreenOnBlockedLocked
09-02 11:15:16.838 17752 23313 E ActivityThread: Failed to find provider info for gmail-ofls
09-02 11:15:16.860  1137  1914 D PowerManagerServiceEx: isScreenOnBlockedLocked
09-02 11:15:17.881  1137  1914 D PowerManagerServiceEx: isScreenOnBlockedLocked
09-02 11:15:17.891 17752 23313 E Icing   : Failed to remove thing with error code :error uri not found
09-02 11:15:17.892 17752 23313 E Icing   : Failed to remove thing with error code :error uri not found
09-02 11:15:17.892 17752 23313 E Icing   : Failed to remove thing with error code :error uri not found
09-02 11:15:17.892 17752 23313 E Icing   : Failed to remove thing with error code :error uri not found
09-02 11:15:17.892 17752 23313 E Icing   : Failed to remove thing with error code :error uri not found
09-02 11:15:17.892 17752 23313 E Icing   : Failed to remove thing with error code :error uri not found
09-02 11:15:17.892 17752 23313 E Icing   : Failed to remove thing with error code :error uri not found
09-02 11:15:17.892 17752 23313 E Icing   : Failed to remove thing with error code :error uri not found
09-02 11:15:17.892 17752 23313 E Icing   : Failed to remove thing with error code :error uri not found
09-02 11:15:17.892 17752 23313 E Icing   : Failed to remove thing with error code :error uri not found
09-02 11:15:17.892 17752 23313 E Icing   : Failed to remove thing with error code :error uri not found
09-02 11:15:17.892 17752 23313 E Icing   : Failed to remove thing with error code :error uri not found
09-02 11:15:17.893 17752 23313 E Icing   : Failed to remove thing with error code :error uri not found
09-02 11:15:17.893 17752 23313 E Icing   : Failed to remove thing with error code :error uri not found
09-02 11:15:17.907  1137  5797 D PowerManagerServiceEx: isScreenOnBlockedLocked
09-02 11:15:18.420  1137  1338 D RamBoostManagerService: closeSource for /proc/stat
09-02 11:15:18.421  1137  1338 D RamBoostManagerService: updateMotoSwapState: mIsTouching: false mIsScreenOff: false mCpuUsed: 6.0465097
09-02 11:15:18.421  1137  1338 E RamBoostManagerService: mCpuUsed: 6.0465097
09-02 11:15:18.758  2249  2393 I bluetooth: packages/modules/Bluetooth/system/gd/hci/acl_manager/le_impl.h:1117 on_create_connection_timeout: on_create_connection_timeout, address: f6:17:31:d6:98:92[RANDOM_DEVICE_ADDRESS]
09-02 11:15:18.759  2249  2393 I bluetooth: packages/modules/Bluetooth/system/gd/metrics/metrics_state.cc:177 AddStateChangedEvent: LEConnectionMetricsRemoteDevice: Transaction State 0x00000004, Connection Type 0x00000001, Origin Type 0x00000001
09-02 11:15:18.759  2249  2393 I bluetooth: packages/modules/Bluetooth/system/gd/metrics/metrics_state.cc:58 AddStateChangedEvent: LEConnectionMetricState:  Origin Type: 0x00000001, Connection Type: 0x00000001, Transaction State: 0x00000004
09-02 11:15:18.759  2249  2393 I bluetooth: packages/modules/Bluetooth/system/gd/metrics/metrics_state.cc:161 UploadLEConnectionSession: LEConnectionMetricsRemoteDevice: The session is uploaded for xx:xx:xx:xx:98:92
09-02 11:15:18.759  2249  2393 I bluetooth: packages/modules/Bluetooth/system/gd/metrics/metrics_state.cc:177 AddStateChangedEvent: LEConnectionMetricsRemoteDevice: Transaction State 0x00000003, Connection Type 0x00000001, Origin Type 0x00000000
09-02 11:15:18.759  2249  2393 I bluetooth: packages/modules/Bluetooth/system/gd/metrics/metrics_state.cc:183 AddStateChangedEvent: LEConnectionMetricsRemoteDevice: Empty Address Cancellation 0x00000003, 0x00000001, 0x00000003
09-02 11:15:18.760  2249  2393 I bluetooth: packages/modules/Bluetooth/system/gd/hci/acl_manager/le_impl.h:1027 disarm_connectability: Disarming LE connection state machine with create connection cancel
09-02 11:15:18.760  2249  2393 W bluetooth: packages/modules/Bluetooth/system/main/shim/acl.cc:1769 OnLeConnectFail: Connection failed le remote:f6:17:31:d6:98:92[RANDOM_DEVICE_ADDRESS]
09-02 11:15:18.760  2249  2393 I bluetooth: packages/modules/Bluetooth/system/gd/hci/le_address_manager.cc:265 ack_pause: Client already in paused state
09-02 11:15:18.760  2249  2335 I bluetooth: packages/modules/Bluetooth/system/stack/arbiter/acl_arbiter.cc:90 OnLeDisconnect: Notifying Rust of LE disconnection
09-02 11:15:18.760  2249  2335 I bt      : bluetooth_core::gatt::arbiter: processing disconnection on transport TransportIndex(0)
09-02 11:15:18.760  2249  2335 I bluetooth: packages/modules/Bluetooth/system/stack/eatt/eatt_impl.h:914 disconnect:  Device: xx:xx:xx:xx:98:92, cid: 0xffff
09-02 11:15:18.760  2249  2335 W bt_stack: [WARNING:eatt_impl.h(918)] disconnect no eatt device found
09-02 11:15:18.761   609   609 D bt_vendor: op for BT_VND_OP_LPM_WAKE_SET_STATE
09-02 11:15:18.761  2249  2335 I bluetooth: packages/modules/Bluetooth/system/stack/gap/gap_ble.cc:304 client_connect_cback: No active GAP service found for peer:xx:xx:xx:xx:98:92 callback:Disconnected
09-02 11:15:18.761  2249  2335 I bt_bta_gattc: packages/modules/Bluetooth/system/bta/gatt/bta_gattc_act.cc:1320 bta_gattc_conn_cback: Disconnected att_id:3 addr:xx:xx:xx:xx:98:92, transport:BT_TRANSPORT_LE reason:UNKNOWN[255]
09-02 11:15:18.761  2249  2335 I bt_bta_gattc: packages/modules/Bluetooth/system/bta/gatt/bta_gattc_act.cc:1320 bta_gattc_conn_cback: Disconnected att_id:4 addr:xx:xx:xx:xx:98:92, transport:BT_TRANSPORT_LE reason:UNKNOWN[255]
09-02 11:15:18.761  2249  2335 I bt_bta_gattc: packages/modules/Bluetooth/system/bta/gatt/bta_gattc_act.cc:1320 bta_gattc_conn_cback: Disconnected att_id:5 addr:xx:xx:xx:xx:98:92, transport:BT_TRANSPORT_LE reason:UNKNOWN[255]
09-02 11:15:18.761  2249  2335 I bt_bta_gattc: packages/modules/Bluetooth/system/bta/gatt/bta_gattc_act.cc:1320 bta_gattc_conn_cback: Disconnected att_id:7 addr:xx:xx:xx:xx:98:92, transport:BT_TRANSPORT_LE reason:UNKNOWN[255]
09-02 11:15:18.761  2249  2335 W bluetooth: packages/modules/Bluetooth/system/stack/acl/ble_acl.cc:153 acl_ble_connection_fail: LE connection fail peer:xx:xx:xx:xx:98:92[random] bd_addr:xx:xx:xx:xx:98:92 hci_status:HCI_ERR_HOST_TIMEOUT
09-02 11:15:18.761  2249  2335 E bta_gattc_main: packages/modules/Bluetooth/system/bta/gatt/bta_gattc_main.cc:395 bta_gattc_hdl_event: Ignore unknown conn ID: 3
09-02 11:15:18.761  2249  2335 E bta_gattc_main: packages/modules/Bluetooth/system/bta/gatt/bta_gattc_main.cc:395 bta_gattc_hdl_event: Ignore unknown conn ID: 4
09-02 11:15:18.761  2249  2335 E bta_gattc_main: packages/modules/Bluetooth/system/bta/gatt/bta_gattc_main.cc:395 bta_gattc_hdl_event: Ignore unknown conn ID: 5
09-02 11:15:18.761  2249  2335 W bt_stack: [WARNING:bta_gattc_act.cc(364)] bta_gattc_open_fail: Cannot establish Connection. conn_id=000000. Return GATT_ERROR(133)
09-02 11:15:18.762  2249  2393 I bluetooth: packages/modules/Bluetooth/system/gd/hci/le_address_manager.cc:265 ack_pause: Client already in paused state
09-02 11:15:18.763  2249  2436 D BtGatt.GattService: onClientConnected() uid_not_found=com.google.uid.shared:10181
09-02 11:15:18.764 23698 23709 D BluetoothGatt: onClientConnectionState() - status=133 clientIf=7 device=F6:17:31:D6:98:92
09-02 11:15:18.764 20316 23904 D BluetoothGattServer: onServerConnectionState() - status=0 serverIf=6 device=F6:17:31:D6:98:92
09-02 11:15:18.765 20316 23904 W NearbyPresence: BleGattServerProviderV1: Device never transitioned to STATE_CONNECTED! [CONTEXT service_id=317 ]
09-02 11:15:18.767 23698 23698 D BluetoothGatt: close()
09-02 11:15:18.767 23698 23698 D BluetoothGatt: unregisterApp() - mClientIf=7
09-02 11:15:18.771  2249  2335 I bt_stack: [INFO:gatt_api.cc(1279)] GATT_Deregister gatt_if=7
09-02 11:15:18.778  2249  2393 I bluetooth: packages/modules/Bluetooth/system/gd/metrics/metrics_state.cc:177 AddStateChangedEvent: LEConnectionMetricsRemoteDevice: Transaction State 0x00000002, Connection Type 0x00000001, Origin Type 0x00000001
09-02 11:15:18.778  2249  2393 I bluetooth: packages/modules/Bluetooth/system/gd/metrics/metrics_state.cc:183 AddStateChangedEvent: LEConnectionMetricsRemoteDevice: Empty Address Cancellation 0x00000002, 0x00000001, 0x00000002
09-02 11:15:18.778  2249  2393 I bluetooth: packages/modules/Bluetooth/system/gd/metrics/metrics_state.cc:196 AddStateChangedEvent: LEConnectionMetricsRemoteDevice: Session is now complete after cancellation
09-02 11:15:18.778  2249  2393 I bluetooth: packages/modules/Bluetooth/system/gd/metrics/metrics_state.cc:58 AddStateChangedEvent: LEConnectionMetricState:  Origin Type: 0x00000001, Connection Type: 0x00000001, Transaction State: 0x00000002
09-02 11:15:18.778  2249  2393 I bluetooth: packages/modules/Bluetooth/system/gd/metrics/metrics_state.cc:196 AddStateChangedEvent: LEConnectionMetricsRemoteDevice: Session is now complete after cancellation
09-02 11:15:18.778  2249  2393 I bluetooth: packages/modules/Bluetooth/system/gd/metrics/metrics_state.cc:58 AddStateChangedEvent: LEConnectionMetricState:  Origin Type: 0x00000001, Connection Type: 0x00000001, Transaction State: 0x00000002
09-02 11:15:18.778  2249  2393 I bluetooth: packages/modules/Bluetooth/system/gd/metrics/metrics_state.cc:196 AddStateChangedEvent: LEConnectionMetricsRemoteDevice: Session is now complete after cancellation
09-02 11:15:18.778  2249  2393 I bluetooth: packages/modules/Bluetooth/system/gd/metrics/metrics_state.cc:58 AddStateChangedEvent: LEConnectionMetricState:  Origin Type: 0x00000001, Connection Type: 0x00000001, Transaction State: 0x00000002
09-02 11:15:18.778  2249  2393 I bluetooth: packages/modules/Bluetooth/system/gd/metrics/metrics_state.cc:196 AddStateChangedEvent: LEConnectionMetricsRemoteDevice: Session is now complete after cancellation
09-02 11:15:18.778  2249  2393 I bluetooth: packages/modules/Bluetooth/system/gd/metrics/metrics_state.cc:58 AddStateChangedEvent: LEConnectionMetricState:  Origin Type: 0x00000001, Connection Type: 0x00000001, Transaction State: 0x00000002
09-02 11:15:18.779  2249  2393 I bluetooth: packages/modules/Bluetooth/system/gd/metrics/metrics_state.cc:196 AddStateChangedEvent: LEConnectionMetricsRemoteDevice: Session is now complete after cancellation
09-02 11:15:18.779  2249  2393 I bluetooth: packages/modules/Bluetooth/system/gd/metrics/metrics_state.cc:58 AddStateChangedEvent: LEConnectionMetricState:  Origin Type: 0x00000001, Connection Type: 0x00000001, Transaction State: 0x00000002
09-02 11:15:18.779  2249  2393 I bluetooth: packages/modules/Bluetooth/system/gd/metrics/metrics_state.cc:196 AddStateChangedEvent: LEConnectionMetricsRemoteDevice: Session is now complete after cancellation
09-02 11:15:18.779  2249  2393 I bluetooth: packages/modules/Bluetooth/system/gd/metrics/metrics_state.cc:58 AddStateChangedEvent: LEConnectionMetricState:  Origin Type: 0x00000001, Connection Type: 0x00000001, Transaction State: 0x00000002
09-02 11:15:18.779  2249  2393 I bluetooth: packages/modules/Bluetooth/system/gd/metrics/metrics_state.cc:196 AddStateChangedEvent: LEConnectionMetricsRemoteDevice: Session is now complete after cancellation
09-02 11:15:18.779  2249  2393 I bluetooth: packages/modules/Bluetooth/system/gd/metrics/metrics_state.cc:58 AddStateChangedEvent: LEConnectionMetricState:  Origin Type: 0x00000001, Connection Type: 0x00000001, Transaction State: 0x00000002
09-02 11:15:18.779  2249  2393 I bluetooth: packages/modules/Bluetooth/system/gd/metrics/metrics_state.cc:196 AddStateChangedEvent: LEConnectionMetricsRemoteDevice: Session is now complete after cancellation
09-02 11:15:18.779  2249  2393 I bluetooth: packages/modules/Bluetooth/system/gd/metrics/metrics_state.cc:58 AddStateChangedEvent: LEConnectionMetricState:  Origin Type: 0x00000001, Connection Type: 0x00000001, Transaction State: 0x00000002
09-02 11:15:18.779  2249  2393 I bluetooth: packages/modules/Bluetooth/system/gd/metrics/metrics_state.cc:196 AddStateChangedEvent: LEConnectionMetricsRemoteDevice: Session is now complete after cancellation
09-02 11:15:18.779  2249  2393 I bluetooth: packages/modules/Bluetooth/system/gd/metrics/metrics_state.cc:58 AddStateChangedEvent: LEConnectionMetricState:  Origin Type: 0x00000001, Connection Type: 0x00000001, Transaction State: 0x00000002
09-02 11:15:18.779  2249  2393 I bluetooth: packages/modules/Bluetooth/system/gd/metrics/metrics_state.cc:196 AddStateChangedEvent: LEConnectionMetricsRemoteDevice: Session is now complete after cancellation
09-02 11:15:18.779  2249  2393 I bluetooth: packages/modules/Bluetooth/system/gd/metrics/metrics_state.cc:58 AddStateChangedEvent: LEConnectionMetricState:  Origin Type: 0x00000001, Connection Type: 0x00000001, Transaction State: 0x00000002
09-02 11:15:18.779  2249  2393 I bluetooth: packages/modules/Bluetooth/system/gd/metrics/metrics_state.cc:196 AddStateChangedEvent: LEConnectionMetricsRemoteDevice: Session is now complete after cancellation
09-02 11:15:18.779  2249  2393 I bluetooth: packages/modules/Bluetooth/system/gd/metrics/metrics_state.cc:58 AddStateChangedEvent: LEConnectionMetricState:  Origin Type: 0x00000001, Connection Type: 0x00000001, Transaction State: 0x00000002
09-02 11:15:18.779  2249  2393 I bluetooth: packages/modules/Bluetooth/system/gd/metrics/metrics_state.cc:196 AddStateChangedEvent: LEConnectionMetricsRemoteDevice: Session is now complete after cancellation
09-02 11:15:18.779  2249  2393 I bluetooth: packages/modules/Bluetooth/system/gd/metrics/metrics_state.cc:58 AddStateChangedEvent: LEConnectionMetricState:  Origin Type: 0x00000001, Connection Type: 0x00000001, Transaction State: 0x00000002
09-02 11:15:18.779  2249  2393 I bluetooth: packages/modules/Bluetooth/system/gd/metrics/metrics_state.cc:196 AddStateChangedEvent: LEConnectionMetricsRemoteDevice: Session is now complete after cancellation
09-02 11:15:18.779  2249  2393 I bluetooth: packages/modules/Bluetooth/system/gd/metrics/metrics_state.cc:58 AddStateChangedEvent: LEConnectionMetricState:  Origin Type: 0x00000001, Connection Type: 0x00000001, Transaction State: 0x00000002
09-02 11:15:18.779  2249  2393 I bluetooth: packages/modules/Bluetooth/system/gd/metrics/metrics_state.cc:196 AddStateChangedEvent: LEConnectionMetricsRemoteDevice: Session is now complete after cancellation
09-02 11:15:18.779  2249  2393 I bluetooth: packages/modules/Bluetooth/system/gd/metrics/metrics_state.cc:58 AddStateChangedEvent: LEConnectionMetricState:  Origin Type: 0x00000001, Connection Type: 0x00000001, Transaction State: 0x00000002
09-02 11:15:18.779  2249  2393 I bluetooth: packages/modules/Bluetooth/system/gd/metrics/metrics_state.cc:196 AddStateChangedEvent: LEConnectionMetricsRemoteDevice: Session is now complete after cancellation
09-02 11:15:18.779  2249  2393 I bluetooth: packages/modules/Bluetooth/system/gd/metrics/metrics_state.cc:58 AddStateChangedEvent: LEConnectionMetricState:  Origin Type: 0x00000001, Connection Type: 0x00000001, Transaction State: 0x00000002
09-02 11:15:18.779  2249  2393 I bluetooth: packages/modules/Bluetooth/system/gd/metrics/metrics_state.cc:196 AddStateChangedEvent: LEConnectionMetricsRemoteDevice: Session is now complete after cancellation
09-02 11:15:18.780  2249  2393 I bluetooth: packages/modules/Bluetooth/system/gd/metrics/metrics_state.cc:58 AddStateChangedEvent: LEConnectionMetricState:  Origin Type: 0x00000001, Connection Type: 0x00000001, Transaction State: 0x00000002
09-02 11:15:18.780  2249  2393 I bluetooth: packages/modules/Bluetooth/system/gd/metrics/metrics_state.cc:196 AddStateChangedEvent: LEConnectionMetricsRemoteDevice: Session is now complete after cancellation
09-02 11:15:18.780  2249  2393 I bluetooth: packages/modules/Bluetooth/system/gd/metrics/metrics_state.cc:58 AddStateChangedEvent: LEConnectionMetricState:  Origin Type: 0x00000001, Connection Type: 0x00000001, Transaction State: 0x00000002
09-02 11:15:18.780  2249  2393 I bluetooth: packages/modules/Bluetooth/system/gd/metrics/metrics_state.cc:196 AddStateChangedEvent: LEConnectionMetricsRemoteDevice: Session is now complete after cancellation
09-02 11:15:18.780  2249  2393 I bluetooth: packages/modules/Bluetooth/system/gd/metrics/metrics_state.cc:58 AddStateChangedEvent: LEConnectionMetricState:  Origin Type: 0x00000001, Connection Type: 0x00000001, Transaction State: 0x00000002
09-02 11:15:18.780  2249  2393 I bluetooth: packages/modules/Bluetooth/system/gd/metrics/metrics_state.cc:196 AddStateChangedEvent: LEConnectionMetricsRemoteDevice: Session is now complete after cancellation
09-02 11:15:18.780  2249  2393 I bluetooth: packages/modules/Bluetooth/system/gd/metrics/metrics_state.cc:58 AddStateChangedEvent: LEConnectionMetricState:  Origin Type: 0x00000001, Connection Type: 0x00000001, Transaction State: 0x00000002
09-02 11:15:18.780  2249  2393 I bluetooth: packages/modules/Bluetooth/system/gd/metrics/metrics_state.cc:196 AddStateChangedEvent: LEConnectionMetricsRemoteDevice: Session is now complete after cancellation
09-02 11:15:18.780  2249  2393 I bluetooth: packages/modules/Bluetooth/system/gd/metrics/metrics_state.cc:58 AddStateChangedEvent: LEConnectionMetricState:  Origin Type: 0x00000001, Connection Type: 0x00000001, Transaction State: 0x00000002
09-02 11:15:18.780  2249  2393 I bluetooth: packages/modules/Bluetooth/system/gd/metrics/metrics_state.cc:196 AddStateChangedEvent: LEConnectionMetricsRemoteDevice: Session is now complete after cancellation
09-02 11:15:18.780  2249  2393 I bluetooth: packages/modules/Bluetooth/system/gd/metrics/metrics_state.cc:58 AddStateChangedEvent: LEConnectionMetricState:  Origin Type: 0x00000001, Connection Type: 0x00000001, Transaction State: 0x00000002
09-02 11:15:18.780  2249  2393 I bluetooth: packages/modules/Bluetooth/system/gd/metrics/metrics_state.cc:196 AddStateChangedEvent: LEConnectionMetricsRemoteDevice: Session is now complete after cancellation
09-02 11:15:18.780  2249  2393 I bluetooth: packages/modules/Bluetooth/system/gd/metrics/metrics_state.cc:58 AddStateChangedEvent: LEConnectionMetricState:  Origin Type: 0x00000001, Connection Type: 0x00000001, Transaction State: 0x00000002
09-02 11:15:18.780  2249  2393 I bluetooth: packages/modules/Bluetooth/system/gd/metrics/metrics_state.cc:196 AddStateChangedEvent: LEConnectionMetricsRemoteDevice: Session is now complete after cancellation
09-02 11:15:18.780  2249  2393 I bluetooth: packages/modules/Bluetooth/system/gd/metrics/metrics_state.cc:58 AddStateChangedEvent: LEConnectionMetricState:  Origin Type: 0x00000001, Connection Type: 0x00000001, Transaction State: 0x00000002
09-02 11:15:18.780  2249  2393 I bluetooth: packages/modules/Bluetooth/system/gd/metrics/metrics_state.cc:196 AddStateChangedEvent: LEConnectionMetricsRemoteDevice: Session is now complete after cancellation
09-02 11:15:18.780  2249  2393 I bluetooth: packages/modules/Bluetooth/system/gd/metrics/metrics_state.cc:58 AddStateChangedEvent: LEConnectionMetricState:  Origin Type: 0x00000001, Connection Type: 0x00000001, Transaction State: 0x00000002
09-02 11:15:18.780  2249  2393 I bluetooth: packages/modules/Bluetooth/system/gd/metrics/metrics_state.cc:196 AddStateChangedEvent: LEConnectionMetricsRemoteDevice: Session is now complete after cancellation
09-02 11:15:18.780  2249  2393 I bluetooth: packages/modules/Bluetooth/system/gd/metrics/metrics_state.cc:58 AddStateChangedEvent: LEConnectionMetricState:  Origin Type: 0x00000001, Connection Type: 0x00000001, Transaction State: 0x00000002
09-02 11:15:18.780  2249  2393 I bluetooth: packages/modules/Bluetooth/system/gd/metrics/metrics_state.cc:196 AddStateChangedEvent: LEConnectionMetricsRemoteDevice: Session is now complete after cancellation
09-02 11:15:18.780  2249  2393 I bluetooth: packages/modules/Bluetooth/system/gd/metrics/metrics_state.cc:58 AddStateChangedEvent: LEConnectionMetricState:  Origin Type: 0x00000001, Connection Type: 0x00000001, Transaction State: 0x00000002
09-02 11:15:18.780  2249  2393 I bluetooth: packages/modules/Bluetooth/system/gd/metrics/metrics_state.cc:196 AddStateChangedEvent: LEConnectionMetricsRemoteDevice: Session is now complete after cancellation
09-02 11:15:18.780  2249  2393 I bluetooth: packages/modules/Bluetooth/system/gd/metrics/metrics_state.cc:58 AddStateChangedEvent: LEConnectionMetricState:  Origin Type: 0x00000001, Connection Type: 0x00000001, Transaction State: 0x00000002
09-02 11:15:18.780  2249  2393 I bluetooth: packages/modules/Bluetooth/system/gd/metrics/metrics_state.cc:196 AddStateChangedEvent: LEConnectionMetricsRemoteDevice: Session is now complete after cancellation
09-02 11:15:18.780  2249  2393 I bluetooth: packages/modules/Bluetooth/system/gd/metrics/metrics_state.cc:58 AddStateChangedEvent: LEConnectionMetricState:  Origin Type: 0x00000001, Connection Type: 0x00000001, Transaction State: 0x00000002
09-02 11:15:18.780  2249  2393 I bluetooth: packages/modules/Bluetooth/system/gd/metrics/metrics_state.cc:196 AddStateChangedEvent: LEConnectionMetricsRemoteDevice: Session is now complete after cancellation
09-02 11:15:18.780  2249  2393 I bluetooth: packages/modules/Bluetooth/system/gd/metrics/metrics_state.cc:58 AddStateChangedEvent: LEConnectionMetricState:  Origin Type: 0x00000001, Connection Type: 0x00000001, Transaction State: 0x00000002
09-02 11:15:18.781  2249  2393 I bluetooth: packages/modules/Bluetooth/system/gd/metrics/metrics_state.cc:196 AddStateChangedEvent: LEConnectionMetricsRemoteDevice: Session is now complete after cancellation
09-02 11:15:18.781  2249  2393 I bluetooth: packages/modules/Bluetooth/system/gd/metrics/metrics_state.cc:58 AddStateChangedEvent: LEConnectionMetricState:  Origin Type: 0x00000001, Connection Type: 0x00000001, Transaction State: 0x00000002
09-02 11:15:18.781  2249  2393 I bluetooth: packages/modules/Bluetooth/system/gd/hci/le_address_manager.cc:265 ack_pause: Client already in paused state
09-02 11:15:18.781  2249  2393 I bluetooth: packages/modules/Bluetooth/system/gd/hci/le_address_manager.cc:265 ack_pause: Client already in paused state
09-02 11:15:18.781  2249  2393 I bluetooth: packages/modules/Bluetooth/system/gd/hci/le_address_manager.cc:265 ack_pause: Client already in paused state
09-02 11:15:18.781  1137  5797 W JobScheduler.JobStatus: Exempted app com.whoop.android considered buggy
09-02 11:15:18.781  1137  5797 W JobScheduler.JobStatus: Exempted app com.whoop.android considered buggy
09-02 11:15:18.781  1137  5797 W JobScheduler.JobStatus: Exempted app com.whoop.android considered buggy
09-02 11:15:18.781  1137  5797 W JobScheduler.JobStatus: Exempted app com.whoop.android considered buggy
09-02 11:15:18.781  1137  5797 W JobScheduler.JobStatus: Exempted app com.whoop.android considered buggy
09-02 11:15:18.781  1137  5797 W JobScheduler.JobStatus: Exempted app com.whoop.android considered buggy
09-02 11:15:18.782  1137  5797 W JobScheduler.JobStatus: Exempted app com.whoop.android considered buggy
09-02 11:15:18.782  1137  5797 W JobScheduler.JobStatus: Exempted app com.whoop.android considered buggy
09-02 11:15:18.782  1137  5797 W JobScheduler.JobStatus: Exempted app com.whoop.android considered buggy
09-02 11:15:18.782  1137  5797 W JobScheduler.JobStatus: Exempted app com.whoop.android considered buggy
09-02 11:15:18.782  1137  5797 W JobScheduler.JobStatus: Exempted app com.whoop.android considered buggy
09-02 11:15:18.782  1137  5797 W JobScheduler.JobStatus: Exempted app com.whoop.android considered buggy
09-02 11:15:18.782  1137  5797 W JobScheduler.JobStatus: Exempted app com.whoop.android considered buggy
09-02 11:15:18.783  1137  5797 W JobScheduler.JobStatus: Exempted app com.whoop.android considered buggy
09-02 11:15:18.785  1137  5797 W JobScheduler.JobStatus: Exempted app com.whoop.android considered buggy
09-02 11:15:18.785  1137  5797 W JobScheduler.JobStatus: Exempted app com.whoop.android considered buggy
09-02 11:15:18.786  1137  5797 V AlarmManager: set(null) : type=3 listener=android.app.AlarmManager$ListenerWrapper@59edda6 listenerTag=*job.delay* workSource=WorkSource{10192 com.android.vending} callingPackage=android callingUid=1000 triggerAtTime=588272181 win=82667 tElapsed=588272181 maxElapsed=588354848 interval=0 flags=0x0
09-02 11:15:18.787  1137  5797 D AlarmManagerService: set alarm to kernel: 588183.217000000, type=2
09-02 11:15:18.787  1137  5797 D AlarmManagerService: set alarm to kernel: 588183.217000000, type=2
09-02 11:15:18.788  2249  2393 W bluetooth: packages/modules/Bluetooth/system/gd/hci/le_scanning_manager.cc:1692 check_status: Receive set extended scan enable with error code SUCCESS
09-02 11:15:18.788  1137  5797 V AlarmManager: set(null) : type=2 listener=android.app.AlarmManager$ListenerWrapper@45443ab listenerTag=*job.deadline* workSource=WorkSource{10192 com.android.vending} callingPackage=android callingUid=1000 triggerAtTime=589172181 win=757665 tElapsed=589172181 maxElapsed=589929846 interval=0 flags=0x0
09-02 11:15:18.789  1137  5797 D AlarmManagerService: set alarm to kernel: 588723.093000000, type=2
09-02 11:15:18.789  1137  5797 D AlarmManagerService: set alarm to kernel: 588203.173000000, type=3
09-02 11:15:18.789  1137  5797 D AlarmManagerService: set alarm to kernel: 588723.093000000, type=2
09-02 11:15:18.789  1137  5797 D AlarmManagerService: set alarm to kernel: 588203.173000000, type=3
09-02 11:15:18.790  1137  5797 W JobScheduler.JobStatus: Exempted app com.whoop.android considered buggy
09-02 11:15:18.790  1137  5797 W JobScheduler.JobStatus: Exempted app com.whoop.android considered buggy
09-02 11:15:18.791  1137  5797 W JobScheduler.JobStatus: Exempted app com.whoop.android considered buggy
09-02 11:15:18.791  1137  5797 W JobScheduler.JobStatus: Exempted app com.whoop.android considered buggy
09-02 11:15:18.792  1137  5797 V AlarmManager: set(null) : type=2 listener=android.app.AlarmManager$ListenerWrapper@45443ab listenerTag=*job.deadline* workSource=WorkSource{10292 com.whoop.android} callingPackage=android callingUid=1000 triggerAtTime=588176949 win=11238 tElapsed=588176949 maxElapsed=588188187 interval=0 flags=0x0
09-02 11:15:18.792  1137  5797 D AlarmManagerService: set alarm to kernel: 588723.093000000, type=2
09-02 11:15:18.792  1137  5797 D AlarmManagerService: set alarm to kernel: 588203.173000000, type=3
09-02 11:15:18.792  1137  5797 D AlarmManagerService: set alarm to kernel: 588188.187000000, type=2
09-02 11:15:18.793  1137  5797 W JobScheduler.JobStatus: Exempted app com.whoop.android considered buggy
09-02 11:15:18.793  1137  5797 V AlarmManager: set(null) : type=3 listener=android.app.AlarmManager$ListenerWrapper@59edda6 listenerTag=*job.delay* workSource=WorkSource{10292 com.whoop.android} callingPackage=android callingUid=1000 triggerAtTime=588185338 win=17529 tElapsed=588185338 maxElapsed=588202867 interval=0 flags=0x0
09-02 11:15:18.794  1137  5797 D AlarmManagerService: set alarm to kernel: 588188.187000000, type=2
09-02 11:15:18.794  1137  5797 D AlarmManagerService: set alarm to kernel: 588188.187000000, type=2
09-02 11:15:18.794  1137  5797 W JobScheduler.JobStatus: Exempted app com.whoop.android considered buggy
09-02 11:15:18.797  2249  2335 E bt_btm  : packages/modules/Bluetooth/system/main/bte_logmsg.cc:105 LogMsg: no pending resolving list operation
09-02 11:15:18.801  1137  5797 W JobScheduler.JobStatus: Exempted app com.whoop.android considered buggy
09-02 11:15:18.802  1137  5797 W JobScheduler.JobStatus: Exempted app com.whoop.android considered buggy
09-02 11:15:18.802  2249  2393 I bluetooth: packages/modules/Bluetooth/system/gd/hci/le_address_manager.cc:596 OnCommandComplete: Received command complete with op_code LE_REMOVE_DEVICE_FROM_FILTER_ACCEPT_LIST
09-02 11:15:18.802  2249  2393 I bluetooth: packages/modules/Bluetooth/system/gd/hci/le_address_manager.cc:294 resume_registered_clients: Resuming registered clients
09-02 11:15:18.802  2249  2393 I bluetooth: packages/modules/Bluetooth/system/gd/hci/acl_manager/le_impl.h:905 arm_connectability: Ignored request to re-arm le connection state machine when filter accept list is empty
09-02 11:15:18.802  1137  5797 W JobScheduler.JobStatus: Exempted app com.whoop.android considered buggy
09-02 11:15:18.802  1137  5797 W JobScheduler.JobStatus: Exempted app com.whoop.android considered buggy
09-02 11:15:18.802  1137  5797 W JobScheduler.JobStatus: Exempted app com.whoop.android considered buggy
09-02 11:15:18.802  1137  5797 W JobScheduler.JobStatus: Exempted app com.whoop.android considered buggy
09-02 11:15:18.802  1137  5797 W JobScheduler.JobStatus: Exempted app com.whoop.android considered buggy
09-02 11:15:18.802  1137  5797 W JobScheduler.JobStatus: Exempted app com.whoop.android considered buggy
09-02 11:15:18.803  1137  5797 W JobScheduler.JobStatus: Exempted app com.whoop.android considered buggy
09-02 11:15:18.803  1137  5797 W JobScheduler.JobStatus: Exempted app com.whoop.android considered buggy
09-02 11:15:18.803  1137  5797 W JobScheduler.JobStatus: Exempted app com.whoop.android considered buggy
09-02 11:15:18.803  1137  5797 W JobScheduler.JobStatus: Exempted app com.whoop.android considered buggy
09-02 11:15:18.804  1137  5797 W JobScheduler.JobStatus: Exempted app com.whoop.android considered buggy
09-02 11:15:18.805  1137  5797 W JobScheduler.JobStatus: Exempted app com.whoop.android considered buggy
09-02 11:15:18.806  1137  5797 W JobScheduler.JobStatus: Exempted app com.whoop.android considered buggy
09-02 11:15:18.806  1137  5797 W JobScheduler.JobStatus: Exempted app com.whoop.android considered buggy
09-02 11:15:18.807  1137  5797 V AlarmManager: set(null) : type=3 listener=android.app.AlarmManager$ListenerWrapper@59edda6 listenerTag=*job.delay* workSource=WorkSource{10192 com.android.vending} callingPackage=android callingUid=1000 triggerAtTime=588272181 win=82650 tElapsed=588272181 maxElapsed=588354831 interval=0 flags=0x0
09-02 11:15:18.807  1137  5797 D AlarmManagerService: set alarm to kernel: 588188.187000000, type=2
09-02 11:15:18.808  1137  5797 D AlarmManagerService: set alarm to kernel: 588188.187000000, type=2
09-02 11:15:18.808  1137  5797 V AlarmManager: set(null) : type=2 listener=android.app.AlarmManager$ListenerWrapper@45443ab listenerTag=*job.deadline* workSource=WorkSource{10192 com.android.vending} callingPackage=android callingUid=1000 triggerAtTime=589172181 win=757650 tElapsed=589172181 maxElapsed=589929831 interval=0 flags=0x0
09-02 11:15:18.809  1137  5797 D AlarmManagerService: set alarm to kernel: 588723.093000000, type=2
09-02 11:15:18.809  1137  5797 D AlarmManagerService: set alarm to kernel: 588203.173000000, type=3
09-02 11:15:18.809  1137  5797 D AlarmManagerService: set alarm to kernel: 588723.093000000, type=2
09-02 11:15:18.809  1137  5797 D AlarmManagerService: set alarm to kernel: 588203.173000000, type=3
09-02 11:15:18.809  1137  5797 W JobScheduler.JobStatus: Exempted app com.whoop.android considered buggy
09-02 11:15:18.809  1137  5797 W JobScheduler.JobStatus: Exempted app com.whoop.android considered buggy
09-02 11:15:18.810  1137  5797 W JobScheduler.JobStatus: Exempted app com.whoop.android considered buggy
09-02 11:15:18.810  1137  5797 W JobScheduler.JobStatus: Exempted app com.whoop.android considered buggy
09-02 11:15:18.810  1137  5797 V AlarmManager: set(null) : type=2 listener=android.app.AlarmManager$ListenerWrapper@45443ab listenerTag=*job.deadline* workSource=WorkSource{10292 com.whoop.android} callingPackage=android callingUid=1000 triggerAtTime=588176970 win=11240 tElapsed=588176970 maxElapsed=588188210 interval=0 flags=0x0
09-02 11:15:18.810  1137  5797 D AlarmManagerService: set alarm to kernel: 588723.093000000, type=2
09-02 11:15:18.810  1137  5797 D AlarmManagerService: set alarm to kernel: 588203.173000000, type=3
09-02 11:15:18.810  1137  5797 D AlarmManagerService: set alarm to kernel: 588188.210000000, type=2
09-02 11:15:18.811  1137  5797 W JobScheduler.JobStatus: Exempted app com.whoop.android considered buggy
09-02 11:15:18.811  1137  5797 V AlarmManager: set(null) : type=3 listener=android.app.AlarmManager$ListenerWrapper@59edda6 listenerTag=*job.delay* workSource=WorkSource{10292 com.whoop.android} callingPackage=android callingUid=1000 triggerAtTime=588185338 win=17516 tElapsed=588185338 maxElapsed=588202854 interval=0 flags=0x0
09-02 11:15:18.811  1137  5797 D AlarmManagerService: set alarm to kernel: 588188.210000000, type=2
09-02 11:15:18.812  1137  5797 D AlarmManagerService: set alarm to kernel: 588188.210000000, type=2
09-02 11:15:18.812  1137  5797 W JobScheduler.JobStatus: Exempted app com.whoop.android considered buggy
09-02 11:15:18.820  1137  5797 W JobScheduler.JobStatus: Exempted app com.whoop.android considered buggy
09-02 11:15:18.821  1137  5797 W JobScheduler.JobStatus: Exempted app com.whoop.android considered buggy
09-02 11:15:18.821  1137  5797 W JobScheduler.JobStatus: Exempted app com.whoop.android considered buggy
09-02 11:15:18.821  1137  5797 W JobScheduler.JobStatus: Exempted app com.whoop.android considered buggy
09-02 11:15:18.821  1137  5797 W JobScheduler.JobStatus: Exempted app com.whoop.android considered buggy
09-02 11:15:18.821  1137  5797 W JobScheduler.JobStatus: Exempted app com.whoop.android considered buggy
09-02 11:15:18.821  1137  5797 W JobScheduler.JobStatus: Exempted app com.whoop.android considered buggy
09-02 11:15:18.821  1137  5797 W JobScheduler.JobStatus: Exempted app com.whoop.android considered buggy
09-02 11:15:18.821  1137  5797 W JobScheduler.JobStatus: Exempted app com.whoop.android considered buggy
09-02 11:15:18.821  1137  5797 W JobScheduler.JobStatus: Exempted app com.whoop.android considered buggy
09-02 11:15:18.821  1137  5797 W JobScheduler.JobStatus: Exempted app com.whoop.android considered buggy
09-02 11:15:18.821  1137  5797 W JobScheduler.JobStatus: Exempted app com.whoop.android considered buggy
09-02 11:15:18.821  1137  5797 W JobScheduler.JobStatus: Exempted app com.whoop.android considered buggy
09-02 11:15:18.822  2249  2393 W bluetooth: packages/modules/Bluetooth/system/gd/hci/le_scanning_manager.cc:1692 check_status: Receive set extended scan enable with error code SUCCESS
09-02 11:15:18.822  1137  5797 W JobScheduler.JobStatus: Exempted app com.whoop.android considered buggy
09-02 11:15:18.823  1137  5797 W JobScheduler.JobStatus: Exempted app com.whoop.android considered buggy
09-02 11:15:18.824  1137  5797 W JobScheduler.JobStatus: Exempted app com.whoop.android considered buggy
09-02 11:15:18.824  1137  5797 V AlarmManager: set(null) : type=3 listener=android.app.AlarmManager$ListenerWrapper@59edda6 listenerTag=*job.delay* workSource=WorkSource{10192 com.android.vending} callingPackage=android callingUid=1000 triggerAtTime=588272181 win=82638 tElapsed=588272181 maxElapsed=588354819 interval=0 flags=0x0
09-02 11:15:18.824  1137  5797 D AlarmManagerService: set alarm to kernel: 588188.210000000, type=2
09-02 11:15:18.824  1137  5797 D AlarmManagerService: set alarm to kernel: 588188.210000000, type=2
09-02 11:15:18.825  1137  5797 V AlarmManager: set(null) : type=2 listener=android.app.AlarmManager$ListenerWrapper@45443ab listenerTag=*job.deadline* workSource=WorkSource{10192 com.android.vending} callingPackage=android callingUid=1000 triggerAtTime=589172181 win=757638 tElapsed=589172181 maxElapsed=589929819 interval=0 flags=0x0
09-02 11:15:18.825  1137  5797 D AlarmManagerService: set alarm to kernel: 588723.093000000, type=2
09-02 11:15:18.825  1137  5797 D AlarmManagerService: set alarm to kernel: 588203.173000000, type=3
09-02 11:15:18.825  1137  5797 D AlarmManagerService: set alarm to kernel: 588723.093000000, type=2
09-02 11:15:18.825  1137  5797 D AlarmManagerService: set alarm to kernel: 588203.173000000, type=3
09-02 11:15:18.825  1137  5797 W JobScheduler.JobStatus: Exempted app com.whoop.android considered buggy
09-02 11:15:18.826  1137  5797 W JobScheduler.JobStatus: Exempted app com.whoop.android considered buggy
09-02 11:15:18.826  1137  5797 W JobScheduler.JobStatus: Exempted app com.whoop.android considered buggy
09-02 11:15:18.826  1137  5797 W JobScheduler.JobStatus: Exempted app com.whoop.android considered buggy
09-02 11:15:18.826  1137  5797 V AlarmManager: set(null) : type=2 listener=android.app.AlarmManager$ListenerWrapper@45443ab listenerTag=*job.deadline* workSource=WorkSource{10292 com.whoop.android} callingPackage=android callingUid=1000 triggerAtTime=588176989 win=11242 tElapsed=588176989 maxElapsed=588188231 interval=0 flags=0x0
09-02 11:15:18.826  1137  5797 D AlarmManagerService: set alarm to kernel: 588723.093000000, type=2
09-02 11:15:18.826  1137  5797 D AlarmManagerService: set alarm to kernel: 588203.173000000, type=3
09-02 11:15:18.826  1137  5797 D AlarmManagerService: set alarm to kernel: 588188.231000000, type=2
09-02 11:15:18.827  1137  5797 W JobScheduler.JobStatus: Exempted app com.whoop.android considered buggy
09-02 11:15:18.827  1137  5797 V AlarmManager: set(null) : type=3 listener=android.app.AlarmManager$ListenerWrapper@59edda6 listenerTag=*job.delay* workSource=WorkSource{10292 com.whoop.android} callingPackage=android callingUid=1000 triggerAtTime=588185338 win=17503 tElapsed=588185338 maxElapsed=588202841 interval=0 flags=0x0
09-02 11:15:18.827  1137  5797 D AlarmManagerService: set alarm to kernel: 588188.231000000, type=2
09-02 11:15:18.827  1137  5797 D AlarmManagerService: set alarm to kernel: 588188.231000000, type=2
09-02 11:15:18.827  1137  5797 W JobScheduler.JobStatus: Exempted app com.whoop.android considered buggy
09-02 11:15:18.832  1137  1914 W JobScheduler.JobStatus: Exempted app com.whoop.android considered buggy
09-02 11:15:18.832  1137  1914 W JobScheduler.JobStatus: Exempted app com.whoop.android considered buggy
09-02 11:15:18.832  1137  1914 W JobScheduler.JobStatus: Exempted app com.whoop.android considered buggy
09-02 11:15:18.832  1137  1914 W JobScheduler.JobStatus: Exempted app com.whoop.android considered buggy
09-02 11:15:18.833  1137  1914 W JobScheduler.JobStatus: Exempted app com.whoop.android considered buggy
09-02 11:15:18.833  1137  1914 W JobScheduler.JobStatus: Exempted app com.whoop.android considered buggy
09-02 11:15:18.833  1137  1914 W JobScheduler.JobStatus: Exempted app com.whoop.android considered buggy
09-02 11:15:18.833  1137  1914 W JobScheduler.JobStatus: Exempted app com.whoop.android considered buggy
09-02 11:15:18.833  1137  1914 W JobScheduler.JobStatus: Exempted app com.whoop.android considered buggy
09-02 11:15:18.834  1137  1914 W JobScheduler.JobStatus: Exempted app com.whoop.android considered buggy
09-02 11:15:18.834  1137  1914 W JobScheduler.JobStatus: Exempted app com.whoop.android considered buggy
09-02 11:15:18.834  1137  1914 W JobScheduler.JobStatus: Exempted app com.whoop.android considered buggy
09-02 11:15:18.835  1137  1914 W JobScheduler.JobStatus: Exempted app com.whoop.android considered buggy
09-02 11:15:18.836  1137  1914 W JobScheduler.JobStatus: Exempted app com.whoop.android considered buggy
09-02 11:15:18.838  1137  1914 W JobScheduler.JobStatus: Exempted app com.whoop.android considered buggy
09-02 11:15:18.838  1137  1914 W JobScheduler.JobStatus: Exempted app com.whoop.android considered buggy
09-02 11:15:18.839  1137  1914 V AlarmManager: set(null) : type=3 listener=android.app.AlarmManager$ListenerWrapper@59edda6 listenerTag=*job.delay* workSource=WorkSource{10192 com.android.vending} callingPackage=android callingUid=1000 triggerAtTime=588272181 win=82626 tElapsed=588272181 maxElapsed=588354807 interval=0 flags=0x0
09-02 11:15:18.840  1137  1914 D AlarmManagerService: set alarm to kernel: 588188.231000000, type=2
09-02 11:15:18.840  1137  1914 D AlarmManagerService: set alarm to kernel: 588188.231000000, type=2
09-02 11:15:18.840  1137  1914 V AlarmManager: set(null) : type=2 listener=android.app.AlarmManager$ListenerWrapper@45443ab listenerTag=*job.deadline* workSource=WorkSource{10192 com.android.vending} callingPackage=android callingUid=1000 triggerAtTime=589172181 win=757626 tElapsed=589172181 maxElapsed=589929807 interval=0 flags=0x0
09-02 11:15:18.843  1137  1914 D AlarmManagerService: set alarm to kernel: 588723.093000000, type=2
09-02 11:15:18.843  1137  1914 D AlarmManagerService: set alarm to kernel: 588203.173000000, type=3
09-02 11:15:18.843  1137  1914 D AlarmManagerService: set alarm to kernel: 588723.093000000, type=2
09-02 11:15:18.843  1137  1914 D AlarmManagerService: set alarm to kernel: 588203.173000000, type=3
09-02 11:15:18.844  1137  1914 W JobScheduler.JobStatus: Exempted app com.whoop.android considered buggy
09-02 11:15:18.844  1137  1914 W JobScheduler.JobStatus: Exempted app com.whoop.android considered buggy
09-02 11:15:18.845  1137  1914 W JobScheduler.JobStatus: Exempted app com.whoop.android considered buggy
09-02 11:15:18.845  1137  1914 W JobScheduler.JobStatus: Exempted app com.whoop.android considered buggy
09-02 11:15:18.846  1137  1914 V AlarmManager: set(null) : type=2 listener=android.app.AlarmManager$ListenerWrapper@45443ab listenerTag=*job.deadline* workSource=WorkSource{10292 com.whoop.android} callingPackage=android callingUid=1000 triggerAtTime=588177002 win=11238 tElapsed=588177002 maxElapsed=588188240 interval=0 flags=0x0
09-02 11:15:18.847  1137  1914 D AlarmManagerService: set alarm to kernel: 588723.093000000, type=2
09-02 11:15:18.847  1137  1914 D AlarmManagerService: set alarm to kernel: 588203.173000000, type=3
09-02 11:15:18.848  1137  1914 D AlarmManagerService: set alarm to kernel: 588188.240000000, type=2
09-02 11:15:18.848  1137  1914 W JobScheduler.JobStatus: Exempted app com.whoop.android considered buggy
09-02 11:15:18.848  1137  1914 V AlarmManager: set(null) : type=3 listener=android.app.AlarmManager$ListenerWrapper@59edda6 listenerTag=*job.delay* workSource=WorkSource{10292 com.whoop.android} callingPackage=android callingUid=1000 triggerAtTime=588185338 win=17487 tElapsed=588185338 maxElapsed=588202825 interval=0 flags=0x0
09-02 11:15:18.848  1137  1914 D AlarmManagerService: set alarm to kernel: 588188.240000000, type=2
09-02 11:15:18.848  1137  1914 D AlarmManagerService: set alarm to kernel: 588188.240000000, type=2
09-02 11:15:18.849  1137  1914 W JobScheduler.JobStatus: Exempted app com.whoop.android considered buggy
09-02 11:15:19.441  1137  1296 D WifiStaIfaceHidlImpl: getCachedScanData is not implemented by HIDL
09-02 11:15:19.449  1464  1464 D WifiSignalController: connected : true, level : 4, isDefault : true, inetCondition : 1, statusLabel : null
09-02 11:15:19.451  1464  1464 D StatusBarIconController: ignoring old pipeline callback because the new wifi icon is enabled
09-02 11:15:19.452  1464  1464 D StatusBarIconController: setIconVisibility: slot=wifi,visibility=true,tag=0
09-02 11:15:19.473  1464 14555 D BLASTBufferQueue: [VRI[StatusBar]#5](f:0,a:3) PendingRelease=2, PendingBuffersToHold=1, SyncedFrameNumbers=0, lacfnr:73487, lapfnr:73487
09-02 11:15:19.473  1464 14555 D BLASTBufferQueue: [VRI[StatusBar]#5](f:0,a:2) PendingRelease=1, PendingBuffersToHold=1, SyncedFrameNumbers=0, lacfnr:73487, lapfnr:73487
09-02 11:15:19.559 24523 24673 V ClearcutMetricXmitter: Transmission is done.
09-02 11:15:19.559 24523 24538 V ClearcutMetricXmitter: Transmission is done.
09-02 11:15:19.559 24523 24538 V ClearcutMetricXmitter: Transmission is done.
09-02 11:15:19.559 24523 24673 V ClearcutMetricXmitter: Transmission is done.
09-02 11:15:19.559 24523 24540 V ClearcutMetricXmitter: Transmission is done.
09-02 11:15:19.559 24523 24673 V ClearcutMetricXmitter: Transmission is done.
09-02 11:15:19.560 24523 24535 V ClearcutMetricXmitter: Transmission is done.
09-02 11:15:19.560 24523 24673 V ClearcutMetricXmitter: Transmission is done.
09-02 11:15:19.560 24523 24673 V ClearcutMetricXmitter: Transmission is done.
09-02 11:15:19.560 24523 24673 V ClearcutMetricXmitter: Transmission is done.
