09-02 11:13:48.421  1137  1338 D RamBoostManagerService: closeSource for /proc/stat
09-02 11:13:48.422  1137  1338 D RamBoostManagerService: updateMotoSwapState: mIsTouching: false mIsScreenOff: false mCpuUsed: 3.4424841
09-02 11:13:48.422  1137  1338 E RamBoostManagerService: mCpuUsed: 3.4424841
09-02 11:13:48.677  1137  1296 D WifiStaIfaceHidlImpl: getCachedScanData is not implemented by HIDL
09-02 11:13:48.683  1464  1464 D WifiSignalController: connected : true, level : 4, isDefault : true, inetCondition : 1, statusLabel : null
09-02 11:13:48.684  1464  1464 D StatusBarIconController: ignoring old pipeline callback because the new wifi icon is enabled
09-02 11:13:48.684  1464  1464 D StatusBarIconController: setIconVisibility: slot=wifi,visibility=true,tag=0
09-02 11:13:48.709  1464  2276 D BLASTBufferQueue: [VRI[StatusBar]#5](f:0,a:3) PendingRelease=2, PendingBuffersToHold=1, SyncedFrameNumbers=0, lacfnr:73470, lapfnr:73470
09-02 11:13:48.709  1464  2276 D BLASTBufferQueue: [VRI[StatusBar]#5](f:0,a:2) PendingRelease=1, PendingBuffersToHold=1, SyncedFrameNumbers=0, lacfnr:73470, lapfnr:73470
09-02 11:13:48.885   972   985 D refnotify:  year:2025  mon:9 day:2
09-02 11:13:48.886   972   985 D refnotify:  sec:48  min:13 hour:15
09-02 11:13:48.886   972   985 D refnotify: apcp_time_sync: Send time and date to SP / CH
09-02 11:13:51.123 23951 24297 I R47     : Exosip [eXconf.c-1245-A7] ,t24297,l5: keep alive: 10
09-02 11:13:51.124 23951 24297 I R47     : Exosip [eXconf.c-877-A7] ,t24297,l5: eXosip: Reseting timer to 10s before waking up!
09-02 11:13:51.421  1137  1338 D RamBoostManagerService: closeSource for /proc/stat
09-02 11:13:51.421  1137  1338 D RamBoostManagerService: updateMotoSwapState: mIsTouching: false mIsScreenOff: false mCpuUsed: 3.691274
09-02 11:13:51.421  1137  1338 E RamBoostManagerService: mCpuUsed: 3.691274
09-02 11:13:51.702  1137  1296 D WifiStaIfaceHidlImpl: getCachedScanData is not implemented by HIDL
09-02 11:13:51.711  1464  1464 D WifiSignalController: connected : true, level : 4, isDefault : true, inetCondition : 1, statusLabel : null
09-02 11:13:51.713  1464  1464 D StatusBarIconController: ignoring old pipeline callback because the new wifi icon is enabled
09-02 11:13:51.713  1464  1464 D StatusBarIconController: setIconVisibility: slot=wifi,visibility=true,tag=0
09-02 11:13:51.741  1464  2276 D BLASTBufferQueue: [VRI[StatusBar]#5](f:0,a:3) PendingRelease=2, PendingBuffersToHold=1, SyncedFrameNumbers=0, lacfnr:73471, lapfnr:73471
09-02 11:13:51.742  1464  2276 D BLASTBufferQueue: [VRI[StatusBar]#5](f:0,a:2) PendingRelease=1, PendingBuffersToHold=1, SyncedFrameNumbers=0, lacfnr:73471, lapfnr:73471
09-02 11:13:53.839 23951 24463 I R47     : Exosip [eXconf.c-877-A0] ,t24463,l5: eXosip: Reseting timer to 10s before waking up!
09-02 11:13:54.421  1137  1338 D RamBoostManagerService: closeSource for /proc/stat
09-02 11:13:54.422  1137  1338 D RamBoostManagerService: updateMotoSwapState: mIsTouching: false mIsScreenOff: false mCpuUsed: 3.7269711
09-02 11:13:54.422  1137  1338 E RamBoostManagerService: mCpuUsed: 3.7269711
09-02 11:13:54.729  1137  1296 D WifiStaIfaceHidlImpl: getCachedScanData is not implemented by HIDL
09-02 11:13:57.420  1137  1338 D RamBoostManagerService: closeSource for /proc/stat
09-02 11:13:57.421  1137  1338 D RamBoostManagerService: updateMotoSwapState: mIsTouching: false mIsScreenOff: false mCpuUsed: 3.1472921
09-02 11:13:57.421  1137  1338 E RamBoostManagerService: mCpuUsed: 3.1472921
09-02 11:13:57.756  1137  1296 D WifiStaIfaceHidlImpl: getCachedScanData is not implemented by HIDL
09-02 11:13:58.998 20316 20316 D BoundBrokerSvc: onUnbind: Intent { act=com.google.android.gms.libs.gmscorelogger.service.START dat=chimera-action:/... cmp=com.google.android.gms/.chimera.PersistentDirectBootAwareApiService }
09-02 11:13:59.999  1137  1244 D AlarmManager: waitForAlarm result:8currentTime=1756797239999, elapsedRealtime=588083172
09-02 11:14:00.000  1137  1244 V AlarmManager: Received TIME_TICK alarm; rescheduling
09-02 11:14:00.001  1137  1244 V AlarmManager: set(null) : type=3 listener=com.android.server.alarm.AlarmManagerService$3@e9a82de listenerTag=TIME_TICK workSource=null callingPackage=android callingUid=1000 triggerAtTime=588143173 win=0 tElapsed=588143173 maxElapsed=588143173 interval=0 flags=0x9
09-02 11:14:00.001  1137  1137 V BroadcastQueue: Enqueuing BroadcastRecord{bb0007e android.intent.action.TIME_TICK/u-1} from uid 1000 pid 1137 for 3 receivers
09-02 11:14:00.002  1137  1244 D AlarmManagerService: set alarm to kernel: 588084.774000000, type=2
09-02 11:14:00.005  1137  1244 D PowerManagerServiceEx: isScreenOnBlockedLocked
09-02 11:14:00.005  1137  1244 D AlarmManager: sending alarm.type = 3, action = null, alarm = Alarm{98ac9df type 3 origWhen 588083172 whenElapsed 588083172 android}, cn = null, operation = null, listener=com.android.server.alarm.AlarmManagerService$3@e9a82de, listenerTag=TIME_TICK, workSource=null
09-02 11:14:00.006  1137  1244 D AlarmManagerService: set alarm to kernel: 588084.774000000, type=2
09-02 11:14:00.007  1137  1137 D PowerManagerServiceEx: isScreenOnBlockedLocked
09-02 11:14:00.048  1464  2276 D BLASTBufferQueue: [VRI[StatusBar]#5](f:0,a:3) PendingRelease=2, PendingBuffersToHold=1, SyncedFrameNumbers=0, lacfnr:73472, lapfnr:73472
09-02 11:14:00.049  1464  2276 D BLASTBufferQueue: [VRI[StatusBar]#5](f:0,a:2) PendingRelease=1, PendingBuffersToHold=1, SyncedFrameNumbers=0, lacfnr:73472, lapfnr:73472
09-02 11:14:00.421  1137  1338 D RamBoostManagerService: closeSource for /proc/stat
09-02 11:14:00.421  1137  1338 D RamBoostManagerService: updateMotoSwapState: mIsTouching: false mIsScreenOff: false mCpuUsed: 3.6104143
09-02 11:14:00.421  1137  1338 E RamBoostManagerService: mCpuUsed: 3.6104143
09-02 11:14:00.781  1137  1296 D WifiStaIfaceHidlImpl: getCachedScanData is not implemented by HIDL
09-02 11:14:00.791  1464  1464 D WifiSignalController: connected : true, level : 4, isDefault : true, inetCondition : 1, statusLabel : null
09-02 11:14:00.793  1464  1464 D StatusBarIconController: ignoring old pipeline callback because the new wifi icon is enabled
09-02 11:14:00.793  1464  1464 D StatusBarIconController: setIconVisibility: slot=wifi,visibility=true,tag=0
09-02 11:14:00.826  1464 14555 D BLASTBufferQueue: [VRI[StatusBar]#5](f:0,a:3) PendingRelease=2, PendingBuffersToHold=1, SyncedFrameNumbers=0, lacfnr:73473, lapfnr:73473
09-02 11:14:00.827  1464 14555 D BLASTBufferQueue: [VRI[StatusBar]#5](f:0,a:2) PendingRelease=1, PendingBuffersToHold=1, SyncedFrameNumbers=0, lacfnr:73473, lapfnr:73473
09-02 11:14:01.132 23951 24297 I R47     : Exosip [eXconf.c-1245-A7] ,t24297,l5: keep alive: 10
09-02 11:14:01.133 23951 24297 I R47     : Exosip [eXconf.c-877-A7] ,t24297,l5: eXosip: Reseting timer to 10s before waking up!
09-02 11:14:01.601  1137  1244 D AlarmManager: waitForAlarm result:4currentTime=1756797241601, elapsedRealtime=588084774
09-02 11:14:01.602  1137  1137 W JobScheduler.JobStatus: Exempted app com.whoop.android considered buggy
09-02 11:14:01.602  1137  1137 W JobScheduler.JobStatus: Exempted app com.whoop.android considered buggy
09-02 11:14:01.602  1137  1137 W JobScheduler.JobStatus: Exempted app com.whoop.android considered buggy
09-02 11:14:01.604  1137  1244 D PowerManagerServiceEx: isScreenOnBlockedLocked
09-02 11:14:01.605  1137  1244 D AlarmManager: sending alarm.type = 2, action = null, alarm = Alarm{85708f5 type 2 origWhen 588073526 whenElapsed 588073526 android}, cn = null, operation = null, listener=android.app.AlarmManager$ListenerWrapper@45443ab, listenerTag=*job.deadline*, workSource=WorkSource{10292 com.whoop.android}
09-02 11:14:01.606  1137  1244 D AlarmManagerService: set alarm to kernel: 588139.298000000, type=2
09-02 11:14:01.606  1137  1244 D AlarmManagerService: set alarm to kernel: 588109.966000000, type=3
09-02 11:14:01.606  1137  1137 V AlarmManager: set(null) : type=2 listener=android.app.AlarmManager$ListenerWrapper@45443ab listenerTag=*job.deadline* workSource=WorkSource{10192 com.android.vending} callingPackage=android callingUid=1000 triggerAtTime=589172181 win=815553 tElapsed=589172181 maxElapsed=589987734 interval=0 flags=0x0
09-02 11:14:01.607  1137  1137 D AlarmManagerService: set alarm to kernel: 588139.298000000, type=2
09-02 11:14:01.607  1137  1137 D AlarmManagerService: set alarm to kernel: 588109.966000000, type=3
09-02 11:14:01.607  1137  1137 D PowerManagerServiceEx: isScreenOnBlockedLocked
09-02 11:14:01.608  1137  1223 W JobScheduler.JobStatus: Exempted app com.whoop.android considered buggy
09-02 11:14:01.609  1137  1223 D PowerManagerServiceEx: isScreenOnBlockedLocked
09-02 11:14:01.611  1137  1223 D PowerManagerServiceEx: isScreenOnBlockedLocked
09-02 11:14:01.618  1137  1223 D PowerManagerServiceEx: isScreenOnBlockedLocked
09-02 11:14:01.626  1137  3060 D PowerManagerServiceEx: isScreenOnBlockedLocked
09-02 11:14:02.629  1137  3060 W JobScheduler.JobStatus: Exempted app com.whoop.android considered buggy
09-02 11:14:02.629  1137  3060 W JobScheduler.JobStatus: Exempted app com.whoop.android considered buggy
09-02 11:14:02.630  1137  3060 W JobScheduler.JobStatus: Exempted app com.whoop.android considered buggy
09-02 11:14:02.630  1137  3060 W JobScheduler.JobStatus: Exempted app com.whoop.android considered buggy
09-02 11:14:02.630  1137  3060 V AlarmManager: set(null) : type=2 listener=android.app.AlarmManager$ListenerWrapper@45443ab listenerTag=*job.deadline* workSource=WorkSource{10292 com.whoop.android} callingPackage=android callingUid=1000 triggerAtTime=588100801 win=11248 tElapsed=588100801 maxElapsed=588112049 interval=0 flags=0x0
09-02 11:14:02.631  1137  3060 D AlarmManagerService: set alarm to kernel: 588139.298000000, type=2
09-02 11:14:02.631  1137  3060 D AlarmManagerService: set alarm to kernel: 588109.966000000, type=3
09-02 11:14:02.631  1137  3060 D AlarmManagerService: set alarm to kernel: 588112.049000000, type=2
09-02 11:14:02.631  1137  3060 D AlarmManagerService: set alarm to kernel: 588109.966000000, type=3
09-02 11:14:02.632  1137  3060 W JobScheduler.JobStatus: Exempted app com.whoop.android considered buggy
09-02 11:14:03.007  1137  1223 W ProcessStats: Tracking association SourceState{dfd0119 com.android.phone/1001 Persist #397197} whose proc state 0 is better than process ProcessState{87b1b3a com.spreadtrum.ims/1001 pkg=com.spreadtrum.ims} proc state 5 (6 skipped)
09-02 11:14:03.007  1137  1223 V BroadcastQueue: Enqueuing BroadcastRecord{e01a156 android.os.action.POWER_SAVE_TEMP_WHITELIST_CHANGED/u0} from uid 1000 pid 1137 for 1 receivers
09-02 11:14:03.421  1137  1338 D RamBoostManagerService: closeSource for /proc/stat
09-02 11:14:03.422  1137  1338 D RamBoostManagerService: updateMotoSwapState: mIsTouching: false mIsScreenOff: false mCpuUsed: 4.8494997
09-02 11:14:03.422  1137  1338 E RamBoostManagerService: mCpuUsed: 4.8494997
09-02 11:14:03.809  1137  1296 D WifiStaIfaceHidlImpl: getCachedScanData is not implemented by HIDL
09-02 11:14:03.849 23951 24463 I R47     : Exosip [eXconf.c-1245-A0] ,t24463,l5: keep alive: 9
09-02 11:14:03.849 23951 24463 I R47     : Exosip [eXconf.c-877-A0] ,t24463,l5: eXosip: Reseting timer to 10s before waking up!
09-02 11:14:05.373  2249  2393 I bluetooth: packages/modules/Bluetooth/system/gd/hci/acl_manager/le_impl.h:1117 on_create_connection_timeout: on_create_connection_timeout, address: f6:17:31:d6:98:92[RANDOM_DEVICE_ADDRESS]
09-02 11:14:05.373  2249  2393 I bluetooth: packages/modules/Bluetooth/system/gd/metrics/metrics_state.cc:177 AddStateChangedEvent: LEConnectionMetricsRemoteDevice: Transaction State 0x00000004, Connection Type 0x00000001, Origin Type 0x00000001
09-02 11:14:05.373  2249  2393 I bluetooth: packages/modules/Bluetooth/system/gd/metrics/metrics_state.cc:58 AddStateChangedEvent: LEConnectionMetricState:  Origin Type: 0x00000001, Connection Type: 0x00000001, Transaction State: 0x00000004
09-02 11:14:05.374  2249  2393 I bluetooth: packages/modules/Bluetooth/system/gd/metrics/metrics_state.cc:161 UploadLEConnectionSession: LEConnectionMetricsRemoteDevice: The session is uploaded for xx:xx:xx:xx:98:92
09-02 11:14:05.374  2249  2393 I bluetooth: packages/modules/Bluetooth/system/gd/metrics/metrics_state.cc:177 AddStateChangedEvent: LEConnectionMetricsRemoteDevice: Transaction State 0x00000003, Connection Type 0x00000001, Origin Type 0x00000000
09-02 11:14:05.374  2249  2393 I bluetooth: packages/modules/Bluetooth/system/gd/metrics/metrics_state.cc:183 AddStateChangedEvent: LEConnectionMetricsRemoteDevice: Empty Address Cancellation 0x00000003, 0x00000001, 0x00000003
09-02 11:14:05.374  2249  2393 I bluetooth: packages/modules/Bluetooth/system/gd/hci/acl_manager/le_impl.h:1027 disarm_connectability: Disarming LE connection state machine with create connection cancel
09-02 11:14:05.374  2249  2393 W bluetooth: packages/modules/Bluetooth/system/main/shim/acl.cc:1769 OnLeConnectFail: Connection failed le remote:f6:17:31:d6:98:92[RANDOM_DEVICE_ADDRESS]
09-02 11:14:05.375  2249  2393 I bluetooth: packages/modules/Bluetooth/system/gd/hci/le_address_manager.cc:265 ack_pause: Client already in paused state
09-02 11:14:05.375  2249  2335 I bluetooth: packages/modules/Bluetooth/system/stack/arbiter/acl_arbiter.cc:90 OnLeDisconnect: Notifying Rust of LE disconnection
09-02 11:14:05.375  2249  2335 I bt      : bluetooth_core::gatt::arbiter: processing disconnection on transport TransportIndex(0)
09-02 11:14:05.375  2249  2335 I bluetooth: packages/modules/Bluetooth/system/stack/eatt/eatt_impl.h:914 disconnect:  Device: xx:xx:xx:xx:98:92, cid: 0xffff
09-02 11:14:05.375  2249  2335 W bt_stack: [WARNING:eatt_impl.h(918)] disconnect no eatt device found
09-02 11:14:05.375   609   609 D bt_vendor: op for BT_VND_OP_LPM_WAKE_SET_STATE
09-02 11:14:05.375  2249  2335 I bluetooth: packages/modules/Bluetooth/system/stack/gap/gap_ble.cc:304 client_connect_cback: No active GAP service found for peer:xx:xx:xx:xx:98:92 callback:Disconnected
09-02 11:14:05.375  2249  2335 I bt_bta_gattc: packages/modules/Bluetooth/system/bta/gatt/bta_gattc_act.cc:1320 bta_gattc_conn_cback: Disconnected att_id:3 addr:xx:xx:xx:xx:98:92, transport:BT_TRANSPORT_LE reason:UNKNOWN[255]
09-02 11:14:05.376  2249  2335 I bt_bta_gattc: packages/modules/Bluetooth/system/bta/gatt/bta_gattc_act.cc:1320 bta_gattc_conn_cback: Disconnected att_id:4 addr:xx:xx:xx:xx:98:92, transport:BT_TRANSPORT_LE reason:UNKNOWN[255]
09-02 11:14:05.376  2249  2335 I bt_bta_gattc: packages/modules/Bluetooth/system/bta/gatt/bta_gattc_act.cc:1320 bta_gattc_conn_cback: Disconnected att_id:5 addr:xx:xx:xx:xx:98:92, transport:BT_TRANSPORT_LE reason:UNKNOWN[255]
09-02 11:14:05.376  2249  2335 I bt_bta_gattc: packages/modules/Bluetooth/system/bta/gatt/bta_gattc_act.cc:1320 bta_gattc_conn_cback: Disconnected att_id:7 addr:xx:xx:xx:xx:98:92, transport:BT_TRANSPORT_LE reason:UNKNOWN[255]
09-02 11:14:05.376  2249  2335 W bluetooth: packages/modules/Bluetooth/system/stack/acl/ble_acl.cc:153 acl_ble_connection_fail: LE connection fail peer:xx:xx:xx:xx:98:92[random] bd_addr:xx:xx:xx:xx:98:92 hci_status:HCI_ERR_HOST_TIMEOUT
09-02 11:14:05.376  2249  2335 E bta_gattc_main: packages/modules/Bluetooth/system/bta/gatt/bta_gattc_main.cc:395 bta_gattc_hdl_event: Ignore unknown conn ID: 3
09-02 11:14:05.376  2249  2335 E bta_gattc_main: packages/modules/Bluetooth/system/bta/gatt/bta_gattc_main.cc:395 bta_gattc_hdl_event: Ignore unknown conn ID: 4
09-02 11:14:05.376  2249  2335 E bta_gattc_main: packages/modules/Bluetooth/system/bta/gatt/bta_gattc_main.cc:395 bta_gattc_hdl_event: Ignore unknown conn ID: 5
09-02 11:14:05.376  2249  2393 I bluetooth: packages/modules/Bluetooth/system/gd/hci/le_address_manager.cc:265 ack_pause: Client already in paused state
09-02 11:14:05.376  2249  2335 W bt_stack: [WARNING:bta_gattc_act.cc(364)] bta_gattc_open_fail: Cannot establish Connection. conn_id=000000. Return GATT_ERROR(133)
09-02 11:14:05.377  2249  2436 D BtGatt.GattService: onClientConnected() uid_not_found=com.google.uid.shared:10181
09-02 11:14:05.379 23698 26583 D BluetoothGatt: onClientConnectionState() - status=133 clientIf=7 device=F6:17:31:D6:98:92
09-02 11:14:05.379 20316 22034 D BluetoothGattServer: onServerConnectionState() - status=0 serverIf=6 device=F6:17:31:D6:98:92
09-02 11:14:05.380 20316 22034 W NearbyPresence: BleGattServerProviderV1: Device never transitioned to STATE_CONNECTED! [CONTEXT service_id=317 ]
09-02 11:14:05.381 23698 23698 D BluetoothGatt: close()
09-02 11:14:05.381 23698 23698 D BluetoothGatt: unregisterApp() - mClientIf=7
09-02 11:14:05.384  2249  2335 I bt_stack: [INFO:gatt_api.cc(1279)] GATT_Deregister gatt_if=7
09-02 11:14:05.391  1137  1317 W JobScheduler.JobStatus: Exempted app com.whoop.android considered buggy
09-02 11:14:05.392  1137  1317 W JobScheduler.JobStatus: Exempted app com.whoop.android considered buggy
09-02 11:14:05.392  1137  1317 W JobScheduler.JobStatus: Exempted app com.whoop.android considered buggy
09-02 11:14:05.392  1137  1317 W JobScheduler.JobStatus: Exempted app com.whoop.android considered buggy
09-02 11:14:05.392  2249  2393 I bluetooth: packages/modules/Bluetooth/system/gd/metrics/metrics_state.cc:177 AddStateChangedEvent: LEConnectionMetricsRemoteDevice: Transaction State 0x00000002, Connection Type 0x00000001, Origin Type 0x00000001
09-02 11:14:05.392  2249  2393 I bluetooth: packages/modules/Bluetooth/system/gd/metrics/metrics_state.cc:183 AddStateChangedEvent: LEConnectionMetricsRemoteDevice: Empty Address Cancellation 0x00000002, 0x00000001, 0x00000002
09-02 11:14:05.392  1137  1317 W JobScheduler.JobStatus: Exempted app com.whoop.android considered buggy
09-02 11:14:05.392  2249  2393 I bluetooth: packages/modules/Bluetooth/system/gd/metrics/metrics_state.cc:196 AddStateChangedEvent: LEConnectionMetricsRemoteDevice: Session is now complete after cancellation
09-02 11:14:05.392  2249  2393 I bluetooth: packages/modules/Bluetooth/system/gd/metrics/metrics_state.cc:58 AddStateChangedEvent: LEConnectionMetricState:  Origin Type: 0x00000001, Connection Type: 0x00000001, Transaction State: 0x00000002
09-02 11:14:05.392  1137  1317 W JobScheduler.JobStatus: Exempted app com.whoop.android considered buggy
09-02 11:14:05.392  2249  2393 I bluetooth: packages/modules/Bluetooth/system/gd/metrics/metrics_state.cc:196 AddStateChangedEvent: LEConnectionMetricsRemoteDevice: Session is now complete after cancellation
09-02 11:14:05.392  2249  2393 I bluetooth: packages/modules/Bluetooth/system/gd/metrics/metrics_state.cc:58 AddStateChangedEvent: LEConnectionMetricState:  Origin Type: 0x00000001, Connection Type: 0x00000001, Transaction State: 0x00000002
09-02 11:14:05.392  1137  1317 W JobScheduler.JobStatus: Exempted app com.whoop.android considered buggy
09-02 11:14:05.392  2249  2393 I bluetooth: packages/modules/Bluetooth/system/gd/metrics/metrics_state.cc:196 AddStateChangedEvent: LEConnectionMetricsRemoteDevice: Session is now complete after cancellation
09-02 11:14:05.392  1137  1317 W JobScheduler.JobStatus: Exempted app com.whoop.android considered buggy
09-02 11:14:05.392  2249  2393 I bluetooth: packages/modules/Bluetooth/system/gd/metrics/metrics_state.cc:58 AddStateChangedEvent: LEConnectionMetricState:  Origin Type: 0x00000001, Connection Type: 0x00000001, Transaction State: 0x00000002
09-02 11:14:05.392  2249  2393 I bluetooth: packages/modules/Bluetooth/system/gd/metrics/metrics_state.cc:196 AddStateChangedEvent: LEConnectionMetricsRemoteDevice: Session is now complete after cancellation
09-02 11:14:05.392  2249  2393 I bluetooth: packages/modules/Bluetooth/system/gd/metrics/metrics_state.cc:58 AddStateChangedEvent: LEConnectionMetricState:  Origin Type: 0x00000001, Connection Type: 0x00000001, Transaction State: 0x00000002
09-02 11:14:05.392  2249  2393 I bluetooth: packages/modules/Bluetooth/system/gd/metrics/metrics_state.cc:196 AddStateChangedEvent: LEConnectionMetricsRemoteDevice: Session is now complete after cancellation
09-02 11:14:05.392  2249  2393 I bluetooth: packages/modules/Bluetooth/system/gd/metrics/metrics_state.cc:58 AddStateChangedEvent: LEConnectionMetricState:  Origin Type: 0x00000001, Connection Type: 0x00000001, Transaction State: 0x00000002
09-02 11:14:05.392  2249  2393 I bluetooth: packages/modules/Bluetooth/system/gd/metrics/metrics_state.cc:196 AddStateChangedEvent: LEConnectionMetricsRemoteDevice: Session is now complete after cancellation
09-02 11:14:05.392  2249  2393 I bluetooth: packages/modules/Bluetooth/system/gd/metrics/metrics_state.cc:58 AddStateChangedEvent: LEConnectionMetricState:  Origin Type: 0x00000001, Connection Type: 0x00000001, Transaction State: 0x00000002
09-02 11:14:05.392  1137  1317 W JobScheduler.JobStatus: Exempted app com.whoop.android considered buggy
09-02 11:14:05.392  2249  2393 I bluetooth: packages/modules/Bluetooth/system/gd/metrics/metrics_state.cc:196 AddStateChangedEvent: LEConnectionMetricsRemoteDevice: Session is now complete after cancellation
09-02 11:14:05.392  1137  1317 W JobScheduler.JobStatus: Exempted app com.whoop.android considered buggy
09-02 11:14:05.392  2249  2393 I bluetooth: packages/modules/Bluetooth/system/gd/metrics/metrics_state.cc:58 AddStateChangedEvent: LEConnectionMetricState:  Origin Type: 0x00000001, Connection Type: 0x00000001, Transaction State: 0x00000002
09-02 11:14:05.392  2249  2393 I bluetooth: packages/modules/Bluetooth/system/gd/metrics/metrics_state.cc:196 AddStateChangedEvent: LEConnectionMetricsRemoteDevice: Session is now complete after cancellation
09-02 11:14:05.392  2249  2393 I bluetooth: packages/modules/Bluetooth/system/gd/metrics/metrics_state.cc:58 AddStateChangedEvent: LEConnectionMetricState:  Origin Type: 0x00000001, Connection Type: 0x00000001, Transaction State: 0x00000002
09-02 11:14:05.392  1137  1317 W JobScheduler.JobStatus: Exempted app com.whoop.android considered buggy
09-02 11:14:05.392  2249  2393 I bluetooth: packages/modules/Bluetooth/system/gd/metrics/metrics_state.cc:196 AddStateChangedEvent: LEConnectionMetricsRemoteDevice: Session is now complete after cancellation
09-02 11:14:05.392  2249  2393 I bluetooth: packages/modules/Bluetooth/system/gd/metrics/metrics_state.cc:58 AddStateChangedEvent: LEConnectionMetricState:  Origin Type: 0x00000001, Connection Type: 0x00000001, Transaction State: 0x00000002
09-02 11:14:05.393  2249  2393 I bluetooth: packages/modules/Bluetooth/system/gd/metrics/metrics_state.cc:196 AddStateChangedEvent: LEConnectionMetricsRemoteDevice: Session is now complete after cancellation
09-02 11:14:05.393  2249  2393 I bluetooth: packages/modules/Bluetooth/system/gd/metrics/metrics_state.cc:58 AddStateChangedEvent: LEConnectionMetricState:  Origin Type: 0x00000001, Connection Type: 0x00000001, Transaction State: 0x00000002
09-02 11:14:05.393  1137  1317 W JobScheduler.JobStatus: Exempted app com.whoop.android considered buggy
09-02 11:14:05.393  2249  2393 I bluetooth: packages/modules/Bluetooth/system/gd/metrics/metrics_state.cc:196 AddStateChangedEvent: LEConnectionMetricsRemoteDevice: Session is now complete after cancellation
09-02 11:14:05.393  2249  2393 I bluetooth: packages/modules/Bluetooth/system/gd/metrics/metrics_state.cc:58 AddStateChangedEvent: LEConnectionMetricState:  Origin Type: 0x00000001, Connection Type: 0x00000001, Transaction State: 0x00000002
09-02 11:14:05.393  2249  2393 I bluetooth: packages/modules/Bluetooth/system/gd/metrics/metrics_state.cc:196 AddStateChangedEvent: LEConnectionMetricsRemoteDevice: Session is now complete after cancellation
09-02 11:14:05.393  2249  2393 I bluetooth: packages/modules/Bluetooth/system/gd/metrics/metrics_state.cc:58 AddStateChangedEvent: LEConnectionMetricState:  Origin Type: 0x00000001, Connection Type: 0x00000001, Transaction State: 0x00000002
09-02 11:14:05.393  2249  2393 I bluetooth: packages/modules/Bluetooth/system/gd/metrics/metrics_state.cc:196 AddStateChangedEvent: LEConnectionMetricsRemoteDevice: Session is now complete after cancellation
09-02 11:14:05.393  1137  1317 W JobScheduler.JobStatus: Exempted app com.whoop.android considered buggy
09-02 11:14:05.393  2249  2393 I bluetooth: packages/modules/Bluetooth/system/gd/metrics/metrics_state.cc:58 AddStateChangedEvent: LEConnectionMetricState:  Origin Type: 0x00000001, Connection Type: 0x00000001, Transaction State: 0x00000002
09-02 11:14:05.393  2249  2393 I bluetooth: packages/modules/Bluetooth/system/gd/metrics/metrics_state.cc:196 AddStateChangedEvent: LEConnectionMetricsRemoteDevice: Session is now complete after cancellation
09-02 11:14:05.393  2249  2393 I bluetooth: packages/modules/Bluetooth/system/gd/metrics/metrics_state.cc:58 AddStateChangedEvent: LEConnectionMetricState:  Origin Type: 0x00000001, Connection Type: 0x00000001, Transaction State: 0x00000002
09-02 11:14:05.393  2249  2393 I bluetooth: packages/modules/Bluetooth/system/gd/metrics/metrics_state.cc:196 AddStateChangedEvent: LEConnectionMetricsRemoteDevice: Session is now complete after cancellation
09-02 11:14:05.393  2249  2393 I bluetooth: packages/modules/Bluetooth/system/gd/metrics/metrics_state.cc:58 AddStateChangedEvent: LEConnectionMetricState:  Origin Type: 0x00000001, Connection Type: 0x00000001, Transaction State: 0x00000002
09-02 11:14:05.393  2249  2393 I bluetooth: packages/modules/Bluetooth/system/gd/metrics/metrics_state.cc:196 AddStateChangedEvent: LEConnectionMetricsRemoteDevice: Session is now complete after cancellation
09-02 11:14:05.393  2249  2393 I bluetooth: packages/modules/Bluetooth/system/gd/metrics/metrics_state.cc:58 AddStateChangedEvent: LEConnectionMetricState:  Origin Type: 0x00000001, Connection Type: 0x00000001, Transaction State: 0x00000002
09-02 11:14:05.393  2249  2393 I bluetooth: packages/modules/Bluetooth/system/gd/metrics/metrics_state.cc:196 AddStateChangedEvent: LEConnectionMetricsRemoteDevice: Session is now complete after cancellation
09-02 11:14:05.393  2249  2393 I bluetooth: packages/modules/Bluetooth/system/gd/metrics/metrics_state.cc:58 AddStateChangedEvent: LEConnectionMetricState:  Origin Type: 0x00000001, Connection Type: 0x00000001, Transaction State: 0x00000002
09-02 11:14:05.393  2249  2393 I bluetooth: packages/modules/Bluetooth/system/gd/metrics/metrics_state.cc:196 AddStateChangedEvent: LEConnectionMetricsRemoteDevice: Session is now complete after cancellation
09-02 11:14:05.393  2249  2393 I bluetooth: packages/modules/Bluetooth/system/gd/metrics/metrics_state.cc:58 AddStateChangedEvent: LEConnectionMetricState:  Origin Type: 0x00000001, Connection Type: 0x00000001, Transaction State: 0x00000002
09-02 11:14:05.393  2249  2393 I bluetooth: packages/modules/Bluetooth/system/gd/metrics/metrics_state.cc:196 AddStateChangedEvent: LEConnectionMetricsRemoteDevice: Session is now complete after cancellation
09-02 11:14:05.393  2249  2393 I bluetooth: packages/modules/Bluetooth/system/gd/metrics/metrics_state.cc:58 AddStateChangedEvent: LEConnectionMetricState:  Origin Type: 0x00000001, Connection Type: 0x00000001, Transaction State: 0x00000002
09-02 11:14:05.393  2249  2393 I bluetooth: packages/modules/Bluetooth/system/gd/metrics/metrics_state.cc:196 AddStateChangedEvent: LEConnectionMetricsRemoteDevice: Session is now complete after cancellation
09-02 11:14:05.393  2249  2393 I bluetooth: packages/modules/Bluetooth/system/gd/metrics/metrics_state.cc:58 AddStateChangedEvent: LEConnectionMetricState:  Origin Type: 0x00000001, Connection Type: 0x00000001, Transaction State: 0x00000002
09-02 11:14:05.393  2249  2393 I bluetooth: packages/modules/Bluetooth/system/gd/metrics/metrics_state.cc:196 AddStateChangedEvent: LEConnectionMetricsRemoteDevice: Session is now complete after cancellation
09-02 11:14:05.393  2249  2393 I bluetooth: packages/modules/Bluetooth/system/gd/metrics/metrics_state.cc:58 AddStateChangedEvent: LEConnectionMetricState:  Origin Type: 0x00000001, Connection Type: 0x00000001, Transaction State: 0x00000002
09-02 11:14:05.393  1137  1317 W JobScheduler.JobStatus: Exempted app com.whoop.android considered buggy
09-02 11:14:05.393  2249  2393 I bluetooth: packages/modules/Bluetooth/system/gd/metrics/metrics_state.cc:196 AddStateChangedEvent: LEConnectionMetricsRemoteDevice: Session is now complete after cancellation
09-02 11:14:05.393  2249  2393 I bluetooth: packages/modules/Bluetooth/system/gd/metrics/metrics_state.cc:58 AddStateChangedEvent: LEConnectionMetricState:  Origin Type: 0x00000001, Connection Type: 0x00000001, Transaction State: 0x00000002
09-02 11:14:05.394  2249  2393 I bluetooth: packages/modules/Bluetooth/system/gd/metrics/metrics_state.cc:196 AddStateChangedEvent: LEConnectionMetricsRemoteDevice: Session is now complete after cancellation
09-02 11:14:05.394  2249  2393 I bluetooth: packages/modules/Bluetooth/system/gd/metrics/metrics_state.cc:58 AddStateChangedEvent: LEConnectionMetricState:  Origin Type: 0x00000001, Connection Type: 0x00000001, Transaction State: 0x00000002
09-02 11:14:05.394  2249  2393 I bluetooth: packages/modules/Bluetooth/system/gd/metrics/metrics_state.cc:196 AddStateChangedEvent: LEConnectionMetricsRemoteDevice: Session is now complete after cancellation
09-02 11:14:05.394  2249  2393 I bluetooth: packages/modules/Bluetooth/system/gd/metrics/metrics_state.cc:58 AddStateChangedEvent: LEConnectionMetricState:  Origin Type: 0x00000001, Connection Type: 0x00000001, Transaction State: 0x00000002
09-02 11:14:05.394  2249  2393 I bluetooth: packages/modules/Bluetooth/system/gd/metrics/metrics_state.cc:196 AddStateChangedEvent: LEConnectionMetricsRemoteDevice: Session is now complete after cancellation
09-02 11:14:05.394  2249  2393 I bluetooth: packages/modules/Bluetooth/system/gd/metrics/metrics_state.cc:58 AddStateChangedEvent: LEConnectionMetricState:  Origin Type: 0x00000001, Connection Type: 0x00000001, Transaction State: 0x00000002
09-02 11:14:05.394  2249  2393 I bluetooth: packages/modules/Bluetooth/system/gd/metrics/metrics_state.cc:196 AddStateChangedEvent: LEConnectionMetricsRemoteDevice: Session is now complete after cancellation
09-02 11:14:05.394  2249  2393 I bluetooth: packages/modules/Bluetooth/system/gd/metrics/metrics_state.cc:58 AddStateChangedEvent: LEConnectionMetricState:  Origin Type: 0x00000001, Connection Type: 0x00000001, Transaction State: 0x00000002
09-02 11:14:05.394  2249  2393 I bluetooth: packages/modules/Bluetooth/system/gd/metrics/metrics_state.cc:196 AddStateChangedEvent: LEConnectionMetricsRemoteDevice: Session is now complete after cancellation
09-02 11:14:05.394  2249  2393 I bluetooth: packages/modules/Bluetooth/system/gd/metrics/metrics_state.cc:58 AddStateChangedEvent: LEConnectionMetricState:  Origin Type: 0x00000001, Connection Type: 0x00000001, Transaction State: 0x00000002
09-02 11:14:05.394  2249  2393 I bluetooth: packages/modules/Bluetooth/system/gd/metrics/metrics_state.cc:196 AddStateChangedEvent: LEConnectionMetricsRemoteDevice: Session is now complete after cancellation
09-02 11:14:05.394  2249  2393 I bluetooth: packages/modules/Bluetooth/system/gd/metrics/metrics_state.cc:58 AddStateChangedEvent: LEConnectionMetricState:  Origin Type: 0x00000001, Connection Type: 0x00000001, Transaction State: 0x00000002
09-02 11:14:05.394  2249  2393 I bluetooth: packages/modules/Bluetooth/system/gd/metrics/metrics_state.cc:196 AddStateChangedEvent: LEConnectionMetricsRemoteDevice: Session is now complete after cancellation
09-02 11:14:05.394  2249  2393 I bluetooth: packages/modules/Bluetooth/system/gd/metrics/metrics_state.cc:58 AddStateChangedEvent: LEConnectionMetricState:  Origin Type: 0x00000001, Connection Type: 0x00000001, Transaction State: 0x00000002
09-02 11:14:05.394  2249  2393 I bluetooth: packages/modules/Bluetooth/system/gd/metrics/metrics_state.cc:196 AddStateChangedEvent: LEConnectionMetricsRemoteDevice: Session is now complete after cancellation
09-02 11:14:05.394  2249  2393 I bluetooth: packages/modules/Bluetooth/system/gd/metrics/metrics_state.cc:58 AddStateChangedEvent: LEConnectionMetricState:  Origin Type: 0x00000001, Connection Type: 0x00000001, Transaction State: 0x00000002
09-02 11:14:05.394  2249  2393 I bluetooth: packages/modules/Bluetooth/system/gd/hci/le_address_manager.cc:265 ack_pause: Client already in paused state
09-02 11:14:05.394  2249  2393 I bluetooth: packages/modules/Bluetooth/system/gd/hci/le_address_manager.cc:265 ack_pause: Client already in paused state
09-02 11:14:05.394  2249  2393 I bluetooth: packages/modules/Bluetooth/system/gd/hci/le_address_manager.cc:265 ack_pause: Client already in paused state
09-02 11:14:05.395  1137  1317 W JobScheduler.JobStatus: Exempted app com.whoop.android considered buggy
09-02 11:14:05.395  1137  1317 W JobScheduler.JobStatus: Exempted app com.whoop.android considered buggy
09-02 11:14:05.396  1137  1317 V AlarmManager: set(null) : type=3 listener=android.app.AlarmManager$ListenerWrapper@59edda6 listenerTag=*job.delay* workSource=WorkSource{10191 com.google.android.apps.wellbeing} callingPackage=android callingUid=1000 triggerAtTime=588139795 win=38419 tElapsed=588139795 maxElapsed=588178214 interval=0 flags=0x0
09-02 11:14:05.397  1137  1317 D AlarmManagerService: set alarm to kernel: 588112.049000000, type=2
09-02 11:14:05.397  1137  1317 D AlarmManagerService: set alarm to kernel: 588112.049000000, type=2
09-02 11:14:05.397  1137  1317 V AlarmManager: set(null) : type=2 listener=android.app.AlarmManager$ListenerWrapper@45443ab listenerTag=*job.deadline* workSource=WorkSource{10192 com.android.vending} callingPackage=android callingUid=1000 triggerAtTime=589172181 win=812708 tElapsed=589172181 maxElapsed=589984889 interval=0 flags=0x0
09-02 11:14:05.397  1137  1317 D AlarmManagerService: set alarm to kernel: 588139.298000000, type=2
09-02 11:14:05.398  1137  1317 D AlarmManagerService: set alarm to kernel: 588139.298000000, type=2
09-02 11:14:05.398  1137  1317 W JobScheduler.JobStatus: Exempted app com.whoop.android considered buggy
09-02 11:14:05.398  1137  1317 W JobScheduler.JobStatus: Exempted app com.whoop.android considered buggy
09-02 11:14:05.399  1137  1317 W JobScheduler.JobStatus: Exempted app com.whoop.android considered buggy
09-02 11:14:05.399  1137  1317 W JobScheduler.JobStatus: Exempted app com.whoop.android considered buggy
09-02 11:14:05.399  1137  1317 V AlarmManager: set(null) : type=2 listener=android.app.AlarmManager$ListenerWrapper@45443ab listenerTag=*job.deadline* workSource=WorkSource{10292 com.whoop.android} callingPackage=android callingUid=1000 triggerAtTime=588103561 win=11241 tElapsed=588103561 maxElapsed=588114802 interval=0 flags=0x0
09-02 11:14:05.400  1137  1317 D AlarmManagerService: set alarm to kernel: 588139.298000000, type=2
09-02 11:14:05.400  2249  2393 W bluetooth: packages/modules/Bluetooth/system/gd/hci/le_scanning_manager.cc:1692 check_status: Receive set extended scan enable with error code SUCCESS
09-02 11:14:05.400  1137  1317 D AlarmManagerService: set alarm to kernel: 588114.802000000, type=2
09-02 11:14:05.400  1137  1317 W JobScheduler.JobStatus: Exempted app com.whoop.android considered buggy
09-02 11:14:05.400  1137  1317 V AlarmManager: set(null) : type=3 listener=android.app.AlarmManager$ListenerWrapper@59edda6 listenerTag=*job.delay* workSource=WorkSource{10292 com.whoop.android} callingPackage=android callingUid=1000 triggerAtTime=588098561 win=0 tElapsed=588098561 maxElapsed=588098561 interval=0 flags=0x0
09-02 11:14:05.401  1137  1317 D AlarmManagerService: set alarm to kernel: 588114.802000000, type=2
09-02 11:14:05.401  1137  1317 D AlarmManagerService: set alarm to kernel: 588114.802000000, type=2
09-02 11:14:05.401  1137  1317 D AlarmManagerService: set alarm to kernel: 588098.561000000, type=3
09-02 11:14:05.401  1137  1317 W JobScheduler.JobStatus: Exempted app com.whoop.android considered buggy
09-02 11:14:05.405  2249  2335 E bt_btm  : packages/modules/Bluetooth/system/main/bte_logmsg.cc:105 LogMsg: no pending resolving list operation
09-02 11:14:05.405  1137  1317 W JobScheduler.JobStatus: Exempted app com.whoop.android considered buggy
09-02 11:14:05.405  1137  1317 W JobScheduler.JobStatus: Exempted app com.whoop.android considered buggy
09-02 11:14:05.405  1137  1317 W JobScheduler.JobStatus: Exempted app com.whoop.android considered buggy
09-02 11:14:05.405  1137  1317 W JobScheduler.JobStatus: Exempted app com.whoop.android considered buggy
09-02 11:14:05.406  1137  1317 W JobScheduler.JobStatus: Exempted app com.whoop.android considered buggy
09-02 11:14:05.406  1137  1317 W JobScheduler.JobStatus: Exempted app com.whoop.android considered buggy
09-02 11:14:05.406  1137  1317 W JobScheduler.JobStatus: Exempted app com.whoop.android considered buggy
09-02 11:14:05.406  1137  1317 W JobScheduler.JobStatus: Exempted app com.whoop.android considered buggy
09-02 11:14:05.406  1137  1317 W JobScheduler.JobStatus: Exempted app com.whoop.android considered buggy
09-02 11:14:05.406  1137  1317 W JobScheduler.JobStatus: Exempted app com.whoop.android considered buggy
09-02 11:14:05.406  1137  1317 W JobScheduler.JobStatus: Exempted app com.whoop.android considered buggy
09-02 11:14:05.407  1137  1317 W JobScheduler.JobStatus: Exempted app com.whoop.android considered buggy
09-02 11:14:05.407  1137  1317 W JobScheduler.JobStatus: Exempted app com.whoop.android considered buggy
09-02 11:14:05.407  1137  1317 W JobScheduler.JobStatus: Exempted app com.whoop.android considered buggy
09-02 11:14:05.409  1137  1317 W JobScheduler.JobStatus: Exempted app com.whoop.android considered buggy
09-02 11:14:05.409  1137  1317 W JobScheduler.JobStatus: Exempted app com.whoop.android considered buggy
09-02 11:14:05.410  1137  1317 V AlarmManager: set(null) : type=3 listener=android.app.AlarmManager$ListenerWrapper@59edda6 listenerTag=*job.delay* workSource=WorkSource{10191 com.google.android.apps.wellbeing} callingPackage=android callingUid=1000 triggerAtTime=588139795 win=38409 tElapsed=588139795 maxElapsed=588178204 interval=0 flags=0x0
09-02 11:14:05.410  1137  1317 D AlarmManagerService: set alarm to kernel: 588114.802000000, type=2
09-02 11:14:05.410  1137  1317 D AlarmManagerService: set alarm to kernel: 588114.802000000, type=2
09-02 11:14:05.410  1137  1317 V AlarmManager: set(null) : type=2 listener=android.app.AlarmManager$ListenerWrapper@45443ab listenerTag=*job.deadline* workSource=WorkSource{10192 com.android.vending} callingPackage=android callingUid=1000 triggerAtTime=589172181 win=812698 tElapsed=589172181 maxElapsed=589984879 interval=0 flags=0x0
09-02 11:14:05.411  1137  1317 D AlarmManagerService: set alarm to kernel: 588139.298000000, type=2
09-02 11:14:05.411  1137  1317 D AlarmManagerService: set alarm to kernel: 588139.298000000, type=2
09-02 11:14:05.411  1137  1317 W JobScheduler.JobStatus: Exempted app com.whoop.android considered buggy
09-02 11:14:05.411  1137  1317 W JobScheduler.JobStatus: Exempted app com.whoop.android considered buggy
09-02 11:14:05.411  1137  1317 W JobScheduler.JobStatus: Exempted app com.whoop.android considered buggy
09-02 11:14:05.412  1137  1317 W JobScheduler.JobStatus: Exempted app com.whoop.android considered buggy
09-02 11:14:05.412  1137  1317 V AlarmManager: set(null) : type=2 listener=android.app.AlarmManager$ListenerWrapper@45443ab listenerTag=*job.deadline* workSource=WorkSource{10292 com.whoop.android} callingPackage=android callingUid=1000 triggerAtTime=588103576 win=11244 tElapsed=588103576 maxElapsed=588114820 interval=0 flags=0x0
09-02 11:14:05.412  1137  1317 D AlarmManagerService: set alarm to kernel: 588139.298000000, type=2
09-02 11:14:05.412  1137  1317 D AlarmManagerService: set alarm to kernel: 588114.820000000, type=2
09-02 11:14:05.412  1137  1317 W JobScheduler.JobStatus: Exempted app com.whoop.android considered buggy
09-02 11:14:05.413  1137  1317 V AlarmManager: set(null) : type=3 listener=android.app.AlarmManager$ListenerWrapper@59edda6 listenerTag=*job.delay* workSource=WorkSource{10292 com.whoop.android} callingPackage=android callingUid=1000 triggerAtTime=588098576 win=0 tElapsed=588098576 maxElapsed=588098576 interval=0 flags=0x0
09-02 11:14:05.413  1137  1317 D AlarmManagerService: set alarm to kernel: 588114.820000000, type=2
09-02 11:14:05.413  1137  1317 D AlarmManagerService: set alarm to kernel: 588114.820000000, type=2
09-02 11:14:05.413  1137  1317 D AlarmManagerService: set alarm to kernel: 588098.576000000, type=3
09-02 11:14:05.413  1137  1317 W JobScheduler.JobStatus: Exempted app com.whoop.android considered buggy
09-02 11:14:05.414  2249  2393 I bluetooth: packages/modules/Bluetooth/system/gd/hci/le_address_manager.cc:596 OnCommandComplete: Received command complete with op_code LE_REMOVE_DEVICE_FROM_FILTER_ACCEPT_LIST
09-02 11:14:05.415  2249  2393 I bluetooth: packages/modules/Bluetooth/system/gd/hci/le_address_manager.cc:294 resume_registered_clients: Resuming registered clients
09-02 11:14:05.415  2249  2393 I bluetooth: packages/modules/Bluetooth/system/gd/hci/acl_manager/le_impl.h:905 arm_connectability: Ignored request to re-arm le connection state machine when filter accept list is empty
09-02 11:14:05.418  1137  1317 W JobScheduler.JobStatus: Exempted app com.whoop.android considered buggy
09-02 11:14:05.418  1137  1317 W JobScheduler.JobStatus: Exempted app com.whoop.android considered buggy
09-02 11:14:05.419  1137  1317 W JobScheduler.JobStatus: Exempted app com.whoop.android considered buggy
09-02 11:14:05.419  1137  1317 W JobScheduler.JobStatus: Exempted app com.whoop.android considered buggy
09-02 11:14:05.419  1137  1317 W JobScheduler.JobStatus: Exempted app com.whoop.android considered buggy
09-02 11:14:05.419  1137  1317 W JobScheduler.JobStatus: Exempted app com.whoop.android considered buggy
09-02 11:14:05.419  1137  1317 W JobScheduler.JobStatus: Exempted app com.whoop.android considered buggy
09-02 11:14:05.419  1137  1317 W JobScheduler.JobStatus: Exempted app com.whoop.android considered buggy
09-02 11:14:05.419  1137  1317 W JobScheduler.JobStatus: Exempted app com.whoop.android considered buggy
09-02 11:14:05.419  1137  1317 W JobScheduler.JobStatus: Exempted app com.whoop.android considered buggy
09-02 11:14:05.419  1137  1317 W JobScheduler.JobStatus: Exempted app com.whoop.android considered buggy
09-02 11:14:05.419  1137  1317 W JobScheduler.JobStatus: Exempted app com.whoop.android considered buggy
09-02 11:14:05.419  1137  1317 W JobScheduler.JobStatus: Exempted app com.whoop.android considered buggy
09-02 11:14:05.420  1137  1317 W JobScheduler.JobStatus: Exempted app com.whoop.android considered buggy
09-02 11:14:05.421  1137  1317 W JobScheduler.JobStatus: Exempted app com.whoop.android considered buggy
09-02 11:14:05.421  1137  1317 W JobScheduler.JobStatus: Exempted app com.whoop.android considered buggy
09-02 11:14:05.421  1137  1317 V AlarmManager: set(null) : type=3 listener=android.app.AlarmManager$ListenerWrapper@59edda6 listenerTag=*job.delay* workSource=WorkSource{10191 com.google.android.apps.wellbeing} callingPackage=android callingUid=1000 triggerAtTime=588139795 win=38400 tElapsed=588139795 maxElapsed=588178195 interval=0 flags=0x0
09-02 11:14:05.422  1137  1317 D AlarmManagerService: set alarm to kernel: 588114.820000000, type=2
09-02 11:14:05.422  1137  1317 D AlarmManagerService: set alarm to kernel: 588114.820000000, type=2
09-02 11:14:05.422  1137  1317 V AlarmManager: set(null) : type=2 listener=android.app.AlarmManager$ListenerWrapper@45443ab listenerTag=*job.deadline* workSource=WorkSource{10192 com.android.vending} callingPackage=android callingUid=1000 triggerAtTime=589172181 win=812689 tElapsed=589172181 maxElapsed=589984870 interval=0 flags=0x0
09-02 11:14:05.423  1137  1317 D AlarmManagerService: set alarm to kernel: 588139.298000000, type=2
09-02 11:14:05.423  1137  1317 D AlarmManagerService: set alarm to kernel: 588139.298000000, type=2
09-02 11:14:05.423  1137  1317 W JobScheduler.JobStatus: Exempted app com.whoop.android considered buggy
09-02 11:14:05.423  1137  1317 W JobScheduler.JobStatus: Exempted app com.whoop.android considered buggy
09-02 11:14:05.423  1137  1317 W JobScheduler.JobStatus: Exempted app com.whoop.android considered buggy
09-02 11:14:05.423  1137  1317 W JobScheduler.JobStatus: Exempted app com.whoop.android considered buggy
09-02 11:14:05.424  1137  1317 V AlarmManager: set(null) : type=2 listener=android.app.AlarmManager$ListenerWrapper@45443ab listenerTag=*job.deadline* workSource=WorkSource{10292 com.whoop.android} callingPackage=android callingUid=1000 triggerAtTime=588103589 win=11244 tElapsed=588103589 maxElapsed=588114833 interval=0 flags=0x0
09-02 11:14:05.424  1137  1317 D AlarmManagerService: set alarm to kernel: 588139.298000000, type=2
09-02 11:14:05.424  1137  1317 D AlarmManagerService: set alarm to kernel: 588114.833000000, type=2
09-02 11:14:05.425  1137  1317 W JobScheduler.JobStatus: Exempted app com.whoop.android considered buggy
09-02 11:14:05.425  1137  1317 V AlarmManager: set(null) : type=3 listener=android.app.AlarmManager$ListenerWrapper@59edda6 listenerTag=*job.delay* workSource=WorkSource{10292 com.whoop.android} callingPackage=android callingUid=1000 triggerAtTime=588098589 win=0 tElapsed=588098589 maxElapsed=588098589 interval=0 flags=0x0
09-02 11:14:05.425  1137  1317 D AlarmManagerService: set alarm to kernel: 588114.833000000, type=2
09-02 11:14:05.425  1137  1317 D AlarmManagerService: set alarm to kernel: 588114.833000000, type=2
09-02 11:14:05.425  1137  1317 D AlarmManagerService: set alarm to kernel: 588098.589000000, type=3
09-02 11:14:05.425  1137  1317 W JobScheduler.JobStatus: Exempted app com.whoop.android considered buggy
09-02 11:14:05.428  1137  1317 W JobScheduler.JobStatus: Exempted app com.whoop.android considered buggy
09-02 11:14:05.429  1137  1317 W JobScheduler.JobStatus: Exempted app com.whoop.android considered buggy
09-02 11:14:05.429  1137  1317 W JobScheduler.JobStatus: Exempted app com.whoop.android considered buggy
09-02 11:14:05.429  1137  1317 W JobScheduler.JobStatus: Exempted app com.whoop.android considered buggy
09-02 11:14:05.429  1137  1317 W JobScheduler.JobStatus: Exempted app com.whoop.android considered buggy
09-02 11:14:05.429  1137  1317 W JobScheduler.JobStatus: Exempted app com.whoop.android considered buggy
09-02 11:14:05.429  1137  1317 W JobScheduler.JobStatus: Exempted app com.whoop.android considered buggy
09-02 11:14:05.429  1137  1317 W JobScheduler.JobStatus: Exempted app com.whoop.android considered buggy
09-02 11:14:05.429  1137  1317 W JobScheduler.JobStatus: Exempted app com.whoop.android considered buggy
09-02 11:14:05.429  1137  1317 W JobScheduler.JobStatus: Exempted app com.whoop.android considered buggy
09-02 11:14:05.429  1137  1317 W JobScheduler.JobStatus: Exempted app com.whoop.android considered buggy
09-02 11:14:05.429  1137  1317 W JobScheduler.JobStatus: Exempted app com.whoop.android considered buggy
09-02 11:14:05.429  1137  1317 W JobScheduler.JobStatus: Exempted app com.whoop.android considered buggy
09-02 11:14:05.429  2249  2393 W bluetooth: packages/modules/Bluetooth/system/gd/hci/le_scanning_manager.cc:1692 check_status: Receive set extended scan enable with error code SUCCESS
09-02 11:14:05.430  1137  1317 W JobScheduler.JobStatus: Exempted app com.whoop.android considered buggy
09-02 11:14:05.430  1137  1317 W JobScheduler.JobStatus: Exempted app com.whoop.android considered buggy
09-02 11:14:05.431  1137  1317 W JobScheduler.JobStatus: Exempted app com.whoop.android considered buggy
09-02 11:14:05.431  1137  1317 V AlarmManager: set(null) : type=3 listener=android.app.AlarmManager$ListenerWrapper@59edda6 listenerTag=*job.delay* workSource=WorkSource{10191 com.google.android.apps.wellbeing} callingPackage=android callingUid=1000 triggerAtTime=588139795 win=38393 tElapsed=588139795 maxElapsed=588178188 interval=0 flags=0x0
09-02 11:14:05.431  1137  1317 D AlarmManagerService: set alarm to kernel: 588114.833000000, type=2
09-02 11:14:05.431  1137  1317 D AlarmManagerService: set alarm to kernel: 588114.833000000, type=2
09-02 11:14:05.431  1137  1317 V AlarmManager: set(null) : type=2 listener=android.app.AlarmManager$ListenerWrapper@45443ab listenerTag=*job.deadline* workSource=WorkSource{10192 com.android.vending} callingPackage=android callingUid=1000 triggerAtTime=589172181 win=812682 tElapsed=589172181 maxElapsed=589984863 interval=0 flags=0x0
09-02 11:14:05.432  1137  1317 D AlarmManagerService: set alarm to kernel: 588139.298000000, type=2
09-02 11:14:05.432  1137  1317 D AlarmManagerService: set alarm to kernel: 588139.298000000, type=2
09-02 11:14:05.432  1137  1317 W JobScheduler.JobStatus: Exempted app com.whoop.android considered buggy
09-02 11:14:05.432  1137  1317 W JobScheduler.JobStatus: Exempted app com.whoop.android considered buggy
09-02 11:14:05.432  1137  1317 W JobScheduler.JobStatus: Exempted app com.whoop.android considered buggy
09-02 11:14:05.432  1137  1317 W JobScheduler.JobStatus: Exempted app com.whoop.android considered buggy
09-02 11:14:05.432  1137  1317 V AlarmManager: set(null) : type=2 listener=android.app.AlarmManager$ListenerWrapper@45443ab listenerTag=*job.deadline* workSource=WorkSource{10292 com.whoop.android} callingPackage=android callingUid=1000 triggerAtTime=588103600 win=11246 tElapsed=588103600 maxElapsed=588114846 interval=0 flags=0x0
09-02 11:14:05.432  1137  1317 D AlarmManagerService: set alarm to kernel: 588139.298000000, type=2
09-02 11:14:05.432  1137  1317 D AlarmManagerService: set alarm to kernel: 588114.846000000, type=2
09-02 11:14:05.433  1137  1317 W JobScheduler.JobStatus: Exempted app com.whoop.android considered buggy
09-02 11:14:05.433  1137  1317 V AlarmManager: set(null) : type=3 listener=android.app.AlarmManager$ListenerWrapper@59edda6 listenerTag=*job.delay* workSource=WorkSource{10292 com.whoop.android} callingPackage=android callingUid=1000 triggerAtTime=588098600 win=0 tElapsed=588098600 maxElapsed=588098600 interval=0 flags=0x0
