09-01 15:54:26.827   632   632 D PowerHAL: Enter common_set: enable:1, duration: 0, /sys/devices/system/cpu/cpufreq/policy4/scaling_max_freq: 2301000
09-01 15:54:26.827   632   632 D PowerHAL: Enter set_cluster_freqs_max_min:
09-01 15:54:26.827   632   632 D PowerHAL: Enter common_set: enable:1, duration: 0, /sys/devices/system/cpu/cpufreq/policy7/scaling_min_freq: 1872000
09-01 15:54:26.827   632   632 D PowerHAL: Enter set_cluster_freqs_max_min:
09-01 15:54:26.827   632   632 D PowerHAL: Enter common_set: enable:1, duration: 0, /sys/devices/system/cpu/cpufreq/policy7/scaling_max_freq: 2704000
09-01 15:54:26.827   632   632 D PowerHAL: Enter set_cluster_freqs_max_min:
09-01 15:54:26.827   632   632 D PowerHAL: Enter devfreq_ddr_set: enable:1, duration: 0, /sys/class/devfreq/scene-frequency/sprd-governor/scene_boost_dfs: max
09-01 15:54:26.827   632   632 D PowerHAL: Enter common_subsys_set: enable:1, duration: 0, subsys:uclamp: conf_5:6
09-01 15:54:26.827   632   632 D PowerHAL: Enter common_subsys_set_current_config:
09-01 15:54:26.828  1137  1253 D InputReader: dispatchTouches action MOVE now(ns): 352558473993983
09-01 15:54:26.828  1137  1253 D InputReader: notifyMotion call dispatcher
09-01 15:54:26.828   632   632 D PowerHAL: ###Enter interaction_touch scene end###
09-01 15:54:26.987  1137  1238 D ActivityManager: freezing 25502 android.process.acore
09-01 15:54:26.989  1137  1253 D InputReader: dispatchTouches action MOVE now(ns): 352558635123560
09-01 15:54:26.989  1137  1253 D InputReader: notifyMotion call dispatcher
09-01 15:54:26.990  1137  1252 D PowerManagerServiceEx: isScreenOnBlockedLocked
09-01 15:54:26.994  1137  1253 D InputReader: dispatchTouches action MOVE now(ns): 352558639734098
09-01 15:54:26.994  1137  1253 D InputReader: notifyMotion call dispatcher
09-01 15:54:26.998  1137  1253 D InputReader: dispatchTouches action MOVE now(ns): 352558643702175
09-01 15:54:26.998  1137  1253 D InputReader: notifyMotion call dispatcher
09-01 15:54:27.002  1137  1253 D InputReader: dispatchTouches action MOVE now(ns): 352558647768329
09-01 15:54:27.002  1137  1253 D InputReader: notifyMotion call dispatcher
09-01 15:54:27.006  1137  1253 D InputReader: dispatchTouches action MOVE now(ns): 352558651774137
09-01 15:54:27.006  1137  1253 D InputReader: notifyMotion call dispatcher
09-01 15:54:27.010  1137  1253 D InputReader: dispatchTouches action MOVE now(ns): 352558656411906
09-01 15:54:27.010  1137  1253 D InputReader: notifyMotion call dispatcher
09-01 15:54:27.014  1137  1253 D InputReader: dispatchTouches action MOVE now(ns): 352558660424252
09-01 15:54:27.014  1137  1253 D InputReader: notifyMotion call dispatcher
09-01 15:54:27.018  1137  1253 D InputReader: dispatchTouches action MOVE now(ns): 352558664416944
09-01 15:54:27.018  1137  1253 D InputReader: notifyMotion call dispatcher
09-01 15:54:27.022  1137  1253 D InputReader: dispatchTouches action MOVE now(ns): 352558668259290
09-01 15:54:27.022  1137  1253 D InputReader: notifyMotion call dispatcher
09-01 15:54:27.027  1137  1253 I InputReader: processEventsLocked: type=3 Count=3 code=57 value=-1 deviceId=1 when=352558672916000
09-01 15:54:27.027  1137  1253 D InputReader: dispatchTouches action UP now(ns): 352558673129944
09-01 15:54:27.027  1137  1253 D InputReader: notifyMotion call dispatcher
09-01 15:54:27.028  1137  1160 D RamBoostManagerService: updateMotoSwapState: mIsTouching: false mIsScreenOff: false mCpuUsed: 8.6336975
09-01 15:54:27.028  1137  1160 D RamBoostManagerService: writeSysFile: path: /sys/block/zram0/hybridswap_swapd_pause value: 0
09-01 15:54:27.031 29468 29468 W WindowOnBackDispatcher: sendCancelIfRunning: isInProgress=falsecallback=android.view.ViewRootImpl$$ExternalSyntheticLambda17@125341
09-01 15:54:27.031  1137  4045 D CoreBackPreview: Window{ea35ba7 u0 com.oneapp/com.oneapp.MainActivity}, [type=2]-[Surface(name=*Title#10325)/@0x52e189f, shown=false, alpha=0.0, windowType=2]: Setting back callback null
09-01 15:54:27.033 29468 29614 D OpenGLRenderer: endAllActiveAnimators on 0xb400007a0d4ce740 (RippleDrawable) with handle 0xb400007a5d512540
09-01 15:54:27.034  1137  4045 W InputManager-JNI: Input channel object 'ea35ba7 com.oneapp/com.oneapp.MainActivity (client)' was disposed without first being removed with the input manager!
09-01 15:54:27.038  1137  4045 D WindowManager: isSupportDynamicNavbar user0, navBarMode = 2, is3buttonModeNavbar = false
09-01 15:54:27.038  1137  4045 I WindowManager: Input focus has changed to Window{af08fcd u0 com.oneapp/com.oneapp.MainActivity}, [type=1]-[Surface(name=*Title#10238)/@0xc835bc9, shown=false, alpha=0.0, windowType=1] from ea35ba7 com.oneapp/com.oneapp.MainActivity mDisplayId 0 updateInputWindows false
09-01 15:54:27.038  1137  4045 D UnisocDisplayJamMonitorImpl: Switch focus to Window{af08fcd u0 com.oneapp/com.oneapp.MainActivity}, [type=1]-[Surface(name=*Title#10238)/@0xc835bc9, shown=false, alpha=0.0, windowType=1] on APP(ActivityRecord{a18ffb5 u0 com.oneapp/.MainActivity t258 d0}) from Window{ea35ba7 u0 com.oneapp/com.oneapp.MainActivity EXITING}, [type=2]-[Surface(name=*Title#10325)/@0x52e189f, shown=false, alpha=0.0, windowType=2], newWindowHandle = af08fcd com.oneapp/com.oneapp.MainActivity, frame=[0,0,0,0], touchableRegion=SkRegion((0,0,1080,2400)), scaleFactor=1.0, transform=null, windowToken=android.os.BinderProxy@2869164, displayId=0, isClone=false, packageName=com.oneapp, ownerPid=29468, touchableRegionSurfaceControl=java.lang.ref.WeakReference@336fc2d, replaceTouchableRegionWithCrop=false, changed=false mGlobalScale=1.0 mCompatScale=1.0 mInvGlobalScale=1.0
09-01 15:54:27.043  1137  1162 V WindowManager: Unknown focus tokens, dropping reportFocusChanged
09-01 15:54:27.044 29468 29468 W WindowOnBackDispatcher: OnBackInvokedCallback is not enabled for the application.
09-01 15:54:27.044 29468 29468 W WindowOnBackDispatcher: Set 'android:enableOnBackInvokedCallback="true"' in the application manifest.
09-01 15:54:27.083  1137  4045 I ImeTracker: com.oneapp:15978a36: onRequestHide at ORIGIN_SERVER_HIDE_INPUT reason HIDE_SAME_WINDOW_FOCUSED_WITHOUT_EDITOR
09-01 15:54:27.083  1137  4045 I ImeTracker: com.oneapp:15978a36: onCancelled at PHASE_SERVER_SHOULD_HIDE
09-01 15:54:27.084 22997 22997 I GoogleInputMethodService: GoogleInputMethodService.onFinishInput():2054
09-01 15:54:27.085 22997 22997 I Module  : DeviceLockedStatusModuleProvider$Module.updateDeviceLockedStatus():100 repeatCheckTimes = 0, locked = false
09-01 15:54:27.085 22997 22997 I GoogleInputMethodService: GoogleInputMethodService.onStartInput():1315 onStartInput(EditorInfo{EditorInfo{packageName=com.oneapp, inputType=0, inputTypeString=NULL, enableLearning=false, autoCorrection=false, autoComplete=false, imeOptions=0, privateImeOptions=null, actionName=UNSPECIFIED, actionLabel=null, initialSelStart=-1, initialSelEnd=-1, initialCapsMode=0, label=null, fieldId=0, fieldName=null, extras=null, hintText=null, hintLocales=[]}}, false)
09-01 15:54:27.086 22997 22997 I Module  : DeviceLockedStatusModuleProvider$Module.updateDeviceLockedStatus():100 repeatCheckTimes = 1, locked = false
09-01 15:54:27.086  1137  4045 W PackageConfigPersister: App-specific configuration not found for packageName: com.oneapp and userId: 0
09-01 15:54:27.096 29468 31393 I R47     : Exosip [eXconf.c-871-A0] ,t31393,l5: eXosip: Reseting timer to 1s before waking up!
09-01 15:54:27.145  1137  1296 D WifiStaIfaceHidlImpl: getCachedScanData is not implemented by HIDL
09-01 15:54:27.225   632   632 D PowerHAL: ###Exit interaction_touch scene bgn###
09-01 15:54:27.225   632   632 D PowerHAL: Enter common_set: enable:0, duration: 0, /sys/devices/system/cpu/cpufreq/policy0/scaling_min_freq: 2184000
09-01 15:54:27.225   632   632 D PowerHAL: Enter set_cluster_freqs_max_min:
09-01 15:54:27.225   632   632 D PowerHAL: Enter common_clear:
09-01 15:54:27.225   632   632 D PowerHAL: Enter common_set: enable:0, duration: 0, /sys/devices/system/cpu/cpufreq/policy0/scaling_max_freq: 2184000
09-01 15:54:27.225   632   632 D PowerHAL: Enter set_cluster_freqs_max_min:
09-01 15:54:27.225   632   632 D PowerHAL: Enter common_clear:
09-01 15:54:27.225   632   632 D PowerHAL: Enter common_set: enable:0, duration: 0, /sys/devices/system/cpu/cpufreq/policy4/scaling_min_freq: 1872000
09-01 15:54:27.225   632   632 D PowerHAL: Enter set_cluster_freqs_max_min:
09-01 15:54:27.225   632   632 D PowerHAL: Enter common_clear:
09-01 15:54:27.225   632   632 D PowerHAL: Enter common_set: enable:0, duration: 0, /sys/devices/system/cpu/cpufreq/policy4/scaling_max_freq: 2301000
09-01 15:54:27.225   632   632 D PowerHAL: Enter set_cluster_freqs_max_min:
09-01 15:54:27.225   632   632 D PowerHAL: Enter common_clear:
09-01 15:54:27.225   632   632 D PowerHAL: Enter common_set: enable:0, duration: 0, /sys/devices/system/cpu/cpufreq/policy7/scaling_min_freq: 1872000
09-01 15:54:27.225   632   632 D PowerHAL: Enter set_cluster_freqs_max_min:
09-01 15:54:27.225   632   632 D PowerHAL: Enter common_clear:
09-01 15:54:27.225   632   632 D PowerHAL: Enter common_set: enable:0, duration: 0, /sys/devices/system/cpu/cpufreq/policy7/scaling_max_freq: 2704000
09-01 15:54:27.225   632   632 D PowerHAL: Enter set_cluster_freqs_max_min:
09-01 15:54:27.225   632   632 D PowerHAL: Enter common_clear:
09-01 15:54:27.225   632   632 D PowerHAL: Enter devfreq_ddr_set: enable:0, duration: 0, /sys/class/devfreq/scene-frequency/sprd-governor/scene_boost_dfs: max
09-01 15:54:27.226   632   632 D PowerHAL: Enter common_subsys_set: enable:0, duration: 0, subsys:uclamp: conf_5:6
09-01 15:54:27.226   632   632 D PowerHAL: Enter common_subsys_clear: uclamp
09-01 15:54:27.228   632   632 D PowerHAL: ###Exit interaction_touch scene end###
09-01 15:54:27.236 29468 31409 I R47     : Exosip [eXconf.c-1245-A7] ,t31409,l5: keep alive: 0
09-01 15:54:27.236 29468 31409 I R47     : Exosip [eXconf.c-877-A7] ,t31409,l5: eXosip: Reseting timer to 10s before waking up!
09-01 15:54:28.097 29468 31393 I R47     : Exosip [eXconf.c-871-A0] ,t31393,l5: eXosip: Reseting timer to 1s before waking up!
09-01 15:54:28.128  1137  1338 D RamBoostManagerService: closeSource for /proc/stat
09-01 15:54:28.129  1137  1338 D RamBoostManagerService: updateMotoSwapState: mIsTouching: false mIsScreenOff: false mCpuUsed: 6.25
09-01 15:54:28.129  1137  1338 E RamBoostManagerService: mCpuUsed: 6.25
09-01 15:54:28.931 23698 23783 I WM-WorkerWrapper: Worker result SUCCESS for Work [ id=f04dc38e-e68c-49ce-9060-60467e8e316d, tags={ com.whoop.metrics.worker.DataDogMetricsUploader } ]
09-01 15:54:28.938  1137  4045 W JobScheduler.JobStatus: Exempted app com.whoop.android considered buggy
09-01 15:54:28.943  1137  4045 W JobScheduler.JobStatus: Exempted app com.whoop.android considered buggy
09-01 15:54:28.944  1137  4045 W JobScheduler.JobStatus: Exempted app com.whoop.android considered buggy
09-01 15:54:28.944  1137  4045 W JobScheduler.JobStatus: Exempted app com.whoop.android considered buggy
09-01 15:54:28.944  1137  4045 W JobScheduler.JobStatus: Exempted app com.whoop.android considered buggy
09-01 15:54:28.944  1137  4045 W JobScheduler.JobStatus: Exempted app com.whoop.android considered buggy
09-01 15:54:28.944  1137  4045 W JobScheduler.JobStatus: Exempted app com.whoop.android considered buggy
09-01 15:54:28.945  1137  4045 W JobScheduler.JobStatus: Exempted app com.whoop.android considered buggy
09-01 15:54:28.945  1137  4045 W JobScheduler.JobStatus: Exempted app com.whoop.android considered buggy
09-01 15:54:28.945  1137  4045 W JobScheduler.JobStatus: Exempted app com.whoop.android considered buggy
09-01 15:54:28.945  1137  4045 W JobScheduler.JobStatus: Exempted app com.whoop.android considered buggy
09-01 15:54:28.945  1137  4045 W JobScheduler.JobStatus: Exempted app com.whoop.android considered buggy
09-01 15:54:28.946  1137  4045 W JobScheduler.JobStatus: Exempted app com.whoop.android considered buggy
09-01 15:54:28.946  1137  4045 W JobScheduler.JobStatus: Exempted app com.whoop.android considered buggy
09-01 15:54:28.947  1137  4045 W JobScheduler.JobStatus: Exempted app com.whoop.android considered buggy
09-01 15:54:28.947  1137  4045 W JobScheduler.JobStatus: Exempted app com.whoop.android considered buggy
09-01 15:54:28.948  1137  4045 W JobScheduler.JobStatus: Exempted app com.whoop.android considered buggy
09-01 15:54:28.949  1137  4045 V AlarmManager: set(null) : type=3 listener=android.app.AlarmManager$ListenerWrapper@e1e4a0c listenerTag=*job.delay* workSource=WorkSource{10158 com.google.android.as} callingPackage=android callingUid=1000 triggerAtTime=518564271 win=39111 tElapsed=518564271 maxElapsed=518603382 interval=0 flags=0x0
09-01 15:54:28.950  1137  4045 D AlarmManagerService: set alarm to kernel: 518527.682000000, type=2
09-01 15:54:28.950  1137  4045 D AlarmManagerService: set alarm to kernel: 518527.682000000, type=2
09-01 15:54:28.950  1137  4045 W JobScheduler.JobStatus: Exempted app com.whoop.android considered buggy
09-01 15:54:28.952  1137  1223 W JobScheduler.JobStatus: Exempted app com.whoop.android considered buggy
09-01 15:54:28.952  1137  1223 W JobScheduler.JobStatus: Exempted app com.whoop.android considered buggy
09-01 15:54:28.952  1137  1223 W JobScheduler.JobStatus: Exempted app com.whoop.android considered buggy
09-01 15:54:28.952  1137  1223 W JobScheduler.JobStatus: Exempted app com.whoop.android considered buggy
09-01 15:54:28.954  1137  1223 D PowerManagerServiceEx: isScreenOnBlockedLocked
09-01 15:54:28.956  1137  1223 D PowerManagerServiceEx: isScreenOnBlockedLocked
09-01 15:54:28.963  1137  1223 D ActivityManager: sync unfroze 24646 com.google.android.as.oss for 6
09-01 15:54:28.965  1137  1223 D PowerManagerServiceEx: isScreenOnBlockedLocked
09-01 15:54:28.967  1137  1223 D PowerManagerServiceEx: isScreenOnBlockedLocked
09-01 15:54:28.969  1137  1223 D PowerManagerServiceEx: isScreenOnBlockedLocked
09-01 15:54:28.975  1137  1223 D PowerManagerServiceEx: isScreenOnBlockedLocked
09-01 15:54:28.977  1137  4045 W JobScheduler.JobStatus: Exempted app com.whoop.android considered buggy
09-01 15:54:28.977  1137  4045 W JobScheduler.JobStatus: Exempted app com.whoop.android considered buggy
09-01 15:54:28.978  1137  4045 W JobScheduler.JobStatus: Exempted app com.whoop.android considered buggy
09-01 15:54:28.978  1137  4045 W JobScheduler.JobStatus: Exempted app com.whoop.android considered buggy
09-01 15:54:28.982  1137  4045 D PowerManagerServiceEx: isScreenOnBlockedLocked
09-01 15:54:28.988  1137  4045 W JobScheduler.JobStatus: Exempted app com.whoop.android considered buggy
09-01 15:54:28.988  1137  4045 W JobScheduler.JobStatus: Exempted app com.whoop.android considered buggy
09-01 15:54:28.988  1137  4045 W JobScheduler.JobStatus: Exempted app com.whoop.android considered buggy
09-01 15:54:28.988  1137  4045 W JobScheduler.JobStatus: Exempted app com.whoop.android considered buggy
09-01 15:54:28.988  1137  4045 W JobScheduler.JobStatus: Exempted app com.whoop.android considered buggy
09-01 15:54:28.988  1137  4045 W JobScheduler.JobStatus: Exempted app com.whoop.android considered buggy
09-01 15:54:28.988  1137  4045 W JobScheduler.JobStatus: Exempted app com.whoop.android considered buggy
09-01 15:54:28.988  1137  4045 W JobScheduler.JobStatus: Exempted app com.whoop.android considered buggy
09-01 15:54:28.989  1137  4045 W JobScheduler.JobStatus: Exempted app com.whoop.android considered buggy
09-01 15:54:28.989  1137  4045 W JobScheduler.JobStatus: Exempted app com.whoop.android considered buggy
09-01 15:54:28.989  1137  4045 W JobScheduler.JobStatus: Exempted app com.whoop.android considered buggy
09-01 15:54:28.989  1137  4045 W JobScheduler.JobStatus: Exempted app com.whoop.android considered buggy
09-01 15:54:28.990  1137  4045 W JobScheduler.JobStatus: Exempted app com.whoop.android considered buggy
09-01 15:54:28.990  1137  4045 W JobScheduler.JobStatus: Exempted app com.whoop.android considered buggy
09-01 15:54:28.990  1137  4045 W JobScheduler.JobStatus: Exempted app com.whoop.android considered buggy
09-01 15:54:28.991  1137  4045 W JobScheduler.JobStatus: Exempted app com.whoop.android considered buggy
09-01 15:54:28.991  1137  4045 W JobScheduler.JobStatus: Exempted app com.whoop.android considered buggy
09-01 15:54:28.993  1137  4045 V AlarmManager: set(null) : type=2 listener=android.app.AlarmManager$ListenerWrapper@b256278 listenerTag=*job.deadline* workSource=WorkSource{10174 com.google.android.partnersetup} callingPackage=android callingUid=1000 triggerAtTime=519874510 win=1021758 tElapsed=519874510 maxElapsed=520896268 interval=0 flags=0x0
09-01 15:54:28.993  1137  4045 D AlarmManagerService: set alarm to kernel: 518843.172000000, type=2
09-01 15:54:28.993  1137  4045 D AlarmManagerService: set alarm to kernel: 518543.173000000, type=3
09-01 15:54:28.994  1137  4045 D AlarmManagerService: set alarm to kernel: 518843.172000000, type=2
09-01 15:54:28.994  1137  4045 D AlarmManagerService: set alarm to kernel: 518543.173000000, type=3
09-01 15:54:28.998  1137  1637 D PowerManagerServiceEx: isScreenOnBlockedLocked
09-01 15:54:29.000  1137  1637 W JobScheduler: Job didn't exist in JobStore: 949f75b #u0a183/-1459396391 com.google.android.as.oss/com.google.android.gms.learning.internal.training.InAppJobService
09-01 15:54:29.098 29468 31393 I R47     : Exosip [eXconf.c-871-A0] ,t31393,l5: eXosip: Reseting timer to 1s before waking up!
09-01 15:54:29.985 23698 23956 E BluetoothDevice: BT not enabled. Cannot get Remote Device name
09-01 15:54:29.987  1137  1637 W JobScheduler.JobStatus: Exempted app com.whoop.android considered buggy
09-01 15:54:29.987  1137  1637 W JobScheduler.JobStatus: Exempted app com.whoop.android considered buggy
09-01 15:54:29.988  1137  1637 W JobScheduler.JobStatus: Exempted app com.whoop.android considered buggy
09-01 15:54:29.988  1137  1637 W JobScheduler.JobStatus: Exempted app com.whoop.android considered buggy
09-01 15:54:29.988  1137  1637 V AlarmManager: set(null) : type=2 listener=android.app.AlarmManager$ListenerWrapper@b256278 listenerTag=*job.deadline* workSource=WorkSource{10292 com.whoop.android} callingPackage=android callingUid=1000 triggerAtTime=518528159 win=11248 tElapsed=518528159 maxElapsed=518539407 interval=0 flags=0x0
09-01 15:54:29.989  1137  1637 D AlarmManagerService: set alarm to kernel: 518843.172000000, type=2
09-01 15:54:29.989  1137  1637 D AlarmManagerService: set alarm to kernel: 518543.173000000, type=3
09-01 15:54:29.990  1137  1637 D AlarmManagerService: set alarm to kernel: 518539.407000000, type=2
09-01 15:54:29.991  1137  1637 W JobScheduler.JobStatus: Exempted app com.whoop.android considered buggy
09-01 15:54:29.992  1137  1637 V AlarmManager: set(null) : type=3 listener=android.app.AlarmManager$ListenerWrapper@e1e4a0c listenerTag=*job.delay* workSource=WorkSource{10292 com.whoop.android} callingPackage=android callingUid=1000 triggerAtTime=518530408 win=12933 tElapsed=518530408 maxElapsed=518543341 interval=0 flags=0x0
09-01 15:54:29.993  1137  1637 D AlarmManagerService: set alarm to kernel: 518539.407000000, type=2
09-01 15:54:29.993  1137  1637 D AlarmManagerService: set alarm to kernel: 518539.407000000, type=2
09-01 15:54:29.994  1137  1637 W JobScheduler.JobStatus: Exempted app com.whoop.android considered buggy
09-01 15:54:30.173  1137  1296 D WifiStaIfaceHidlImpl: getCachedScanData is not implemented by HIDL
09-01 15:54:31.052  1137  1253 D InputReader: dispatchTouches action DOWN now(ns): 352562697915288
09-01 15:54:31.053  1137  1253 D InputReader: notifyMotion call dispatcher
09-01 15:54:31.055  1137  1160 D RamBoostManagerService: updateMotoSwapState: mIsTouching: true mIsScreenOff: false mCpuUsed: 6.25
09-01 15:54:31.055  1137  1160 D RamBoostManagerService: writeSysFile: path: /sys/block/zram0/hybridswap_swapd_pause value: 1
09-01 15:54:31.056  1137  1252 D PowerManagerServiceEx: isScreenOnBlockedLocked
09-01 15:54:31.059   632   632 D PowerHAL: Enter getSceneIdByName: sceneName:POWER_HINT_VENDOR_INTERACTION_TOUCH
09-01 15:54:31.059   632   632 D PowerHAL: ###Enter interaction_touch scene bgn###
09-01 15:54:31.059   632   632 D PowerHAL: Enter common_set: enable:1, duration: 0, /sys/devices/system/cpu/cpufreq/policy0/scaling_min_freq: 2184000
09-01 15:54:31.059   632   632 D PowerHAL: Enter set_cluster_freqs_max_min:
09-01 15:54:31.060   632   632 D PowerHAL: Enter common_set: enable:1, duration: 0, /sys/devices/system/cpu/cpufreq/policy0/scaling_max_freq: 2184000
09-01 15:54:31.060   632   632 D PowerHAL: Enter set_cluster_freqs_max_min:
09-01 15:54:31.060   632   632 D PowerHAL: Enter common_set: enable:1, duration: 0, /sys/devices/system/cpu/cpufreq/policy4/scaling_min_freq: 1872000
09-01 15:54:31.060   632   632 D PowerHAL: Enter set_cluster_freqs_max_min:
09-01 15:54:31.060   632   632 D PowerHAL: Enter common_set: enable:1, duration: 0, /sys/devices/system/cpu/cpufreq/policy4/scaling_max_freq: 2301000
09-01 15:54:31.060   632   632 D PowerHAL: Enter set_cluster_freqs_max_min:
09-01 15:54:31.060   632   632 D PowerHAL: Enter common_set: enable:1, duration: 0, /sys/devices/system/cpu/cpufreq/policy7/scaling_min_freq: 1872000
09-01 15:54:31.060   632   632 D PowerHAL: Enter set_cluster_freqs_max_min:
09-01 15:54:31.060   632   632 D PowerHAL: Enter common_set: enable:1, duration: 0, /sys/devices/system/cpu/cpufreq/policy7/scaling_max_freq: 2704000
09-01 15:54:31.060   632   632 D PowerHAL: Enter set_cluster_freqs_max_min:
09-01 15:54:31.060   632   632 D PowerHAL: Enter devfreq_ddr_set: enable:1, duration: 0, /sys/class/devfreq/scene-frequency/sprd-governor/scene_boost_dfs: max
09-01 15:54:31.061   632   632 D PowerHAL: Enter common_subsys_set: enable:1, duration: 0, subsys:uclamp: conf_5:6
09-01 15:54:31.061   632   632 D PowerHAL: Enter common_subsys_set_current_config:
09-01 15:54:31.062   632   632 D PowerHAL: ###Enter interaction_touch scene end###
09-01 15:54:31.091 29468 31393 I R47     : Exosip [eXconf.c-871-A0] ,t31393,l5: eXosip: Reseting timer to 1s before waking up!
09-01 15:54:31.126  1137  1338 D RamBoostManagerService: closeSource for /proc/stat
09-01 15:54:31.127  1137  1338 D RamBoostManagerService: updateMotoSwapState: mIsTouching: true mIsScreenOff: false mCpuUsed: 5.1680684
09-01 15:54:31.127  1137  1338 E RamBoostManagerService: mCpuUsed: 5.1680684
09-01 15:54:31.251  1137  1253 D InputReader: dispatchTouches action MOVE now(ns): 352562897133211
09-01 15:54:31.251  1137  1253 D InputReader: notifyMotion call dispatcher
09-01 15:54:31.252  1137  1252 D PowerManagerServiceEx: isScreenOnBlockedLocked
09-01 15:54:31.256  1137  1253 D InputReader: dispatchTouches action MOVE now(ns): 352562901666941
09-01 15:54:31.256  1137  1253 D InputReader: notifyMotion call dispatcher
09-01 15:54:31.260  1137  1253 D InputReader: dispatchTouches action MOVE now(ns): 352562905800518
09-01 15:54:31.260  1137  1253 D InputReader: notifyMotion call dispatcher
09-01 15:54:31.264  1137  1253 D InputReader: dispatchTouches action MOVE now(ns): 352562909761826
09-01 15:54:31.264  1137  1253 D InputReader: notifyMotion call dispatcher
09-01 15:54:31.268  1137  1253 D InputReader: dispatchTouches action MOVE now(ns): 352562913622749
09-01 15:54:31.268  1137  1253 D InputReader: notifyMotion call dispatcher
09-01 15:54:31.272  1137  1253 I InputReader: processEventsLocked: type=3 Count=3 code=57 value=-1 deviceId=1 when=352562918032000
09-01 15:54:31.272  1137  1253 D InputReader: dispatchTouches action UP now(ns): 352562918328287
09-01 15:54:31.272  1137  1253 D InputReader: notifyMotion call dispatcher
09-01 15:54:31.273  1137  1160 D RamBoostManagerService: updateMotoSwapState: mIsTouching: false mIsScreenOff: false mCpuUsed: 5.1680684
09-01 15:54:31.273  1137  1160 D RamBoostManagerService: writeSysFile: path: /sys/block/zram0/hybridswap_swapd_pause value: 0
09-01 15:54:31.290 29468 29468 W WindowOnBackDispatcher: OnBackInvokedCallback is not enabled for the application.
09-01 15:54:31.290 29468 29468 W WindowOnBackDispatcher: Set 'android:enableOnBackInvokedCallback="true"' in the application manifest.
09-01 15:54:31.310  1137  4045 D UnisocDisplayJamMonitorImpl: Switch focus to Window{20c1277 u0 com.oneapp/com.oneapp.MainActivity}, [type=2]*noSurface on APP(ActivityRecord{a18ffb5 u0 com.oneapp/.MainActivity t258 d0}) from Window{af08fcd u0 com.oneapp/com.oneapp.MainActivity}, [type=1]-[Surface(name=*Title#10238)/@0xc835bc9, shown=false, alpha=0.0, windowType=1], newWindowHandle = 20c1277 com.oneapp/com.oneapp.MainActivity, frame=[0,0,0,0], touchableRegion=SkRegion(), scaleFactor=0.0, transform=null, windowToken=null, displayId=0, isClone=false, packageName=com.oneapp, ownerPid=29468, touchableRegionSurfaceControl=java.lang.ref.WeakReference@d678349, replaceTouchableRegionWithCrop=false, changed=true mGlobalScale=1.0 mCompatScale=1.0 mInvGlobalScale=1.0
09-01 15:54:31.310  1137  4045 I WindowManager: Input focus has changed to Window{20c1277 u0 com.oneapp/com.oneapp.MainActivity}, [type=2]*noSurface from af08fcd com.oneapp/com.oneapp.MainActivity mDisplayId 0 updateInputWindows false
09-01 15:54:31.315  1137  4045 D CoreBackPreview: Window{20c1277 u0 com.oneapp/com.oneapp.MainActivity}, [type=2]*noSurface: Setting back callback OnBackInvokedCallbackInfo{mCallback=android.window.IOnBackInvokedCallback$Stub$Proxy@289544e, mPriority=0, mIsAnimationCallback=false}
09-01 15:54:31.342  1137  1163 D WindowManager: isSupportDynamicNavbar user0, navBarMode = 2, is3buttonModeNavbar = false
09-01 15:54:31.345  1137  1163 D WindowManager: isSupportDynamicNavbar user0, navBarMode = 2, is3buttonModeNavbar = false
09-01 15:54:31.353   648   648 I Layer   : fillInputInfo layer:Dim Layer for - Task=258#10338, visible=1 (hasInputInfo:1, isHidden:0, alpha:0.000000, parent:Surface(name=Dim Layer for - Task=258#10338)/@0x2a675a - animation-leash of dimmer#10339,parenthidden:0, parentalpha:0.000000, mBuffer:0, mSidebandStream:0,hasSomethingToDraw:1, hasEffect:1, fillsColor:1, drawShadows:0, hasBlur:0)
09-01 15:54:31.386   648   648 I Layer   : fillInputInfo layer:com.oneapp/com.oneapp.MainActivity#10336, visible=1 (hasInputInfo:1, isHidden:0, alpha:0.213867, parent:20c1277 com.oneapp/com.oneapp.MainActivity#10333,parenthidden:0, parentalpha:0.213867, mBuffer:1, mSidebandStream:0,hasSomethingToDraw:1, hasEffect:0, fillsColor:0, drawShadows:0, hasBlur:0)
09-01 15:54:31.387   616   616 D SPRDHWComposer: HWC Range:1, HWC_Transfer:4
09-01 15:54:31.387   616   616 D SPRDHWComposer: HWC Range:1, HWC_Transfer:4
09-01 15:54:31.470   632   632 D PowerHAL: ###Exit interaction_touch scene bgn###
09-01 15:54:31.470   632   632 D PowerHAL: Enter common_set: enable:0, duration: 0, /sys/devices/system/cpu/cpufreq/policy0/scaling_min_freq: 2184000
09-01 15:54:31.470   632   632 D PowerHAL: Enter set_cluster_freqs_max_min:
09-01 15:54:31.470   632   632 D PowerHAL: Enter common_clear:
09-01 15:54:31.470   632   632 D PowerHAL: Enter common_set: enable:0, duration: 0, /sys/devices/system/cpu/cpufreq/policy0/scaling_max_freq: 2184000
09-01 15:54:31.470   632   632 D PowerHAL: Enter set_cluster_freqs_max_min:
09-01 15:54:31.470   632   632 D PowerHAL: Enter common_clear:
09-01 15:54:31.470   632   632 D PowerHAL: Enter common_set: enable:0, duration: 0, /sys/devices/system/cpu/cpufreq/policy4/scaling_min_freq: 1872000
09-01 15:54:31.470   632   632 D PowerHAL: Enter set_cluster_freqs_max_min:
09-01 15:54:31.470   632   632 D PowerHAL: Enter common_clear:
09-01 15:54:31.470   632   632 D PowerHAL: Enter common_set: enable:0, duration: 0, /sys/devices/system/cpu/cpufreq/policy4/scaling_max_freq: 2301000
09-01 15:54:31.470   632   632 D PowerHAL: Enter set_cluster_freqs_max_min:
09-01 15:54:31.470   632   632 D PowerHAL: Enter common_clear:
09-01 15:54:31.470   632   632 D PowerHAL: Enter common_set: enable:0, duration: 0, /sys/devices/system/cpu/cpufreq/policy7/scaling_min_freq: 1872000
09-01 15:54:31.470   632   632 D PowerHAL: Enter set_cluster_freqs_max_min:
09-01 15:54:31.470   632   632 D PowerHAL: Enter common_clear:
09-01 15:54:31.470   632   632 D PowerHAL: Enter common_set: enable:0, duration: 0, /sys/devices/system/cpu/cpufreq/policy7/scaling_max_freq: 2704000
09-01 15:54:31.470   632   632 D PowerHAL: Enter set_cluster_freqs_max_min:
09-01 15:54:31.470   632   632 D PowerHAL: Enter common_clear:
09-01 15:54:31.470   632   632 D PowerHAL: Enter devfreq_ddr_set: enable:0, duration: 0, /sys/class/devfreq/scene-frequency/sprd-governor/scene_boost_dfs: max
09-01 15:54:31.471   632   632 D PowerHAL: Enter common_subsys_set: enable:0, duration: 0, subsys:uclamp: conf_5:6
09-01 15:54:31.471   632   632 D PowerHAL: Enter common_subsys_clear: uclamp
09-01 15:54:31.473   632   632 D PowerHAL: ###Exit interaction_touch scene end###
09-01 15:54:31.503  1137  1163 D WindowManager: isSupportDynamicNavbar user0, navBarMode = 2, is3buttonModeNavbar = false
09-01 15:54:31.520  1137  1163 D WindowManager: isSupportDynamicNavbar user0, navBarMode = 2, is3buttonModeNavbar = false
09-01 15:54:32.092 29468 31393 I R47     : Exosip [eXconf.c-871-A0] ,t31393,l5: eXosip: Reseting timer to 1s before waking up!
09-01 15:54:33.094 29468 31393 I R47     : Exosip [udp.c-2208-A0] ,t31393,l4: Release a terminated registration
09-01 15:54:33.095 29468 31393 I R47     : Exosip [jreg.c-150-A0] ,t31393,l4: Release a terminated transaction
09-01 15:54:33.095 29468 31393 I R47     : Exosip [eXconf.c-871-A0] ,t31393,l5: eXosip: Reseting timer to 1s before waking up!
09-01 15:54:33.202  1137  1296 D WifiStaIfaceHidlImpl: getCachedScanData is not implemented by HIDL
09-01 15:54:33.216  1464  1464 D WifiSignalController: connected : true, level : 4, isDefault : true, inetCondition : 1, statusLabel : null
09-01 15:54:33.218  1464  1464 D StatusBarIconController: ignoring old pipeline callback because the new wifi icon is enabled
09-01 15:54:33.218  1464  1464 D StatusBarIconController: setIconVisibility: slot=wifi,visibility=true,tag=0
09-01 15:54:33.256  1464  2243 D BLASTBufferQueue: [VRI[StatusBar]#5](f:0,a:3) PendingRelease=2, PendingBuffersToHold=1, SyncedFrameNumbers=0, lacfnr:61640, lapfnr:61640
09-01 15:54:33.257  1464  2243 D BLASTBufferQueue: [VRI[StatusBar]#5](f:0,a:2) PendingRelease=1, PendingBuffersToHold=1, SyncedFrameNumbers=0, lacfnr:61640, lapfnr:61640
09-01 15:54:34.097 29468 31393 I R47     : Exosip [osip_transaction.c-304-A0] ,t31393,l5: free transaction ressource 1 1348255981
09-01 15:54:34.097 29468 31393 I R47     : Exosip [nict.c-162-A0] ,t31393,l5: free nict ressource
09-01 15:54:34.097 29468 31393 I R47     : Exosip [eXconf.c-871-A0] ,t31393,l5: eXosip: Reseting timer to 1s before waking up!
09-01 15:54:34.127  1137  1338 D RamBoostManagerService: closeSource for /proc/stat
09-01 15:54:34.128  1137  1338 D RamBoostManagerService: updateMotoSwapState: mIsTouching: false mIsScreenOff: false mCpuUsed: 8.949577
09-01 15:54:34.128  1137  1338 E RamBoostManagerService: mCpuUsed: 8.949577
09-01 15:54:35.098 29468 31393 I R47     : Exosip [eXconf.c-871-A0] ,t31393,l5: eXosip: Reseting timer to 1s before waking up!
09-01 15:54:36.238  1137  1296 D WifiStaIfaceHidlImpl: getCachedScanData is not implemented by HIDL
09-01 15:54:36.959  1137  1223 W ProcessStats: Tracking association SourceState{dfd0119 com.android.phone/1001 Persist #356068} whose proc state 0 is better than process ProcessState{87b1b3a com.spreadtrum.ims/1001 pkg=com.spreadtrum.ims} proc state 5 (7 skipped)
09-01 15:54:36.960  1137  1223 V BroadcastQueue: Enqueuing BroadcastRecord{2a595bd android.os.action.POWER_SAVE_TEMP_WHITELIST_CHANGED/u0} from uid 1000 pid 1137 for 1 receivers
09-01 15:54:37.091 29468 31393 I R47     : Exosip [eXconf.c-871-A0] ,t31393,l5: eXosip: Reseting timer to 1s before waking up!
09-01 15:54:37.127  1137  1338 D RamBoostManagerService: closeSource for /proc/stat
09-01 15:54:37.128  1137  1338 D RamBoostManagerService: updateMotoSwapState: mIsTouching: false mIsScreenOff: false mCpuUsed: 3.7254095
09-01 15:54:37.128  1137  1338 E RamBoostManagerService: mCpuUsed: 3.7254095
09-01 15:54:37.247 29468 31409 I R47     : Exosip [eXconf.c-1245-A7] ,t31409,l5: keep alive: 10
09-01 15:54:37.247 29468 31409 I R47     : Exosip [eXconf.c-877-A7] ,t31409,l5: eXosip: Reseting timer to 10s before waking up!
09-01 15:54:38.093 29468 31393 I R47     : Exosip [eXconf.c-871-A0] ,t31393,l5: eXosip: Reseting timer to 1s before waking up!
09-01 15:54:39.055  1137  1238 D ActivityManager: freezing 24646 com.google.android.as.oss
09-01 15:54:39.094 29468 31393 I R47     : Exosip [eXconf.c-871-A0] ,t31393,l5: eXosip: Reseting timer to 1s before waking up!
09-01 15:54:39.271  1137  1296 D WifiStaIfaceHidlImpl: getCachedScanData is not implemented by HIDL
09-01 15:54:40.035  1137  1637 D ActivityManager: Skip enqueue broadcast because no receiver with Intent { act=android.intent.action.SIG_STR flg=0x10 (has extras) }
09-01 15:54:40.036  1464  1534 D SignalStrengthUtils: updateDateType-> type = 13
09-01 15:54:40.036  1464  1534 D UniStatusBarMobileIconCtrlImpl(5): mDataNetType not Override 13
09-01 15:54:40.040  1464  1534 D NetworkController.MobileSignalController(5)[1648954]: isWifiConnecteds() :true, mCurrentState.dataSim :true, isDataDisabled :true, DDS subId :5, mUpdateFromDataChange :false, mCurrentState.dataConnected : false, mCurrentState.isDefault : false
09-01 15:54:40.042  1464  1464 D StatusBarSignalPolicy: SetMobileIMSIndicators [5]:mMobileStates = [MobileIconState(subId=5, strengthId=1283, showTriangle=true, roaming=false, typeId=0, visible=true, dataConnected=false, mobileImsId=2131232757, grey = NORMAL, is5gNet=false)]
09-01 15:54:40.047  1464  1464 D StatusBarIconController: matchCards: mccMnc=42402, false
09-01 15:54:40.048  1464  1464 D StatusBarIconController: matchCards: mccMnc=42402, false
09-01 15:54:40.051  1464  1464 D StatusBarIconController: matchCards: mccMnc=42402, false
09-01 15:54:40.052  1464  1464 D StatusBarIconController: matchCards: mccMnc=42402, false
09-01 15:54:40.052  1464  1464 D StatusBarIconController: matchCards: mccMnc=42402, false
09-01 15:54:40.082  1464  2243 D BLASTBufferQueue: [VRI[StatusBar]#5](f:0,a:3) PendingRelease=2, PendingBuffersToHold=1, SyncedFrameNumbers=0, lacfnr:61641, lapfnr:61641
09-01 15:54:40.082  1464  2243 D BLASTBufferQueue: [VRI[StatusBar]#5](f:0,a:2) PendingRelease=1, PendingBuffersToHold=1, SyncedFrameNumbers=0, lacfnr:61641, lapfnr:61641
09-01 15:54:40.097 29468 31393 I R47     : Exosip [eXconf.c-871-A0] ,t31393,l5: eXosip: Reseting timer to 1s before waking up!
09-01 15:54:40.127  1137  1338 D RamBoostManagerService: closeSource for /proc/stat
09-01 15:54:40.128  1137  1338 D RamBoostManagerService: updateMotoSwapState: mIsTouching: false mIsScreenOff: false mCpuUsed: 3.865546
09-01 15:54:40.128  1137  1338 E RamBoostManagerService: mCpuUsed: 3.865546
09-01 15:54:41.037  1137  1637 D ActivityManager: Skip enqueue broadcast because no receiver with Intent { act=android.intent.action.SIG_STR flg=0x10 (has extras) }
09-01 15:54:41.038  1464  1534 D SignalStrengthUtils: updateDateType-> type = 13
09-01 15:54:41.038  1464  1534 D UniStatusBarMobileIconCtrlImpl(5): mDataNetType not Override 13
09-01 15:54:41.041  1464  1534 D NetworkController.MobileSignalController(5)[1648954]: isWifiConnecteds() :true, mCurrentState.dataSim :true, isDataDisabled :true, DDS subId :5, mUpdateFromDataChange :false, mCurrentState.dataConnected : false, mCurrentState.isDefault : false
09-01 15:54:41.043  1464  1464 D StatusBarSignalPolicy: SetMobileIMSIndicators [5]:mMobileStates = [MobileIconState(subId=5, strengthId=1283, showTriangle=true, roaming=false, typeId=0, visible=true, dataConnected=false, mobileImsId=2131232757, grey = NORMAL, is5gNet=false)]
09-01 15:54:41.047  1464  1464 D StatusBarIconController: matchCards: mccMnc=42402, false
09-01 15:54:41.048  1464  1464 D StatusBarIconController: matchCards: mccMnc=42402, false
09-01 15:54:41.052  1464  1464 D StatusBarIconController: matchCards: mccMnc=42402, false
09-01 15:54:41.053  1464  1464 D StatusBarIconController: matchCards: mccMnc=42402, false
09-01 15:54:41.053  1464  1464 D StatusBarIconController: matchCards: mccMnc=42402, false
09-01 15:54:41.081  1464  2242 D BLASTBufferQueue: [VRI[StatusBar]#5](f:0,a:3) PendingRelease=2, PendingBuffersToHold=1, SyncedFrameNumbers=0, lacfnr:61642, lapfnr:61642
09-01 15:54:41.082  1464  2242 D BLASTBufferQueue: [VRI[StatusBar]#5](f:0,a:2) PendingRelease=1, PendingBuffersToHold=1, SyncedFrameNumbers=0, lacfnr:61642, lapfnr:61642
09-01 15:54:41.098 29468 31393 I R47     : Exosip [eXconf.c-871-A0] ,t31393,l5: eXosip: Reseting timer to 1s before waking up!
09-01 15:54:41.507  1137  1253 D InputReader: dispatchTouches action DOWN now(ns): 352573152898742
09-01 15:54:41.507  1137  1253 D InputReader: notifyMotion call dispatcher
09-01 15:54:41.510  1137  1160 D RamBoostManagerService: updateMotoSwapState: mIsTouching: true mIsScreenOff: false mCpuUsed: 3.865546
09-01 15:54:41.511  1137  1160 D RamBoostManagerService: writeSysFile: path: /sys/block/zram0/hybridswap_swapd_pause value: 1
09-01 15:54:41.512  1137  1253 D InputReader: dispatchTouches action MOVE now(ns): 352573157071434
09-01 15:54:41.512  1137  1253 D InputReader: notifyMotion call dispatcher
09-01 15:54:41.512  1137  1252 D PowerManagerServiceEx: isScreenOnBlockedLocked
09-01 15:54:41.516   632   632 D PowerHAL: Enter getSceneIdByName: sceneName:POWER_HINT_VENDOR_INTERACTION_TOUCH
09-01 15:54:41.517   632   632 D PowerHAL: ###Enter interaction_touch scene bgn###
09-01 15:54:41.517   632   632 D PowerHAL: Enter common_set: enable:1, duration: 0, /sys/devices/system/cpu/cpufreq/policy0/scaling_min_freq: 2184000
09-01 15:54:41.517   632   632 D PowerHAL: Enter set_cluster_freqs_max_min:
09-01 15:54:41.517   632   632 D PowerHAL: Enter common_set: enable:1, duration: 0, /sys/devices/system/cpu/cpufreq/policy0/scaling_max_freq: 2184000
09-01 15:54:41.517   632   632 D PowerHAL: Enter set_cluster_freqs_max_min:
09-01 15:54:41.517   632   632 D PowerHAL: Enter common_set: enable:1, duration: 0, /sys/devices/system/cpu/cpufreq/policy4/scaling_min_freq: 1872000
09-01 15:54:41.517   632   632 D PowerHAL: Enter set_cluster_freqs_max_min:
09-01 15:54:41.518   632   632 D PowerHAL: Enter common_set: enable:1, duration: 0, /sys/devices/system/cpu/cpufreq/policy4/scaling_max_freq: 2301000
09-01 15:54:41.518   632   632 D PowerHAL: Enter set_cluster_freqs_max_min:
09-01 15:54:41.518   632   632 D PowerHAL: Enter common_set: enable:1, duration: 0, /sys/devices/system/cpu/cpufreq/policy7/scaling_min_freq: 1872000
09-01 15:54:41.518   632   632 D PowerHAL: Enter set_cluster_freqs_max_min:
09-01 15:54:41.518   632   632 D PowerHAL: Enter common_set: enable:1, duration: 0, /sys/devices/system/cpu/cpufreq/policy7/scaling_max_freq: 2704000
09-01 15:54:41.518   632   632 D PowerHAL: Enter set_cluster_freqs_max_min:
09-01 15:54:41.518   632   632 D PowerHAL: Enter devfreq_ddr_set: enable:1, duration: 0, /sys/class/devfreq/scene-frequency/sprd-governor/scene_boost_dfs: max
09-01 15:54:41.519   632   632 D PowerHAL: Enter common_subsys_set: enable:1, duration: 0, subsys:uclamp: conf_5:6
09-01 15:54:41.519   632   632 D PowerHAL: Enter common_subsys_set_current_config:
09-01 15:54:41.520   632   632 D PowerHAL: ###Enter interaction_touch scene end###
09-01 15:54:41.615  1137  1253 D InputReader: dispatchTouches action MOVE now(ns): 352573261198588
09-01 15:54:41.615  1137  1253 D InputReader: notifyMotion call dispatcher
09-01 15:54:41.616  1137  1252 D PowerManagerServiceEx: isScreenOnBlockedLocked
09-01 15:54:41.619  1137  1253 D InputReader: dispatchTouches action MOVE now(ns): 352573264776818
09-01 15:54:41.619  1137  1253 D InputReader: notifyMotion call dispatcher
09-01 15:54:41.623  1137  1253 D InputReader: dispatchTouches action MOVE now(ns): 352573268836588
09-01 15:54:41.623  1137  1253 D InputReader: notifyMotion call dispatcher
09-01 15:54:41.627  1137  1253 D InputReader: dispatchTouches action MOVE now(ns): 352573273419011
09-01 15:54:41.627  1137  1253 D InputReader: notifyMotion call dispatcher
09-01 15:54:41.631  1137  1253 D InputReader: dispatchTouches action MOVE now(ns): 352573277421895
09-01 15:54:41.631  1137  1253 D InputReader: notifyMotion call dispatcher
09-01 15:54:41.635  1137  1253 D InputReader: dispatchTouches action MOVE now(ns): 352573281132280
09-01 15:54:41.635  1137  1253 D InputReader: notifyMotion call dispatcher
09-01 15:54:41.639  1137  1253 I InputReader: processEventsLocked: type=3 Count=3 code=57 value=-1 deviceId=1 when=352573285138000
09-01 15:54:41.639  1137  1253 D InputReader: dispatchTouches action UP now(ns): 352573285256934
09-01 15:54:41.639  1137  1253 D InputReader: notifyMotion call dispatcher
09-01 15:54:41.640  1137  1160 D RamBoostManagerService: updateMotoSwapState: mIsTouching: false mIsScreenOff: false mCpuUsed: 3.865546
09-01 15:54:41.640  1137  1160 D RamBoostManagerService: writeSysFile: path: /sys/block/zram0/hybridswap_swapd_pause value: 0
09-01 15:54:41.644 29468 29468 W WindowOnBackDispatcher: sendCancelIfRunning: isInProgress=falsecallback=android.view.ViewRootImpl$$ExternalSyntheticLambda17@ad44f2c
09-01 15:54:41.644  1137  1637 D CoreBackPreview: Window{20c1277 u0 com.oneapp/com.oneapp.MainActivity}, [type=2]-[Surface(name=*Title#10336)/@0xe7cd96f, shown=false, alpha=0.0, windowType=2]: Setting back callback null
09-01 15:54:41.646 29468 29614 D OpenGLRenderer: endAllActiveAnimators on 0xb400007a0d4ea370 (RippleDrawable) with handle 0xb400007a5d4c0910
09-01 15:54:41.647  1137  1637 W InputManager-JNI: Input channel object '20c1277 com.oneapp/com.oneapp.MainActivity (client)' was disposed without first being removed with the input manager!
09-01 15:54:41.651  1137  1637 D WindowManager: isSupportDynamicNavbar user0, navBarMode = 2, is3buttonModeNavbar = false
09-01 15:54:41.651  1137  1637 I WindowManager: Input focus has changed to Window{af08fcd u0 com.oneapp/com.oneapp.MainActivity}, [type=1]-[Surface(name=*Title#10238)/@0xc835bc9, shown=false, alpha=0.0, windowType=1] from 20c1277 com.oneapp/com.oneapp.MainActivity mDisplayId 0 updateInputWindows false
09-01 15:54:41.651  1137  1637 D UnisocDisplayJamMonitorImpl: Switch focus to Window{af08fcd u0 com.oneapp/com.oneapp.MainActivity}, [type=1]-[Surface(name=*Title#10238)/@0xc835bc9, shown=false, alpha=0.0, windowType=1] on APP(ActivityRecord{a18ffb5 u0 com.oneapp/.MainActivity t258 d0}) from Window{20c1277 u0 com.oneapp/com.oneapp.MainActivity EXITING}, [type=2]-[Surface(name=*Title#10336)/@0xe7cd96f, shown=false, alpha=0.0, windowType=2], newWindowHandle = af08fcd com.oneapp/com.oneapp.MainActivity, frame=[0,0,0,0], touchableRegion=SkRegion((0,0,1080,2400)), scaleFactor=1.0, transform=null, windowToken=android.os.BinderProxy@2869164, displayId=0, isClone=false, packageName=com.oneapp, ownerPid=29468, touchableRegionSurfaceControl=java.lang.ref.WeakReference@336fc2d, replaceTouchableRegionWithCrop=false, changed=false mGlobalScale=1.0 mCompatScale=1.0 mInvGlobalScale=1.0
09-01 15:54:41.657 29468 29468 W WindowOnBackDispatcher: OnBackInvokedCallback is not enabled for the application.
09-01 15:54:41.657 29468 29468 W WindowOnBackDispatcher: Set 'android:enableOnBackInvokedCallback="true"' in the application manifest.
09-01 15:54:41.660  1137  1162 V WindowManager: Unknown focus tokens, dropping reportFocusChanged
09-01 15:54:41.684  1137  1637 I ImeTracker: com.oneapp:a46790e5: onRequestHide at ORIGIN_SERVER_HIDE_INPUT reason HIDE_SAME_WINDOW_FOCUSED_WITHOUT_EDITOR
09-01 15:54:41.684  1137  1637 I ImeTracker: com.oneapp:a46790e5: onCancelled at PHASE_SERVER_SHOULD_HIDE
09-01 15:54:41.686 22997 22997 I GoogleInputMethodService: GoogleInputMethodService.onFinishInput():2054
09-01 15:54:41.687 22997 22997 I Module  : DeviceLockedStatusModuleProvider$Module.updateDeviceLockedStatus():100 repeatCheckTimes = 0, locked = false
09-01 15:54:41.687 22997 22997 I GoogleInputMethodService: GoogleInputMethodService.onStartInput():1315 onStartInput(EditorInfo{EditorInfo{packageName=com.oneapp, inputType=0, inputTypeString=NULL, enableLearning=false, autoCorrection=false, autoComplete=false, imeOptions=0, privateImeOptions=null, actionName=UNSPECIFIED, actionLabel=null, initialSelStart=-1, initialSelEnd=-1, initialCapsMode=0, label=null, fieldId=0, fieldName=null, extras=null, hintText=null, hintLocales=[]}}, false)
09-01 15:54:41.687 22997 22997 I Module  : DeviceLockedStatusModuleProvider$Module.updateDeviceLockedStatus():100 repeatCheckTimes = 1, locked = false
09-01 15:54:41.688  1137  1637 W PackageConfigPersister: App-specific configuration not found for packageName: com.oneapp and userId: 0
09-01 15:54:41.823   648   648 I Layer   : fillInputInfo layer:com.oneapp/com.oneapp.MainActivity#10336, visible=0 (hasInputInfo:1, isHidden:0, alpha:0.000000, parent:20c1277 com.oneapp/com.oneapp.MainActivity#10333,parenthidden:0, parentalpha:0.000000, mBuffer:1, mSidebandStream:0,hasSomethingToDraw:1, hasEffect:0, fillsColor:0, drawShadows:0, hasBlur:0)
09-01 15:54:41.836   632   632 D PowerHAL: ###Exit interaction_touch scene bgn###
09-01 15:54:41.836   632   632 D PowerHAL: Enter common_set: enable:0, duration: 0, /sys/devices/system/cpu/cpufreq/policy0/scaling_min_freq: 2184000
09-01 15:54:41.836   632   632 D PowerHAL: Enter set_cluster_freqs_max_min:
09-01 15:54:41.836   632   632 D PowerHAL: Enter common_clear:
09-01 15:54:41.837   632   632 D PowerHAL: Enter common_set: enable:0, duration: 0, /sys/devices/system/cpu/cpufreq/policy0/scaling_max_freq: 2184000
09-01 15:54:41.837   632   632 D PowerHAL: Enter set_cluster_freqs_max_min:
09-01 15:54:41.837   632   632 D PowerHAL: Enter common_clear:
09-01 15:54:41.837   632   632 D PowerHAL: Enter common_set: enable:0, duration: 0, /sys/devices/system/cpu/cpufreq/policy4/scaling_min_freq: 1872000
09-01 15:54:41.837   632   632 D PowerHAL: Enter set_cluster_freqs_max_min:
09-01 15:54:41.837   632   632 D PowerHAL: Enter common_clear:
09-01 15:54:41.837   632   632 D PowerHAL: Enter common_set: enable:0, duration: 0, /sys/devices/system/cpu/cpufreq/policy4/scaling_max_freq: 2301000
09-01 15:54:41.837   632   632 D PowerHAL: Enter set_cluster_freqs_max_min:
09-01 15:54:41.837   632   632 D PowerHAL: Enter common_clear:
09-01 15:54:41.837   632   632 D PowerHAL: Enter common_set: enable:0, duration: 0, /sys/devices/system/cpu/cpufreq/policy7/scaling_min_freq: 1872000
09-01 15:54:41.837   632   632 D PowerHAL: Enter set_cluster_freqs_max_min:
09-01 15:54:41.837   632   632 D PowerHAL: Enter common_clear:
09-01 15:54:41.837   632   632 D PowerHAL: Enter common_set: enable:0, duration: 0, /sys/devices/system/cpu/cpufreq/policy7/scaling_max_freq: 2704000
09-01 15:54:41.837   632   632 D PowerHAL: Enter set_cluster_freqs_max_min:
09-01 15:54:41.837   632   632 D PowerHAL: Enter common_clear:
09-01 15:54:41.837   632   632 D PowerHAL: Enter devfreq_ddr_set: enable:0, duration: 0, /sys/class/devfreq/scene-frequency/sprd-governor/scene_boost_dfs: max
09-01 15:54:41.837   632   632 D PowerHAL: Enter common_subsys_set: enable:0, duration: 0, subsys:uclamp: conf_5:6
09-01 15:54:41.837   632   632 D PowerHAL: Enter common_subsys_clear: uclamp
09-01 15:54:41.841   632   632 D PowerHAL: ###Exit interaction_touch scene end###
09-01 15:54:42.041  1137  1637 D ActivityManager: Skip enqueue broadcast because no receiver with Intent { act=android.intent.action.SIG_STR flg=0x10 (has extras) }
09-01 15:54:42.041  1464  1534 D SignalStrengthUtils: updateDateType-> type = 13
09-01 15:54:42.041  1464  1534 D UniStatusBarMobileIconCtrlImpl(5): mDataNetType not Override 13
09-01 15:54:42.043  1464  1534 D NetworkController.MobileSignalController(5)[1648954]: isWifiConnecteds() :true, mCurrentState.dataSim :true, isDataDisabled :true, DDS subId :5, mUpdateFromDataChange :false, mCurrentState.dataConnected : false, mCurrentState.isDefault : false
09-01 15:54:42.045  1464  1464 D StatusBarSignalPolicy: SetMobileIMSIndicators [5]:mMobileStates = [MobileIconState(subId=5, strengthId=1283, showTriangle=true, roaming=false, typeId=0, visible=true, dataConnected=false, mobileImsId=2131232757, grey = NORMAL, is5gNet=false)]
09-01 15:54:42.049  1464  1464 D StatusBarIconController: matchCards: mccMnc=42402, false
09-01 15:54:42.049  1464  1464 D StatusBarIconController: matchCards: mccMnc=42402, false
09-01 15:54:42.052  1464  1464 D StatusBarIconController: matchCards: mccMnc=42402, false
09-01 15:54:42.053  1464  1464 D StatusBarIconController: matchCards: mccMnc=42402, false
09-01 15:54:42.053  1464  1464 D StatusBarIconController: matchCards: mccMnc=42402, false
09-01 15:54:42.079  1464  2243 D BLASTBufferQueue: [VRI[StatusBar]#5](f:0,a:3) PendingRelease=2, PendingBuffersToHold=1, SyncedFrameNumbers=0, lacfnr:61643, lapfnr:61643
09-01 15:54:42.080  1464  2243 D BLASTBufferQueue: [VRI[StatusBar]#5](f:0,a:2) PendingRelease=1, PendingBuffersToHold=1, SyncedFrameNumbers=0, lacfnr:61643, lapfnr:61643
09-01 15:54:42.306  1137  1296 D WifiStaIfaceHidlImpl: getCachedScanData is not implemented by HIDL
09-01 15:54:42.318  1464  1464 D WifiSignalController: connected : true, level : 4, isDefault : true, inetCondition : 1, statusLabel : null
09-01 15:54:42.320  1464  1464 D StatusBarIconController: ignoring old pipeline callback because the new wifi icon is enabled
09-01 15:54:42.321  1464  1464 D StatusBarIconController: setIconVisibility: slot=wifi,visibility=true,tag=0
09-01 15:54:42.345  1464  2243 D BLASTBufferQueue: [VRI[StatusBar]#5](f:0,a:3) PendingRelease=2, PendingBuffersToHold=1, SyncedFrameNumbers=0, lacfnr:61644, lapfnr:61644
09-01 15:54:42.346  1464  2243 D BLASTBufferQueue: [VRI[StatusBar]#5](f:0,a:2) PendingRelease=1, PendingBuffersToHold=1, SyncedFrameNumbers=0, lacfnr:61644, lapfnr:61644
09-01 15:54:43.091 29468 31393 I R47     : Exosip [eXconf.c-871-A0] ,t31393,l5: eXosip: Reseting timer to 1s before waking up!
