09-01 15:54:43.127  1137  1338 D RamBoostManagerService: closeSource for /proc/stat
09-01 15:54:43.127  1137  1338 D RamBoostManagerService: updateMotoSwapState: mIsTouching: false mIsScreenOff: false mCpuUsed: 5.541563
09-01 15:54:43.127  1137  1338 E RamBoostManagerService: mCpuUsed: 5.541563
09-01 15:54:44.092 29468 31393 I R47     : Exosip [eXconf.c-871-A0] ,t31393,l5: eXosip: Reseting timer to 1s before waking up!
09-01 15:54:44.486   954   982 E SLOGCP  : data_rate_stat: agdsp rate: total size(MB)=0.000000; per second(bytes)=0.000000, drop_cnt_=0, drop_data_size_=0, pollin event times=0.
09-01 15:54:45.094 29468 31393 I R47     : Exosip [eXconf.c-871-A0] ,t31393,l5: eXosip: Reseting timer to 1s before waking up!
09-01 15:54:45.339  1137  1296 D WifiStaIfaceHidlImpl: getCachedScanData is not implemented by HIDL
09-01 15:54:45.347  1464  1464 D WifiSignalController: connected : true, level : 4, isDefault : true, inetCondition : 1, statusLabel : null
09-01 15:54:45.350  1464  1464 D StatusBarIconController: ignoring old pipeline callback because the new wifi icon is enabled
09-01 15:54:45.350  1464  1464 D StatusBarIconController: setIconVisibility: slot=wifi,visibility=true,tag=0
09-01 15:54:45.375  1464  2243 D BLASTBufferQueue: [VRI[StatusBar]#5](f:0,a:3) PendingRelease=2, PendingBuffersToHold=1, SyncedFrameNumbers=0, lacfnr:61645, lapfnr:61645
09-01 15:54:45.375  1464  2243 D BLASTBufferQueue: [VRI[StatusBar]#5](f:0,a:2) PendingRelease=1, PendingBuffersToHold=1, SyncedFrameNumbers=0, lacfnr:61645, lapfnr:61645
09-01 15:54:46.096 29468 31393 I R47     : Exosip [eXconf.c-891-A0] ,t31393,l5: eXosip: timer sec:10 usec:10000!
09-01 15:54:46.127  1137  1338 D RamBoostManagerService: closeSource for /proc/stat
09-01 15:54:46.128  1137  1338 D RamBoostManagerService: updateMotoSwapState: mIsTouching: false mIsScreenOff: false mCpuUsed: 3.8445473
09-01 15:54:46.128  1137  1338 E RamBoostManagerService: mCpuUsed: 3.8445473
09-01 15:54:46.435  1137  1253 D InputReader: dispatchTouches action DOWN now(ns): 352578080955815
09-01 15:54:46.435  1137  1253 D InputReader: notifyMotion call dispatcher
09-01 15:54:46.438  1137  1252 D PowerManagerServiceEx: isScreenOnBlockedLocked
09-01 15:54:46.438  1137  1160 D RamBoostManagerService: updateMotoSwapState: mIsTouching: true mIsScreenOff: false mCpuUsed: 3.8445473
09-01 15:54:46.438  1137  1160 D RamBoostManagerService: writeSysFile: path: /sys/block/zram0/hybridswap_swapd_pause value: 1
09-01 15:54:46.440   632   632 D PowerHAL: Enter getSceneIdByName: sceneName:POWER_HINT_VENDOR_INTERACTION_TOUCH
09-01 15:54:46.441   632   632 D PowerHAL: ###Enter interaction_touch scene bgn###
09-01 15:54:46.441   632   632 D PowerHAL: Enter common_set: enable:1, duration: 0, /sys/devices/system/cpu/cpufreq/policy0/scaling_min_freq: 2184000
09-01 15:54:46.441   632   632 D PowerHAL: Enter set_cluster_freqs_max_min:
09-01 15:54:46.441   632   632 D PowerHAL: Enter common_set: enable:1, duration: 0, /sys/devices/system/cpu/cpufreq/policy0/scaling_max_freq: 2184000
09-01 15:54:46.441   632   632 D PowerHAL: Enter set_cluster_freqs_max_min:
09-01 15:54:46.441   632   632 D PowerHAL: Enter common_set: enable:1, duration: 0, /sys/devices/system/cpu/cpufreq/policy4/scaling_min_freq: 1872000
09-01 15:54:46.441   632   632 D PowerHAL: Enter set_cluster_freqs_max_min:
09-01 15:54:46.442   632   632 D PowerHAL: Enter common_set: enable:1, duration: 0, /sys/devices/system/cpu/cpufreq/policy4/scaling_max_freq: 2301000
09-01 15:54:46.442   632   632 D PowerHAL: Enter set_cluster_freqs_max_min:
09-01 15:54:46.442   632   632 D PowerHAL: Enter common_set: enable:1, duration: 0, /sys/devices/system/cpu/cpufreq/policy7/scaling_min_freq: 1872000
09-01 15:54:46.442   632   632 D PowerHAL: Enter set_cluster_freqs_max_min:
09-01 15:54:46.442   632   632 D PowerHAL: Enter common_set: enable:1, duration: 0, /sys/devices/system/cpu/cpufreq/policy7/scaling_max_freq: 2704000
09-01 15:54:46.442   632   632 D PowerHAL: Enter set_cluster_freqs_max_min:
09-01 15:54:46.442   632   632 D PowerHAL: Enter devfreq_ddr_set: enable:1, duration: 0, /sys/class/devfreq/scene-frequency/sprd-governor/scene_boost_dfs: max
09-01 15:54:46.443   632   632 D PowerHAL: Enter common_subsys_set: enable:1, duration: 0, subsys:uclamp: conf_5:6
09-01 15:54:46.443   632   632 D PowerHAL: Enter common_subsys_set_current_config:
09-01 15:54:46.444   632   632 D PowerHAL: ###Enter interaction_touch scene end###
09-01 15:54:46.547  1137  1253 D InputReader: dispatchTouches action MOVE now(ns): 352578192608969
09-01 15:54:46.547  1137  1253 D InputReader: notifyMotion call dispatcher
09-01 15:54:46.548  1137  1252 D PowerManagerServiceEx: isScreenOnBlockedLocked
09-01 15:54:46.550  1137  1253 D InputReader: dispatchTouches action MOVE now(ns): 352578196514430
09-01 15:54:46.550  1137  1253 D InputReader: notifyMotion call dispatcher
09-01 15:54:46.555  1137  1253 D InputReader: dispatchTouches action MOVE now(ns): 352578200959584
09-01 15:54:46.555  1137  1253 D InputReader: notifyMotion call dispatcher
09-01 15:54:46.559  1137  1253 I InputReader: processEventsLocked: type=3 Count=3 code=57 value=-1 deviceId=1 when=352578204851000
09-01 15:54:46.559  1137  1253 D InputReader: dispatchTouches action UP now(ns): 352578204992392
09-01 15:54:46.559  1137  1253 D InputReader: notifyMotion call dispatcher
09-01 15:54:46.560  1137  1160 D RamBoostManagerService: updateMotoSwapState: mIsTouching: false mIsScreenOff: false mCpuUsed: 3.8445473
09-01 15:54:46.560  1137  1160 D RamBoostManagerService: writeSysFile: path: /sys/block/zram0/hybridswap_swapd_pause value: 0
09-01 15:54:46.576 29468 29468 W WindowOnBackDispatcher: OnBackInvokedCallback is not enabled for the application.
09-01 15:54:46.576 29468 29468 W WindowOnBackDispatcher: Set 'android:enableOnBackInvokedCallback="true"' in the application manifest.
09-01 15:54:46.595  1137  4045 D UnisocDisplayJamMonitorImpl: Switch focus to Window{903bb4f u0 com.oneapp/com.oneapp.MainActivity}, [type=2]*noSurface on APP(ActivityRecord{a18ffb5 u0 com.oneapp/.MainActivity t258 d0}) from Window{af08fcd u0 com.oneapp/com.oneapp.MainActivity}, [type=1]-[Surface(name=*Title#10238)/@0xc835bc9, shown=false, alpha=0.0, windowType=1], newWindowHandle = 903bb4f com.oneapp/com.oneapp.MainActivity, frame=[0,0,0,0], touchableRegion=SkRegion(), scaleFactor=0.0, transform=null, windowToken=null, displayId=0, isClone=false, packageName=com.oneapp, ownerPid=29468, touchableRegionSurfaceControl=java.lang.ref.WeakReference@4c2561, replaceTouchableRegionWithCrop=false, changed=true mGlobalScale=1.0 mCompatScale=1.0 mInvGlobalScale=1.0
09-01 15:54:46.596  1137  4045 I WindowManager: Input focus has changed to Window{903bb4f u0 com.oneapp/com.oneapp.MainActivity}, [type=2]*noSurface from af08fcd com.oneapp/com.oneapp.MainActivity mDisplayId 0 updateInputWindows false
09-01 15:54:46.599  1137  4045 D CoreBackPreview: Window{903bb4f u0 com.oneapp/com.oneapp.MainActivity}, [type=2]*noSurface: Setting back callback OnBackInvokedCallbackInfo{mCallback=android.window.IOnBackInvokedCallback$Stub$Proxy@dd5a886, mPriority=0, mIsAnimationCallback=false}
09-01 15:54:46.624  1137  1163 D WindowManager: isSupportDynamicNavbar user0, navBarMode = 2, is3buttonModeNavbar = false
09-01 15:54:46.627  1137  1163 D WindowManager: isSupportDynamicNavbar user0, navBarMode = 2, is3buttonModeNavbar = false
09-01 15:54:46.635   648   648 I Layer   : fillInputInfo layer:Dim Layer for - Task=258#10349, visible=1 (hasInputInfo:1, isHidden:0, alpha:0.000000, parent:Surface(name=Dim Layer for - Task=258#10349)/@0x753c712 - animation-leash of dimmer#10350,parenthidden:0, parentalpha:0.000000, mBuffer:0, mSidebandStream:0,hasSomethingToDraw:1, hasEffect:1, fillsColor:1, drawShadows:0, hasBlur:0)
09-01 15:54:46.668   648   648 I Layer   : fillInputInfo layer:com.oneapp/com.oneapp.MainActivity#10347, visible=1 (hasInputInfo:1, isHidden:0, alpha:0.213867, parent:903bb4f com.oneapp/com.oneapp.MainActivity#10344,parenthidden:0, parentalpha:0.213867, mBuffer:1, mSidebandStream:0,hasSomethingToDraw:1, hasEffect:0, fillsColor:0, drawShadows:0, hasBlur:0)
09-01 15:54:46.669   616   616 D SPRDHWComposer: HWC Range:1, HWC_Transfer:4
09-01 15:54:46.670   616   616 D SPRDHWComposer: HWC Range:1, HWC_Transfer:4
09-01 15:54:46.757   632   632 D PowerHAL: ###Exit interaction_touch scene bgn###
09-01 15:54:46.757   632   632 D PowerHAL: Enter common_set: enable:0, duration: 0, /sys/devices/system/cpu/cpufreq/policy0/scaling_min_freq: 2184000
09-01 15:54:46.757   632   632 D PowerHAL: Enter set_cluster_freqs_max_min:
09-01 15:54:46.757   632   632 D PowerHAL: Enter common_clear:
09-01 15:54:46.757   632   632 D PowerHAL: Enter common_set: enable:0, duration: 0, /sys/devices/system/cpu/cpufreq/policy0/scaling_max_freq: 2184000
09-01 15:54:46.757   632   632 D PowerHAL: Enter set_cluster_freqs_max_min:
09-01 15:54:46.757   632   632 D PowerHAL: Enter common_clear:
09-01 15:54:46.757   632   632 D PowerHAL: Enter common_set: enable:0, duration: 0, /sys/devices/system/cpu/cpufreq/policy4/scaling_min_freq: 1872000
09-01 15:54:46.757   632   632 D PowerHAL: Enter set_cluster_freqs_max_min:
09-01 15:54:46.757   632   632 D PowerHAL: Enter common_clear:
09-01 15:54:46.757   632   632 D PowerHAL: Enter common_set: enable:0, duration: 0, /sys/devices/system/cpu/cpufreq/policy4/scaling_max_freq: 2301000
09-01 15:54:46.757   632   632 D PowerHAL: Enter set_cluster_freqs_max_min:
09-01 15:54:46.757   632   632 D PowerHAL: Enter common_clear:
09-01 15:54:46.757   632   632 D PowerHAL: Enter common_set: enable:0, duration: 0, /sys/devices/system/cpu/cpufreq/policy7/scaling_min_freq: 1872000
09-01 15:54:46.757   632   632 D PowerHAL: Enter set_cluster_freqs_max_min:
09-01 15:54:46.757   632   632 D PowerHAL: Enter common_clear:
09-01 15:54:46.757   632   632 D PowerHAL: Enter common_set: enable:0, duration: 0, /sys/devices/system/cpu/cpufreq/policy7/scaling_max_freq: 2704000
09-01 15:54:46.757   632   632 D PowerHAL: Enter set_cluster_freqs_max_min:
09-01 15:54:46.757   632   632 D PowerHAL: Enter common_clear:
09-01 15:54:46.757   632   632 D PowerHAL: Enter devfreq_ddr_set: enable:0, duration: 0, /sys/class/devfreq/scene-frequency/sprd-governor/scene_boost_dfs: max
09-01 15:54:46.757   632   632 D PowerHAL: Enter common_subsys_set: enable:0, duration: 0, subsys:uclamp: conf_5:6
09-01 15:54:46.757   632   632 D PowerHAL: Enter common_subsys_clear: uclamp
09-01 15:54:46.759   632   632 D PowerHAL: ###Exit interaction_touch scene end###
09-01 15:54:46.787  1137  1163 D WindowManager: isSupportDynamicNavbar user0, navBarMode = 2, is3buttonModeNavbar = false
09-01 15:54:46.803  1137  1163 D WindowManager: isSupportDynamicNavbar user0, navBarMode = 2, is3buttonModeNavbar = false
09-01 15:54:46.984  1137  1238 D ActivityManager: freezing 22324 org.telegram.messenger
09-01 15:54:47.258 29468 31409 I R47     : Exosip [eXconf.c-1245-A7] ,t31409,l5: keep alive: 10
09-01 15:54:47.258 29468 31409 I R47     : Exosip [eXconf.c-877-A7] ,t31409,l5: eXosip: Reseting timer to 10s before waking up!
09-01 15:54:47.559  1137  1253 D InputReader: dispatchTouches action DOWN now(ns): 352579204819737
09-01 15:54:47.559  1137  1253 D InputReader: notifyMotion call dispatcher
09-01 15:54:47.561  1137  1160 D RamBoostManagerService: updateMotoSwapState: mIsTouching: true mIsScreenOff: false mCpuUsed: 3.8445473
09-01 15:54:47.561  1137  1160 D RamBoostManagerService: writeSysFile: path: /sys/block/zram0/hybridswap_swapd_pause value: 1
09-01 15:54:47.563  1137  1253 D InputReader: dispatchTouches action MOVE now(ns): 352579208569045
09-01 15:54:47.563  1137  1253 D InputReader: notifyMotion call dispatcher
09-01 15:54:47.563  1137  1252 D PowerManagerServiceEx: isScreenOnBlockedLocked
09-01 15:54:47.564   632   632 D PowerHAL: Enter getSceneIdByName: sceneName:POWER_HINT_VENDOR_INTERACTION_TOUCH
09-01 15:54:47.565   632   632 D PowerHAL: ###Enter interaction_touch scene bgn###
09-01 15:54:47.565   632   632 D PowerHAL: Enter common_set: enable:1, duration: 0, /sys/devices/system/cpu/cpufreq/policy0/scaling_min_freq: 2184000
09-01 15:54:47.565   632   632 D PowerHAL: Enter set_cluster_freqs_max_min:
09-01 15:54:47.566   632   632 D PowerHAL: Enter common_set: enable:1, duration: 0, /sys/devices/system/cpu/cpufreq/policy0/scaling_max_freq: 2184000
09-01 15:54:47.566   632   632 D PowerHAL: Enter set_cluster_freqs_max_min:
09-01 15:54:47.566   632   632 D PowerHAL: Enter common_set: enable:1, duration: 0, /sys/devices/system/cpu/cpufreq/policy4/scaling_min_freq: 1872000
09-01 15:54:47.566   632   632 D PowerHAL: Enter set_cluster_freqs_max_min:
09-01 15:54:47.566   632   632 D PowerHAL: Enter common_set: enable:1, duration: 0, /sys/devices/system/cpu/cpufreq/policy4/scaling_max_freq: 2301000
09-01 15:54:47.566   632   632 D PowerHAL: Enter set_cluster_freqs_max_min:
09-01 15:54:47.566   632   632 D PowerHAL: Enter common_set: enable:1, duration: 0, /sys/devices/system/cpu/cpufreq/policy7/scaling_min_freq: 1872000
09-01 15:54:47.566   632   632 D PowerHAL: Enter set_cluster_freqs_max_min:
09-01 15:54:47.567   632   632 D PowerHAL: Enter common_set: enable:1, duration: 0, /sys/devices/system/cpu/cpufreq/policy7/scaling_max_freq: 2704000
09-01 15:54:47.567   632   632 D PowerHAL: Enter set_cluster_freqs_max_min:
09-01 15:54:47.567   632   632 D PowerHAL: Enter devfreq_ddr_set: enable:1, duration: 0, /sys/class/devfreq/scene-frequency/sprd-governor/scene_boost_dfs: max
09-01 15:54:47.567   632   632 D PowerHAL: Enter common_subsys_set: enable:1, duration: 0, subsys:uclamp: conf_5:6
09-01 15:54:47.567   632   632 D PowerHAL: Enter common_subsys_set_current_config:
09-01 15:54:47.568  1137  1253 D InputReader: dispatchTouches action MOVE now(ns): 352579214056314
09-01 15:54:47.568  1137  1253 D InputReader: notifyMotion call dispatcher
09-01 15:54:47.568   632   632 D PowerHAL: ###Enter interaction_touch scene end###
09-01 15:54:47.638  1137  1253 D InputReader: dispatchTouches action MOVE now(ns): 352579283613353
09-01 15:54:47.638  1137  1253 D InputReader: notifyMotion call dispatcher
09-01 15:54:47.641  1137  1253 D InputReader: dispatchTouches action MOVE now(ns): 352579287149314
09-01 15:54:47.641  1137  1253 D InputReader: notifyMotion call dispatcher
09-01 15:54:47.645  1137  1253 D InputReader: dispatchTouches action MOVE now(ns): 352579291231045
09-01 15:54:47.645  1137  1253 D InputReader: notifyMotion call dispatcher
09-01 15:54:47.649  1137  1253 D InputReader: dispatchTouches action MOVE now(ns): 352579295175737
09-01 15:54:47.649  1137  1253 D InputReader: notifyMotion call dispatcher
09-01 15:54:47.654  1137  1253 D InputReader: dispatchTouches action MOVE now(ns): 352579299765699
09-01 15:54:47.654  1137  1253 D InputReader: notifyMotion call dispatcher
09-01 15:54:47.658  1137  1253 D InputReader: dispatchTouches action MOVE now(ns): 352579303909660
09-01 15:54:47.658  1137  1253 D InputReader: notifyMotion call dispatcher
09-01 15:54:47.662  1137  1253 D InputReader: dispatchTouches action MOVE now(ns): 352579307742545
09-01 15:54:47.662  1137  1253 D InputReader: notifyMotion call dispatcher
09-01 15:54:47.662  1137  1252 D PowerManagerServiceEx: isScreenOnBlockedLocked
09-01 15:54:47.666  1137  1253 I InputReader: processEventsLocked: type=3 Count=3 code=57 value=-1 deviceId=1 when=352579311610000
09-01 15:54:47.666  1137  1253 D InputReader: dispatchTouches action UP now(ns): 352579311794968
09-01 15:54:47.666  1137  1253 D InputReader: notifyMotion call dispatcher
09-01 15:54:47.667  1137  1160 D RamBoostManagerService: updateMotoSwapState: mIsTouching: false mIsScreenOff: false mCpuUsed: 3.8445473
09-01 15:54:47.667  1137  1160 D RamBoostManagerService: writeSysFile: path: /sys/block/zram0/hybridswap_swapd_pause value: 0
09-01 15:54:47.685 29468 29468 W WindowOnBackDispatcher: sendCancelIfRunning: isInProgress=falsecallback=android.view.ViewRootImpl$$ExternalSyntheticLambda17@da6ddfa
09-01 15:54:47.686  1137  4045 D CoreBackPreview: Window{903bb4f u0 com.oneapp/com.oneapp.MainActivity}, [type=2]-[Surface(name=*Title#10347)/@0xaf5c547, shown=false, alpha=0.0, windowType=2]: Setting back callback null
09-01 15:54:47.689 29468 29614 D OpenGLRenderer: endAllActiveAnimators on 0xb400007a0d5aef60 (RippleDrawable) with handle 0xb400007a5d51b7e0
09-01 15:54:47.689  1137  4045 W InputManager-JNI: Input channel object '903bb4f com.oneapp/com.oneapp.MainActivity (client)' was disposed without first being removed with the input manager!
09-01 15:54:47.693  1137  4045 D WindowManager: isSupportDynamicNavbar user0, navBarMode = 2, is3buttonModeNavbar = false
09-01 15:54:47.694  1137  4045 I WindowManager: Input focus has changed to Window{af08fcd u0 com.oneapp/com.oneapp.MainActivity}, [type=1]-[Surface(name=*Title#10238)/@0xc835bc9, shown=false, alpha=0.0, windowType=1] from 903bb4f com.oneapp/com.oneapp.MainActivity mDisplayId 0 updateInputWindows false
09-01 15:54:47.694  1137  4045 D UnisocDisplayJamMonitorImpl: Switch focus to Window{af08fcd u0 com.oneapp/com.oneapp.MainActivity}, [type=1]-[Surface(name=*Title#10238)/@0xc835bc9, shown=false, alpha=0.0, windowType=1] on APP(ActivityRecord{a18ffb5 u0 com.oneapp/.MainActivity t258 d0}) from Window{903bb4f u0 com.oneapp/com.oneapp.MainActivity EXITING}, [type=2]-[Surface(name=*Title#10347)/@0xaf5c547, shown=false, alpha=0.0, windowType=2], newWindowHandle = af08fcd com.oneapp/com.oneapp.MainActivity, frame=[0,0,0,0], touchableRegion=SkRegion((0,0,1080,2400)), scaleFactor=1.0, transform=null, windowToken=android.os.BinderProxy@2869164, displayId=0, isClone=false, packageName=com.oneapp, ownerPid=29468, touchableRegionSurfaceControl=java.lang.ref.WeakReference@336fc2d, replaceTouchableRegionWithCrop=false, changed=false mGlobalScale=1.0 mCompatScale=1.0 mInvGlobalScale=1.0
09-01 15:54:47.700 29468 29468 W WindowOnBackDispatcher: OnBackInvokedCallback is not enabled for the application.
09-01 15:54:47.700 29468 29468 W WindowOnBackDispatcher: Set 'android:enableOnBackInvokedCallback="true"' in the application manifest.
09-01 15:54:47.702  1137  1162 V WindowManager: Unknown focus tokens, dropping reportFocusChanged
09-01 15:54:47.727  1137  4045 I ImeTracker: com.oneapp:2e73e0c5: onRequestHide at ORIGIN_SERVER_HIDE_INPUT reason HIDE_SAME_WINDOW_FOCUSED_WITHOUT_EDITOR
09-01 15:54:47.727  1137  4045 I ImeTracker: com.oneapp:2e73e0c5: onCancelled at PHASE_SERVER_SHOULD_HIDE
09-01 15:54:47.728 22997 22997 I GoogleInputMethodService: GoogleInputMethodService.onFinishInput():2054
09-01 15:54:47.729 22997 22997 I Module  : DeviceLockedStatusModuleProvider$Module.updateDeviceLockedStatus():100 repeatCheckTimes = 0, locked = false
09-01 15:54:47.729 22997 22997 I GoogleInputMethodService: GoogleInputMethodService.onStartInput():1315 onStartInput(EditorInfo{EditorInfo{packageName=com.oneapp, inputType=0, inputTypeString=NULL, enableLearning=false, autoCorrection=false, autoComplete=false, imeOptions=0, privateImeOptions=null, actionName=UNSPECIFIED, actionLabel=null, initialSelStart=-1, initialSelEnd=-1, initialCapsMode=0, label=null, fieldId=0, fieldName=null, extras=null, hintText=null, hintLocales=[]}}, false)
09-01 15:54:47.730 22997 22997 I Module  : DeviceLockedStatusModuleProvider$Module.updateDeviceLockedStatus():100 repeatCheckTimes = 1, locked = false
09-01 15:54:47.730  1137  7882 W PackageConfigPersister: App-specific configuration not found for packageName: com.oneapp and userId: 0
09-01 15:54:47.824  1137  7882 I BatteryService: ---mLimitOptimizedChargingSetting:false
09-01 15:54:47.824  1137  7882 I BatteryService: ---mLimitOptimizedChargingPlug:true
09-01 15:54:47.824  1137  7882 I BatteryService: ---mLimitOptimizedChargingAlreadySet:false
09-01 15:54:47.824  1137  7882 I BatteryService: ---mHealthInfo.batteryLevel:85
09-01 15:54:47.824  1137  7882 I BatteryService: ---mHealthInfo.batteryStatus:2
09-01 15:54:47.824  1137  7882 D BatteryService:  OptimizedToast sToastShown true
09-01 15:54:47.824  1137  1137 V BroadcastQueue: Enqueuing BroadcastRecord{de6f210 android.intent.action.BATTERY_CHANGED/u-1} from uid 1000 pid 1137 for 23 receivers
09-01 15:54:47.825  1137  1137 I MotoGestureManagerService: batteryStateChanged, lowBatteryWarningLevel: 10
09-01 15:54:47.825  1137  1137 D MotoGestureManagerService: lastBatteryLevel: 85
09-01 15:54:47.825  1137  1137 D MotoGestureManagerService: lastBatteryOk: true
09-01 15:54:47.825  1137  1137 D MotoGestureManagerService: isBatteryOk: true
09-01 15:54:47.828  1464  1464 D UnisocBatteryControllerEx: fireChargingSpeedChanged: 0
09-01 15:54:47.829  1464  1464 D UnisocPowerUI: health:2 --> 2
09-01 15:54:47.829  1464  7983 D PowerUI : can't show warning due to - plugged: true status unknown: false
09-01 15:54:47.853  1464  2243 D BLASTBufferQueue: [VRI[StatusBar]#5](f:0,a:3) PendingRelease=2, PendingBuffersToHold=1, SyncedFrameNumbers=0, lacfnr:61646, lapfnr:61646
09-01 15:54:47.853  1464  2243 D BLASTBufferQueue: [VRI[StatusBar]#5](f:0,a:2) PendingRelease=1, PendingBuffersToHold=1, SyncedFrameNumbers=0, lacfnr:61646, lapfnr:61646
09-01 15:54:47.863   632   632 D PowerHAL: ###Exit interaction_touch scene bgn###
09-01 15:54:47.863   632   632 D PowerHAL: Enter common_set: enable:0, duration: 0, /sys/devices/system/cpu/cpufreq/policy0/scaling_min_freq: 2184000
09-01 15:54:47.863   632   632 D PowerHAL: Enter set_cluster_freqs_max_min:
09-01 15:54:47.863   632   632 D PowerHAL: Enter common_clear:
09-01 15:54:47.863   632   632 D PowerHAL: Enter common_set: enable:0, duration: 0, /sys/devices/system/cpu/cpufreq/policy0/scaling_max_freq: 2184000
09-01 15:54:47.863   632   632 D PowerHAL: Enter set_cluster_freqs_max_min:
09-01 15:54:47.863   632   632 D PowerHAL: Enter common_clear:
09-01 15:54:47.863   632   632 D PowerHAL: Enter common_set: enable:0, duration: 0, /sys/devices/system/cpu/cpufreq/policy4/scaling_min_freq: 1872000
09-01 15:54:47.863   632   632 D PowerHAL: Enter set_cluster_freqs_max_min:
09-01 15:54:47.863   632   632 D PowerHAL: Enter common_clear:
09-01 15:54:47.863   632   632 D PowerHAL: Enter common_set: enable:0, duration: 0, /sys/devices/system/cpu/cpufreq/policy4/scaling_max_freq: 2301000
09-01 15:54:47.863   632   632 D PowerHAL: Enter set_cluster_freqs_max_min:
09-01 15:54:47.863   632   632 D PowerHAL: Enter common_clear:
09-01 15:54:47.864   632   632 D PowerHAL: Enter common_set: enable:0, duration: 0, /sys/devices/system/cpu/cpufreq/policy7/scaling_min_freq: 1872000
09-01 15:54:47.864   632   632 D PowerHAL: Enter set_cluster_freqs_max_min:
09-01 15:54:47.864   632   632 D PowerHAL: Enter common_clear:
09-01 15:54:47.864   632   632 D PowerHAL: Enter common_set: enable:0, duration: 0, /sys/devices/system/cpu/cpufreq/policy7/scaling_max_freq: 2704000
09-01 15:54:47.864   632   632 D PowerHAL: Enter set_cluster_freqs_max_min:
09-01 15:54:47.864   632   632 D PowerHAL: Enter common_clear:
09-01 15:54:47.864   632   632 D PowerHAL: Enter devfreq_ddr_set: enable:0, duration: 0, /sys/class/devfreq/scene-frequency/sprd-governor/scene_boost_dfs: max
09-01 15:54:47.864   632   632 D PowerHAL: Enter common_subsys_set: enable:0, duration: 0, subsys:uclamp: conf_5:6
09-01 15:54:47.864   632   632 D PowerHAL: Enter common_subsys_clear: uclamp
09-01 15:54:47.867   632   632 D PowerHAL: ###Exit interaction_touch scene end###
09-01 15:54:47.868   648   648 I Layer   : fillInputInfo layer:com.oneapp/com.oneapp.MainActivity#10347, visible=0 (hasInputInfo:1, isHidden:0, alpha:0.000000, parent:903bb4f com.oneapp/com.oneapp.MainActivity#10344,parenthidden:0, parentalpha:0.000000, mBuffer:1, mSidebandStream:0,hasSomethingToDraw:1, hasEffect:0, fillsColor:0, drawShadows:0, hasBlur:0)
09-01 15:54:48.367  1137  1296 D WifiStaIfaceHidlImpl: getCachedScanData is not implemented by HIDL
09-01 15:54:48.378  1464  1464 D WifiSignalController: connected : true, level : 4, isDefault : true, inetCondition : 1, statusLabel : null
09-01 15:54:48.379  1464  1464 D StatusBarIconController: ignoring old pipeline callback because the new wifi icon is enabled
09-01 15:54:48.379  1464  1464 D StatusBarIconController: setIconVisibility: slot=wifi,visibility=true,tag=0
09-01 15:54:48.405  1464  2243 D BLASTBufferQueue: [VRI[StatusBar]#5](f:0,a:3) PendingRelease=2, PendingBuffersToHold=1, SyncedFrameNumbers=0, lacfnr:61647, lapfnr:61647
09-01 15:54:48.405  1464  2243 D BLASTBufferQueue: [VRI[StatusBar]#5](f:0,a:2) PendingRelease=1, PendingBuffersToHold=1, SyncedFrameNumbers=0, lacfnr:61647, lapfnr:61647
09-01 15:54:49.127  1137  1338 D RamBoostManagerService: closeSource for /proc/stat
09-01 15:54:49.128  1137  1338 D RamBoostManagerService: updateMotoSwapState: mIsTouching: false mIsScreenOff: false mCpuUsed: 9.735626
09-01 15:54:49.129  1137  1338 E RamBoostManagerService: mCpuUsed: 9.735626
09-01 15:54:49.696  1137  1165 E UnisocWatchdog: UnisocWatchdogImpl sendMessage:0
09-01 15:54:49.697  1137  1216 E UnisocWatchdog: UNISOCWATCHDOG_MESSAGE_TIMER30 trigger
09-01 15:54:51.395  1137  1296 D WifiStaIfaceHidlImpl: getCachedScanData is not implemented by HIDL
09-01 15:54:51.405  1464  1464 D WifiSignalController: connected : true, level : 4, isDefault : true, inetCondition : 1, statusLabel : null
09-01 15:54:51.407  1464  1464 D StatusBarIconController: ignoring old pipeline callback because the new wifi icon is enabled
09-01 15:54:51.408  1464  1464 D StatusBarIconController: setIconVisibility: slot=wifi,visibility=true,tag=0
09-01 15:54:51.435  1464  2242 D BLASTBufferQueue: [VRI[StatusBar]#5](f:0,a:3) PendingRelease=2, PendingBuffersToHold=1, SyncedFrameNumbers=0, lacfnr:61648, lapfnr:61648
09-01 15:54:51.435  1464  2242 D BLASTBufferQueue: [VRI[StatusBar]#5](f:0,a:2) PendingRelease=1, PendingBuffersToHold=1, SyncedFrameNumbers=0, lacfnr:61648, lapfnr:61648
09-01 15:54:52.128  1137  1338 D RamBoostManagerService: closeSource for /proc/stat
09-01 15:54:52.128  1137  1338 D RamBoostManagerService: updateMotoSwapState: mIsTouching: false mIsScreenOff: false mCpuUsed: 3.1539083
09-01 15:54:52.128  1137  1338 E RamBoostManagerService: mCpuUsed: 3.1539083
09-01 15:54:54.430  1137  1296 D WifiStaIfaceHidlImpl: getCachedScanData is not implemented by HIDL
09-01 15:54:54.442  1464  1464 D WifiSignalController: connected : true, level : 4, isDefault : true, inetCondition : 1, statusLabel : null
09-01 15:54:54.444  1464  1464 D StatusBarIconController: ignoring old pipeline callback because the new wifi icon is enabled
09-01 15:54:54.444  1464  1464 D StatusBarIconController: setIconVisibility: slot=wifi,visibility=true,tag=0
09-01 15:54:54.481  1464  2243 D BLASTBufferQueue: [VRI[StatusBar]#5](f:0,a:3) PendingRelease=2, PendingBuffersToHold=1, SyncedFrameNumbers=0, lacfnr:61649, lapfnr:61649
09-01 15:54:54.481  1464  2243 D BLASTBufferQueue: [VRI[StatusBar]#5](f:0,a:2) PendingRelease=1, PendingBuffersToHold=1, SyncedFrameNumbers=0, lacfnr:61649, lapfnr:61649
09-01 15:54:55.127  1137  1338 D RamBoostManagerService: closeSource for /proc/stat
09-01 15:54:55.128  1137  1338 D RamBoostManagerService: updateMotoSwapState: mIsTouching: false mIsScreenOff: false mCpuUsed: 3.84776
09-01 15:54:55.128  1137  1338 E RamBoostManagerService: mCpuUsed: 3.84776
09-01 15:54:56.115 29468 31393 I R47     : Exosip [jcallback.c-251-A0] ,t31393,l4: cb_nict_kill_transaction (id=2)
09-01 15:54:56.115 29468 31393 I R47     : Exosip [eXconf.c-1245-A0] ,t31393,l5: keep alive: 8
09-01 15:54:56.115 29468 31393 I R47     : Exosip [eXconf.c-871-A0] ,t31393,l5: eXosip: Reseting timer to 1s before waking up!
09-01 15:54:56.116 29468 31394 I         : SipMobile pid29468,l6: Register failed.rid = 2
09-01 15:54:56.116 29468 31394 E         : SipMobile pid29468,l3: OnRegFailure: nAccountID = 0
09-01 15:54:56.117 29468 31394 D         : SipMobile pid29468,l7: ---------------------------Set Line 0 Status from 1 to 3
09-01 15:54:56.118 29468 31394 D SIP     : Registration status: 3
09-01 15:54:56.119 29468 31394 I R47     : Exosip [osip_transaction.c-141-A0] ,t31394,l5: allocating transaction ressource 3 2012759540
09-01 15:54:56.119 29468 31394 I R47     : Exosip [nict.c-47-A0] ,t31394,l5: allocating NICT context
09-01 15:54:56.120 29468 31393 I R47     : Exosip [eXutils.c-1469-A0] ,t31393,l5: DNS resolution with 35.158.73.255:5070
09-01 15:54:56.120 29468 31393 I R47     : Exosip [eXutils.c-1506-A0] ,t31393,l5: getaddrinfo returned the following addresses:
09-01 15:54:56.120 29468 31393 I R47     : Exosip [eXutils.c-1512-A0] ,t31393,l5: 35.158.73.255 port 5070
09-01 15:54:56.120 29468 31393 I R47     : Exosip [eXtl_tcp.c-909-A0] ,t31393,l5: New binding with 35.158.73.255:5070
09-01 15:54:56.120 29468 31393 I R47     : Exosip [eXtl_tcp.c-1046-A0] ,t31393,l5: socket node:35.158.73.255 , socket 180, family:2 set to non blocking mode
09-01 15:54:56.170  1137  1253 D InputReader: dispatchTouches action DOWN now(ns): 352587815935077
09-01 15:54:56.170  1137  1253 D InputReader: notifyMotion call dispatcher
09-01 15:54:56.173  1137  1252 D PowerManagerServiceEx: isScreenOnBlockedLocked
09-01 15:54:56.174  1137  1160 D RamBoostManagerService: updateMotoSwapState: mIsTouching: true mIsScreenOff: false mCpuUsed: 3.84776
09-01 15:54:56.174  1137  1160 D RamBoostManagerService: writeSysFile: path: /sys/block/zram0/hybridswap_swapd_pause value: 1
09-01 15:54:56.175  1137  1253 D InputReader: dispatchTouches action MOVE now(ns): 352587820977577
09-01 15:54:56.175  1137  1253 D InputReader: notifyMotion call dispatcher
09-01 15:54:56.177   632   632 D PowerHAL: Enter getSceneIdByName: sceneName:POWER_HINT_VENDOR_INTERACTION_TOUCH
09-01 15:54:56.178  1137  1253 D InputReader: dispatchTouches action MOVE now(ns): 352587823746693
09-01 15:54:56.178  1137  1253 D InputReader: notifyMotion call dispatcher
09-01 15:54:56.178   632   632 D PowerHAL: ###Enter interaction_touch scene bgn###
09-01 15:54:56.178   632   632 D PowerHAL: Enter common_set: enable:1, duration: 0, /sys/devices/system/cpu/cpufreq/policy0/scaling_min_freq: 2184000
09-01 15:54:56.178   632   632 D PowerHAL: Enter set_cluster_freqs_max_min:
09-01 15:54:56.179   632   632 D PowerHAL: Enter common_set: enable:1, duration: 0, /sys/devices/system/cpu/cpufreq/policy0/scaling_max_freq: 2184000
09-01 15:54:56.179   632   632 D PowerHAL: Enter set_cluster_freqs_max_min:
09-01 15:54:56.179   632   632 D PowerHAL: Enter common_set: enable:1, duration: 0, /sys/devices/system/cpu/cpufreq/policy4/scaling_min_freq: 1872000
09-01 15:54:56.179   632   632 D PowerHAL: Enter set_cluster_freqs_max_min:
09-01 15:54:56.179   632   632 D PowerHAL: Enter common_set: enable:1, duration: 0, /sys/devices/system/cpu/cpufreq/policy4/scaling_max_freq: 2301000
09-01 15:54:56.179   632   632 D PowerHAL: Enter set_cluster_freqs_max_min:
09-01 15:54:56.179   632   632 D PowerHAL: Enter common_set: enable:1, duration: 0, /sys/devices/system/cpu/cpufreq/policy7/scaling_min_freq: 1872000
09-01 15:54:56.179   632   632 D PowerHAL: Enter set_cluster_freqs_max_min:
09-01 15:54:56.179   632   632 D PowerHAL: Enter common_set: enable:1, duration: 0, /sys/devices/system/cpu/cpufreq/policy7/scaling_max_freq: 2704000
09-01 15:54:56.179   632   632 D PowerHAL: Enter set_cluster_freqs_max_min:
09-01 15:54:56.180   632   632 D PowerHAL: Enter devfreq_ddr_set: enable:1, duration: 0, /sys/class/devfreq/scene-frequency/sprd-governor/scene_boost_dfs: max
09-01 15:54:56.180   632   632 D PowerHAL: Enter common_subsys_set: enable:1, duration: 0, subsys:uclamp: conf_5:6
09-01 15:54:56.180   632   632 D PowerHAL: Enter common_subsys_set_current_config:
09-01 15:54:56.181   632   632 D PowerHAL: ###Enter interaction_touch scene end###
09-01 15:54:56.182  1137  1253 D InputReader: dispatchTouches action MOVE now(ns): 352587827586231
09-01 15:54:56.182  1137  1253 D InputReader: notifyMotion call dispatcher
09-01 15:54:56.234  1137  1244 D AlarmManager: waitForAlarm result:4currentTime=1756727696234, elapsedRealtime=518539407
09-01 15:54:56.234  1137  1137 W JobScheduler.JobStatus: Exempted app com.whoop.android considered buggy
09-01 15:54:56.234  1137  1137 W JobScheduler.JobStatus: Exempted app com.whoop.android considered buggy
09-01 15:54:56.234  1137  1137 W JobScheduler.JobStatus: Exempted app com.whoop.android considered buggy
09-01 15:54:56.235  1137  1244 D PowerManagerServiceEx: isScreenOnBlockedLocked
09-01 15:54:56.235  1137  1244 D AlarmManager: sending alarm.type = 2, action = null, alarm = Alarm{1fb4d4b type 2 origWhen 518528159 whenElapsed 518528159 android}, cn = null, operation = null, listener=android.app.AlarmManager$ListenerWrapper@b256278, listenerTag=*job.deadline*, workSource=WorkSource{10292 com.whoop.android}
09-01 15:54:56.235  1137  1244 D AlarmManager: sending alarm.type = 3, action = null, alarm = Alarm{c8ef328 type 3 origWhen 518530408 whenElapsed 518530408 android}, cn = null, operation = null, listener=android.app.AlarmManager$ListenerWrapper@e1e4a0c, listenerTag=*job.delay*, workSource=WorkSource{10292 com.whoop.android}
09-01 15:54:56.235  1137  1244 D AlarmManagerService: set alarm to kernel: 518843.172000000, type=2
09-01 15:54:56.235  1137  1244 D AlarmManagerService: set alarm to kernel: 518543.173000000, type=3
09-01 15:54:56.235  1137  1137 V AlarmManager: set(null) : type=2 listener=android.app.AlarmManager$ListenerWrapper@b256278 listenerTag=*job.deadline* workSource=WorkSource{10174 com.google.android.partnersetup} callingPackage=android callingUid=1000 triggerAtTime=519874510 win=1001326 tElapsed=519874510 maxElapsed=520875836 interval=0 flags=0x0
09-01 15:54:56.236  1137  1137 D AlarmManagerService: set alarm to kernel: 518843.172000000, type=2
09-01 15:54:56.236  1137  1137 D AlarmManagerService: set alarm to kernel: 518543.173000000, type=3
09-01 15:54:56.236  1137  1223 W JobScheduler.JobStatus: Exempted app com.whoop.android considered buggy
09-01 15:54:56.236  1137  1223 D PowerManagerServiceEx: isScreenOnBlockedLocked
09-01 15:54:56.237  1137  1223 D PowerManagerServiceEx: isScreenOnBlockedLocked
09-01 15:54:56.240  1137  1223 D PowerManagerServiceEx: isScreenOnBlockedLocked
09-01 15:54:56.241  1137  1137 W JobScheduler.JobStatus: Exempted app com.whoop.android considered buggy
09-01 15:54:56.241  1137  1137 W JobScheduler.JobStatus: Exempted app com.whoop.android considered buggy
09-01 15:54:56.241  1137  1137 W JobScheduler.JobStatus: Exempted app com.whoop.android considered buggy
09-01 15:54:56.241  1137  1137 W JobScheduler.JobStatus: Exempted app com.whoop.android considered buggy
09-01 15:54:56.241  1137  1137 W JobScheduler.JobStatus: Exempted app com.whoop.android considered buggy
09-01 15:54:56.241  1137  1137 W JobScheduler.JobStatus: Exempted app com.whoop.android considered buggy
09-01 15:54:56.241  1137  1137 W JobScheduler.JobStatus: Exempted app com.whoop.android considered buggy
09-01 15:54:56.241  1137  1137 W JobScheduler.JobStatus: Exempted app com.whoop.android considered buggy
09-01 15:54:56.242  1137  1137 W JobScheduler.JobStatus: Exempted app com.whoop.android considered buggy
09-01 15:54:56.242  1137  1137 W JobScheduler.JobStatus: Exempted app com.whoop.android considered buggy
09-01 15:54:56.242  1137  1137 W JobScheduler.JobStatus: Exempted app com.whoop.android considered buggy
09-01 15:54:56.242  1137  1137 W JobScheduler.JobStatus: Exempted app com.whoop.android considered buggy
09-01 15:54:56.243  1137  1137 W JobScheduler.JobStatus: Exempted app com.whoop.android considered buggy
09-01 15:54:56.243  1137  1137 W JobScheduler.JobStatus: Exempted app com.whoop.android considered buggy
09-01 15:54:56.243  1137  1137 W JobScheduler.JobStatus: Exempted app com.whoop.android considered buggy
09-01 15:54:56.243  1137  1137 W JobScheduler.JobStatus: Exempted app com.whoop.android considered buggy
09-01 15:54:56.243  1137  1137 W JobScheduler.JobStatus: Exempted app com.whoop.android considered buggy
09-01 15:54:56.244  1137  1137 V AlarmManager: set(null) : type=3 listener=android.app.AlarmManager$ListenerWrapper@e1e4a0c listenerTag=*job.delay* workSource=WorkSource{10158 com.google.android.as} callingPackage=android callingUid=1000 triggerAtTime=518569409 win=22494 tElapsed=518569409 maxElapsed=518591903 interval=0 flags=0x0
09-01 15:54:56.244  1137  1137 D AlarmManagerService: set alarm to kernel: 518843.172000000, type=2
09-01 15:54:56.244  1137  1137 D AlarmManagerService: set alarm to kernel: 518543.173000000, type=3
09-01 15:54:56.245  1137  1137 D PowerManagerServiceEx: isScreenOnBlockedLocked
09-01 15:54:56.247  1137  7882 D PowerManagerServiceEx: isScreenOnBlockedLocked
09-01 15:54:56.264 29468 31393 I R47     : Exosip [eXtl_tcp.c-1094-A0] ,t31393,l4: socket node:35.158.73.255 , socket 180 [pos=0], family:2, connected
09-01 15:54:56.264 29468 31393 I R47     : Exosip [eXtl_tcp.c-1466-A0] ,t31393,l5: socket node:35.158.73.255 , socket 180 [pos=0], connected
09-01 15:54:56.264 29468 31393 I R47     : Exosip [eXutils.c-1469-A0] ,t31393,l5: DNS resolution with 35.158.73.255:5070
09-01 15:54:56.264 29468 31393 I R47     : Exosip [eXutils.c-1506-A0] ,t31393,l5: getaddrinfo returned the following addresses:
09-01 15:54:56.264 29468 31393 I R47     : Exosip [eXutils.c-1512-A0] ,t31393,l5: 35.158.73.255 port 5070
09-01 15:54:56.264 29468 31393 I R47     : Exosip [eXtl_tcp.c-1523-A0] ,t31393,l4: Message sent: (to dest=35.158.73.255:5070)
09-01 15:54:56.264 29468 31393 I R47     : REGISTER sip:35.158.73.255:5070 SIP/2.0
09-01 15:54:56.264 29468 31393 I R47     : Via: SIP/2.0/TCP 10.255.254.43:5781;rport;branch=z9hG4bK337071241
09-01 15:54:56.264 29468 31393 I R47     : From: "User bela" <sip:1192101702@35.158.73.255:5070>;tag=1825756183
09-01 15:54:56.264 29468 31393 I R47     : To: "User bela" <sip:1192101702@35.158.73.255:5070>
09-01 15:54:56.264 29468 31393 I R47     : Call-ID: 2012759540
09-01 15:54:56.264 29468 31393 I R47     : CSeq: 2 REGISTER
09-01 15:54:56.264 29468 31393 I R47     : Contact: <sip:1192101702@10.255.254.43:5781;transport=TCP>
09-01 15:54:56.264 29468 31393 I R47     : Allow: INVITE, INFO, PRACK, ACK, BYE, CANCEL, OPTIONS, NOTIFY, REGISTER, SUBSCRIBE, REFER, PUBLISH, UPDATE, MESSAGE
09-01 15:54:56.264 29468 31393 I R47     : Max-Forwards: 70
09-01 15:54:56.264 29468 31393 I R47     : User-Agent: App-BelaTalkSDK1.0
09-01 15:54:56.264 29468 31393 I R47     : Expires: 30
09-01 15:54:56.264 29468 31393 I R47     : Ak-Sp: 1
09-01 15:54:56.264 29468 31393 I R47     : Content-Length: 0
09-01 15:54:56.264 29468 31393 I R47     :
09-01 15:54:56.264 29468 31393 I R47     :
09-01 15:54:56.264 29468 31393 I R47     : Exosip [jcallback.c-534-A0] ,t31393,l6: cb_sndregister (id=3)
09-01 15:54:56.264 29468 31393 I R47     : Exosip [osip_transaction.c-304-A0] ,t31393,l5: free transaction ressource 2 2012759540
09-01 15:54:56.264 29468 31393 I R47     : Exosip [nict.c-162-A0] ,t31393,l5: free nict ressource
09-01 15:54:56.264 29468 31393 I R47     : Exosip [eXconf.c-891-A0] ,t31393,l5: eXosip: timer sec:0 usec:510000!
09-01 15:54:56.268 29468 31393 I R47     : Exosip [eXtl_tcp.c-525-A0] ,t31393,l4: socket 35.158.73.255:5070: error 104
09-01 15:54:56.268 29468 31393 I R47     : Exosip [eXconf.c-891-A0] ,t31393,l5: eXosip: timer sec:0 usec:500000!
09-01 15:54:56.268 29468 31393 I R47     : Exosip [eXconf.c-891-A0] ,t31393,l5: eXosip: timer sec:0 usec:500000!
09-01 15:54:56.323  1137  1253 D InputReader: dispatchTouches action MOVE now(ns): 352587969024616
09-01 15:54:56.323  1137  1253 D InputReader: notifyMotion call dispatcher
09-01 15:54:56.324  1137  1252 D PowerManagerServiceEx: isScreenOnBlockedLocked
09-01 15:54:56.327  1137  1253 D InputReader: dispatchTouches action MOVE now(ns): 352587973511270
09-01 15:54:56.327  1137  1253 D InputReader: notifyMotion call dispatcher
09-01 15:54:56.331  1137  1253 D InputReader: dispatchTouches action MOVE now(ns): 352587977566116
09-01 15:54:56.332  1137  1253 D InputReader: notifyMotion call dispatcher
09-01 15:54:56.335  1137  1253 D InputReader: dispatchTouches action MOVE now(ns): 352587981400077
09-01 15:54:56.335  1137  1253 D InputReader: notifyMotion call dispatcher
09-01 15:54:56.339  1137  1253 I InputReader: processEventsLocked: type=3 Count=3 code=57 value=-1 deviceId=1 when=352587985287000
09-01 15:54:56.339  1137  1253 D InputReader: dispatchTouches action UP now(ns): 352587985380077
09-01 15:54:56.339  1137  1253 D InputReader: notifyMotion call dispatcher
09-01 15:54:56.340  1137  1160 D RamBoostManagerService: updateMotoSwapState: mIsTouching: false mIsScreenOff: false mCpuUsed: 3.84776
09-01 15:54:56.340  1137  1160 D RamBoostManagerService: writeSysFile: path: /sys/block/zram0/hybridswap_swapd_pause value: 0
09-01 15:54:56.356 29468 29468 W WindowOnBackDispatcher: OnBackInvokedCallback is not enabled for the application.
09-01 15:54:56.356 29468 29468 W WindowOnBackDispatcher: Set 'android:enableOnBackInvokedCallback="true"' in the application manifest.
09-01 15:54:56.382  1137  7882 D UnisocDisplayJamMonitorImpl: Switch focus to Window{c2c3672 u0 com.oneapp/com.oneapp.MainActivity}, [type=2]*noSurface on APP(ActivityRecord{a18ffb5 u0 com.oneapp/.MainActivity t258 d0}) from Window{af08fcd u0 com.oneapp/com.oneapp.MainActivity}, [type=1]-[Surface(name=*Title#10238)/@0xc835bc9, shown=false, alpha=0.0, windowType=1], newWindowHandle = c2c3672 com.oneapp/com.oneapp.MainActivity, frame=[0,0,0,0], touchableRegion=SkRegion(), scaleFactor=0.0, transform=null, windowToken=null, displayId=0, isClone=false, packageName=com.oneapp, ownerPid=29468, touchableRegionSurfaceControl=java.lang.ref.WeakReference@f98cf6c, replaceTouchableRegionWithCrop=false, changed=true mGlobalScale=1.0 mCompatScale=1.0 mInvGlobalScale=1.0
09-01 15:54:56.382  1137  7882 I WindowManager: Input focus has changed to Window{c2c3672 u0 com.oneapp/com.oneapp.MainActivity}, [type=2]*noSurface from af08fcd com.oneapp/com.oneapp.MainActivity mDisplayId 0 updateInputWindows false
09-01 15:54:56.386  1137  7882 D CoreBackPreview: Window{c2c3672 u0 com.oneapp/com.oneapp.MainActivity}, [type=2]*noSurface: Setting back callback OnBackInvokedCallbackInfo{mCallback=android.window.IOnBackInvokedCallback$Stub$Proxy@ccb6935, mPriority=0, mIsAnimationCallback=false}
09-01 15:54:56.412  1137  1163 D WindowManager: isSupportDynamicNavbar user0, navBarMode = 2, is3buttonModeNavbar = false
09-01 15:54:56.415  1137  1163 D WindowManager: isSupportDynamicNavbar user0, navBarMode = 2, is3buttonModeNavbar = false
09-01 15:54:56.425   648   648 I Layer   : fillInputInfo layer:Dim Layer for - Task=258#10360, visible=1 (hasInputInfo:1, isHidden:0, alpha:0.000000, parent:Surface(name=Dim Layer for - Task=258#10360)/@0x65663b1 - animation-leash of dimmer#10361,parenthidden:0, parentalpha:0.000000, mBuffer:0, mSidebandStream:0,hasSomethingToDraw:1, hasEffect:1, fillsColor:1, drawShadows:0, hasBlur:0)
09-01 15:54:56.441   648   648 I Layer   : fillInputInfo layer:com.oneapp/com.oneapp.MainActivity#10358, visible=1 (hasInputInfo:1, isHidden:0, alpha:0.201904, parent:c2c3672 com.oneapp/com.oneapp.MainActivity#10355,parenthidden:0, parentalpha:0.201904, mBuffer:1, mSidebandStream:0,hasSomethingToDraw:1, hasEffect:0, fillsColor:0, drawShadows:0, hasBlur:0)
09-01 15:54:56.442   616   616 D SPRDHWComposer: HWC Range:1, HWC_Transfer:4
09-01 15:54:56.458   616   616 D SPRDHWComposer: HWC Range:1, HWC_Transfer:4
09-01 15:54:56.537   632   632 D PowerHAL: ###Exit interaction_touch scene bgn###
09-01 15:54:56.537   632   632 D PowerHAL: Enter common_set: enable:0, duration: 0, /sys/devices/system/cpu/cpufreq/policy0/scaling_min_freq: 2184000
09-01 15:54:56.537   632   632 D PowerHAL: Enter set_cluster_freqs_max_min:
09-01 15:54:56.537   632   632 D PowerHAL: Enter common_clear:
09-01 15:54:56.537   632   632 D PowerHAL: Enter common_set: enable:0, duration: 0, /sys/devices/system/cpu/cpufreq/policy0/scaling_max_freq: 2184000
09-01 15:54:56.537   632   632 D PowerHAL: Enter set_cluster_freqs_max_min:
09-01 15:54:56.537   632   632 D PowerHAL: Enter common_clear:
09-01 15:54:56.537   632   632 D PowerHAL: Enter common_set: enable:0, duration: 0, /sys/devices/system/cpu/cpufreq/policy4/scaling_min_freq: 1872000
09-01 15:54:56.537   632   632 D PowerHAL: Enter set_cluster_freqs_max_min:
09-01 15:54:56.537   632   632 D PowerHAL: Enter common_clear:
09-01 15:54:56.537   632   632 D PowerHAL: Enter common_set: enable:0, duration: 0, /sys/devices/system/cpu/cpufreq/policy4/scaling_max_freq: 2301000
09-01 15:54:56.537   632   632 D PowerHAL: Enter set_cluster_freqs_max_min:
09-01 15:54:56.537   632   632 D PowerHAL: Enter common_clear:
09-01 15:54:56.537   632   632 D PowerHAL: Enter common_set: enable:0, duration: 0, /sys/devices/system/cpu/cpufreq/policy7/scaling_min_freq: 1872000
09-01 15:54:56.537   632   632 D PowerHAL: Enter set_cluster_freqs_max_min:
09-01 15:54:56.537   632   632 D PowerHAL: Enter common_clear:
09-01 15:54:56.537   632   632 D PowerHAL: Enter common_set: enable:0, duration: 0, /sys/devices/system/cpu/cpufreq/policy7/scaling_max_freq: 2704000
09-01 15:54:56.537   632   632 D PowerHAL: Enter set_cluster_freqs_max_min:
09-01 15:54:56.537   632   632 D PowerHAL: Enter common_clear:
09-01 15:54:56.537   632   632 D PowerHAL: Enter devfreq_ddr_set: enable:0, duration: 0, /sys/class/devfreq/scene-frequency/sprd-governor/scene_boost_dfs: max
09-01 15:54:56.538   632   632 D PowerHAL: Enter common_subsys_set: enable:0, duration: 0, subsys:uclamp: conf_5:6
09-01 15:54:56.538   632   632 D PowerHAL: Enter common_subsys_clear: uclamp
09-01 15:54:56.542   632   632 D PowerHAL: ###Exit interaction_touch scene end###
09-01 15:54:56.576  1137  1163 D WindowManager: isSupportDynamicNavbar user0, navBarMode = 2, is3buttonModeNavbar = false
09-01 15:54:56.592  1137  1163 D WindowManager: isSupportDynamicNavbar user0, navBarMode = 2, is3buttonModeNavbar = false
09-01 15:54:56.769 29468 31393 I R47     : Exosip [eXutils.c-1469-A0] ,t31393,l5: DNS resolution with 35.158.73.255:5070
09-01 15:54:56.769 29468 31393 I R47     : Exosip [eXutils.c-1506-A0] ,t31393,l5: getaddrinfo returned the following addresses:
09-01 15:54:56.769 29468 31393 I R47     : Exosip [eXutils.c-1512-A0] ,t31393,l5: 35.158.73.255 port 5070
09-01 15:54:56.770 29468 31393 I R47     : Exosip [eXtl_tcp.c-909-A0] ,t31393,l5: New binding with 35.158.73.255:5070
09-01 15:54:56.770 29468 31393 I R47     : Exosip [eXtl_tcp.c-1046-A0] ,t31393,l5: socket node:35.158.73.255 , socket 180, family:2 set to non blocking mode
09-01 15:54:56.895 29468 31393 I R47     : Exosip [eXtl_tcp.c-1094-A0] ,t31393,l4: socket node:35.158.73.255 , socket 180 [pos=0], family:2, connected
09-01 15:54:56.896 29468 31393 I R47     : Exosip [eXtl_tcp.c-1466-A0] ,t31393,l5: socket node:35.158.73.255 , socket 180 [pos=0], connected
09-01 15:54:56.896 29468 31393 I R47     : Exosip [eXutils.c-1469-A0] ,t31393,l5: DNS resolution with 35.158.73.255:5070
09-01 15:54:56.896 29468 31393 I R47     : Exosip [eXutils.c-1506-A0] ,t31393,l5: getaddrinfo returned the following addresses:
09-01 15:54:56.897 29468 31393 I R47     : Exosip [eXutils.c-1512-A0] ,t31393,l5: 35.158.73.255 port 5070
09-01 15:54:56.897 29468 31393 I R47     : Exosip [eXtl_tcp.c-1523-A0] ,t31393,l4: Message sent: (to dest=35.158.73.255:5070)
09-01 15:54:56.897 29468 31393 I R47     : REGISTER sip:35.158.73.255:5070 SIP/2.0
09-01 15:54:56.897 29468 31393 I R47     : Via: SIP/2.0/TCP 10.255.254.43:5781;rport;branch=z9hG4bK337071241
09-01 15:54:56.897 29468 31393 I R47     : From: "User bela" <sip:1192101702@35.158.73.255:5070>;tag=1825756183
09-01 15:54:56.897 29468 31393 I R47     : To: "User bela" <sip:1192101702@35.158.73.255:5070>
09-01 15:54:56.897 29468 31393 I R47     : Call-ID: 2012759540
09-01 15:54:56.897 29468 31393 I R47     : CSeq: 2 REGISTER
09-01 15:54:56.897 29468 31393 I R47     : Contact: <sip:1192101702@10.255.254.43:5781;transport=TCP>
09-01 15:54:56.897 29468 31393 I R47     : Allow: INVITE, INFO, PRACK, ACK, BYE, CANCEL, OPTIONS, NOTIFY, REGISTER, SUBSCRIBE, REFER, PUBLISH, UPDATE, MESSAGE
09-01 15:54:56.897 29468 31393 I R47     : Max-Forwards: 70
09-01 15:54:56.897 29468 31393 I R47     : User-Agent: App-BelaTalkSDK1.0
09-01 15:54:56.897 29468 31393 I R47     : Expires: 30
09-01 15:54:56.897 29468 31393 I R47     : Ak-Sp: 1
09-01 15:54:56.897 29468 31393 I R47     : Content-Length: 0
09-01 15:54:56.897 29468 31393 I R47     :
09-01 15:54:56.897 29468 31393 I R47     :
09-01 15:54:56.898 29468 31393 I R47     : Exosip [jcallback.c-1861-A0] ,t31393,l4: cb_sndreq_retransmission (id=3)
09-01 15:54:56.898 29468 31393 I R47     : Exosip [eXconf.c-871-A0] ,t31393,l5: eXosip: Reseting timer to 1s before waking up!
09-01 15:54:56.902 29468 31393 I R47     : Exosip [eXtl_tcp.c-525-A0] ,t31393,l4: socket 35.158.73.255:5070: error 104
09-01 15:54:56.903 29468 31393 I R47     : Exosip [eXconf.c-871-A0] ,t31393,l5: eXosip: Reseting timer to 1s before waking up!
09-01 15:54:56.903 29468 31393 I R47     : Exosip [eXconf.c-871-A0] ,t31393,l5: eXosip: Reseting timer to 1s before waking up!
09-01 15:54:57.235  1137  1253 D InputReader: dispatchTouches action DOWN now(ns): 352588881316807
09-01 15:54:57.235  1137  1253 D InputReader: notifyMotion call dispatcher
09-01 15:54:57.238  1137  1252 D PowerManagerServiceEx: isScreenOnBlockedLocked
09-01 15:54:57.239  1137  1253 D InputReader: dispatchTouches action MOVE now(ns): 352588885167615
09-01 15:54:57.239  1137  1253 D InputReader: notifyMotion call dispatcher
09-01 15:54:57.239  1137  1160 D RamBoostManagerService: updateMotoSwapState: mIsTouching: true mIsScreenOff: false mCpuUsed: 3.84776
09-01 15:54:57.239  1137  1160 D RamBoostManagerService: writeSysFile: path: /sys/block/zram0/hybridswap_swapd_pause value: 1
09-01 15:54:57.242   632   632 D PowerHAL: Enter getSceneIdByName: sceneName:POWER_HINT_VENDOR_INTERACTION_TOUCH
09-01 15:54:57.243   632   632 D PowerHAL: ###Enter interaction_touch scene bgn###
09-01 15:54:57.243  1137  1253 D InputReader: dispatchTouches action MOVE now(ns): 352588889139577
