09-01 15:53:49.951  1137  1637 W JobScheduler.JobStatus: Exempted app com.whoop.android considered buggy
09-01 15:53:49.951  1137  1637 W JobScheduler.JobStatus: Exempted app com.whoop.android considered buggy
09-01 15:53:49.952  1137  1637 W JobScheduler.JobStatus: Exempted app com.whoop.android considered buggy
09-01 15:53:49.953  1137  1173 I libprocessgroup: Successfully killed process cgroup uid 1000 pid 29327 in 6ms
09-01 15:53:49.979   599   599 I Zygote  : Process 29327 exited due to signal 9 (Killed)
09-01 15:53:49.979  1137  3095 I ActivityManager: Killing 29434:com.google.android.gm/u0a208 (adj 985): empty #25
09-01 15:53:49.980  1137  1174 D ActivityManager: quick sync unfreeze 29434 for 12
09-01 15:53:49.982  1137  3095 W ProcessStats: Tracking association SourceState{dfd0119 com.android.phone/1001 Persist #356003} whose proc state 0 is better than process ProcessState{87b1b3a com.spreadtrum.ims/1001 pkg=com.spreadtrum.ims} proc state 5 (107 skipped)
09-01 15:53:49.987  1137  1173 I libprocessgroup: Successfully killed process cgroup uid 10208 pid 29434 in 5ms
09-01 15:53:50.075  1137  1305 D ConnectivityService: releasing NetworkRequest [ REQUEST id=7739, [ Capabilities: INTERNET&NOT_RESTRICTED&TRUSTED&NOT_VCN_MANAGED Uid: 10208 RequestorUid: 10208 RequestorPkg: com.google.android.gm UnderlyingNetworks: Null] ] (release request)
09-01 15:53:50.075  5225  5225 I adbd    : Remote process closed the socket (on MSG_PEEK)
09-01 15:53:50.077  1137  1305 D ConnectivityService: releasing NetworkRequest [ REQUEST id=7746, [ Capabilities: INTERNET&NOT_RESTRICTED&TRUSTED&NOT_VCN_MANAGED Uid: 10208 RequestorUid: 10208 RequestorPkg: com.google.android.gm UnderlyingNetworks: Null] ] (release request)
09-01 15:53:50.077  1137  3095 D CompatibilityChangeReporter: Compat change id reported: 261072174; UID 1000; state: ENABLED
09-01 15:53:50.077  1137  3095 D CompatibilityChangeReporter: Compat change id reported: 261072174; UID 10181; state: ENABLED
09-01 15:53:50.078   599   599 I Zygote  : Process 29434 exited due to signal 9 (Killed)
09-01 15:53:50.078 27453 27453 D BoundBrokerSvc: onUnbind: Intent { act=com.google.android.mobstore.service.START pkg=com.google.android.gms }
09-01 15:53:50.079 27453 27453 D BoundBrokerSvc: onUnbind: Intent { act=com.google.android.gms.mdisync.service.START dat=chimera-action:/... cmp=com.google.android.gms/.chimera.GmsApiService }
09-01 15:53:50.079  1137  1305 D ConnectivityService: releasing NetworkRequest [ REQUEST id=7748, [ Capabilities: INTERNET&NOT_RESTRICTED&TRUSTED&NOT_VCN_MANAGED Uid: 10208 RequestorUid: 10208 RequestorPkg: com.google.android.gm UnderlyingNetworks: Null] ] (release request)
09-01 15:53:50.080  1137  1160 D DisplayManagerService: Drop pending events for gone uid 10208
09-01 15:53:50.405  1137  1238 D ActivityManager: freezing 31258 com.google.process.gapps
09-01 15:53:50.474   609  2414 D bt_vendor: op for BT_VND_OP_EVENT_CALLBACK
09-01 15:53:50.475   609  2414 D bt_vnd_ssp: sprd_vse_cback: 0x56
09-01 15:53:50.491  1137  1238 D ActivityManager: freezing 30832 com.google.android.calendar
09-01 15:53:50.493  1137  1238 D ActivityManager: freezing 30236 com.google.process.gservices
09-01 15:53:50.494  1137  1238 D ActivityManager: freezing 29406 com.android.providers.calendar
09-01 15:53:50.814  1137  1296 D WifiStaIfaceHidlImpl: getCachedScanData is not implemented by HIDL
09-01 15:53:50.832  1464  1464 D WifiSignalController: connected : true, level : 4, isDefault : true, inetCondition : 1, statusLabel : null
09-01 15:53:50.834  1464  1464 D StatusBarIconController: ignoring old pipeline callback because the new wifi icon is enabled
09-01 15:53:50.835  1464  1464 D StatusBarIconController: setIconVisibility: slot=wifi,visibility=true,tag=0
09-01 15:53:50.852  1464  1798 D BLASTBufferQueue: [VRI[StatusBar]#5](f:0,a:3) PendingRelease=2, PendingBuffersToHold=1, SyncedFrameNumbers=0, lacfnr:61634, lapfnr:61634
09-01 15:53:50.853  1464  1798 D BLASTBufferQueue: [VRI[StatusBar]#5](f:0,a:2) PendingRelease=1, PendingBuffersToHold=1, SyncedFrameNumbers=0, lacfnr:61634, lapfnr:61634
09-01 15:53:52.127  1137  1338 D RamBoostManagerService: closeSource for /proc/stat
09-01 15:53:52.128  1137  1338 D RamBoostManagerService: updateMotoSwapState: mIsTouching: false mIsScreenOff: false mCpuUsed: 9.170855
09-01 15:53:52.128  1137  1338 E RamBoostManagerService: mCpuUsed: 9.170855
09-01 15:53:53.163  1137  1238 D ActivityManager: freezing 31153 com.facebook.appmanager
09-01 15:53:53.845  1137  1296 D WifiStaIfaceHidlImpl: getCachedScanData is not implemented by HIDL
09-01 15:53:53.853  1464  1464 D WifiSignalController: connected : true, level : 4, isDefault : true, inetCondition : 1, statusLabel : null
09-01 15:53:53.855  1464  1464 D StatusBarIconController: ignoring old pipeline callback because the new wifi icon is enabled
09-01 15:53:53.856  1464  1464 D StatusBarIconController: setIconVisibility: slot=wifi,visibility=true,tag=0
09-01 15:53:53.882  1464  1798 D BLASTBufferQueue: [VRI[StatusBar]#5](f:0,a:3) PendingRelease=2, PendingBuffersToHold=1, SyncedFrameNumbers=0, lacfnr:61635, lapfnr:61635
09-01 15:53:53.882  1464  1798 D BLASTBufferQueue: [VRI[StatusBar]#5](f:0,a:2) PendingRelease=1, PendingBuffersToHold=1, SyncedFrameNumbers=0, lacfnr:61635, lapfnr:61635
09-01 15:53:54.796  1137  1915 I ActivityManager: Killing 29355:com.motorola.timeweatherwidget/u0a143 (adj 975): empty #25
09-01 15:53:54.799  1137  1174 D ActivityManager: quick sync unfreeze 29355 for 12
09-01 15:53:54.800  1137  1173 I libprocessgroup: Successfully killed process cgroup uid 10143 pid 29355 in 0ms
09-01 15:53:54.854   599   599 I Zygote  : Process 29355 exited due to signal 9 (Killed)
09-01 15:53:54.855  1137  1160 D DisplayManagerService: Drop pending events for gone uid 10143
09-01 15:53:55.127  1137  1338 D RamBoostManagerService: closeSource for /proc/stat
09-01 15:53:55.128  1137  1338 D RamBoostManagerService: updateMotoSwapState: mIsTouching: false mIsScreenOff: false mCpuUsed: 4.360586
09-01 15:53:55.128  1137  1338 E RamBoostManagerService: mCpuUsed: 4.360586
09-01 15:53:56.875  1137  1296 D WifiStaIfaceHidlImpl: getCachedScanData is not implemented by HIDL
09-01 15:53:58.127  1137  1338 D RamBoostManagerService: closeSource for /proc/stat
09-01 15:53:58.128  1137  1338 D RamBoostManagerService: updateMotoSwapState: mIsTouching: false mIsScreenOff: false mCpuUsed: 3.3528924
09-01 15:53:58.128  1137  1338 E RamBoostManagerService: mCpuUsed: 3.3528924
09-01 15:53:59.906  1137  1296 D WifiStaIfaceHidlImpl: getCachedScanData is not implemented by HIDL
09-01 15:53:59.971  1137  1238 D ActivityManager: freezing 30848 com.google.android.adservices.api
09-01 15:54:00.000  1137  1244 D AlarmManager: waitForAlarm result:8currentTime=1756727640000, elapsedRealtime=518483173
09-01 15:54:00.000  1137  1244 V AlarmManager: Received TIME_TICK alarm; rescheduling
09-01 15:54:00.000  1137  1244 V AlarmManager: set(null) : type=3 listener=com.android.server.alarm.AlarmManagerService$3@e9a82de listenerTag=TIME_TICK workSource=null callingPackage=android callingUid=1000 triggerAtTime=518543173 win=0 tElapsed=518543173 maxElapsed=518543173 interval=0 flags=0x9
09-01 15:54:00.001  1137  1244 D AlarmManagerService: set alarm to kernel: 518489.387000000, type=2
09-01 15:54:00.001  1137  1137 V BroadcastQueue: Enqueuing BroadcastRecord{379612d android.intent.action.TIME_TICK/u-1} from uid 1000 pid 1137 for 3 receivers
09-01 15:54:00.001  1137  1244 D PowerManagerServiceEx: isScreenOnBlockedLocked
09-01 15:54:00.002  1137  1244 D AlarmManager: sending alarm.type = 3, action = null, alarm = Alarm{c184662 type 3 origWhen 518483173 whenElapsed 518483173 android}, cn = null, operation = null, listener=com.android.server.alarm.AlarmManagerService$3@e9a82de, listenerTag=TIME_TICK, workSource=null
09-01 15:54:00.002  1137  1244 D AlarmManagerService: set alarm to kernel: 518489.387000000, type=2
09-01 15:54:00.002  1137  1137 D PowerManagerServiceEx: isScreenOnBlockedLocked
09-01 15:54:00.024  1464  2242 D BLASTBufferQueue: [VRI[StatusBar]#5](f:0,a:3) PendingRelease=2, PendingBuffersToHold=1, SyncedFrameNumbers=0, lacfnr:61636, lapfnr:61636
09-01 15:54:00.024  1464  2242 D BLASTBufferQueue: [VRI[StatusBar]#5](f:0,a:2) PendingRelease=1, PendingBuffersToHold=1, SyncedFrameNumbers=0, lacfnr:61636, lapfnr:61636
09-01 15:54:00.084  1137  1238 D ActivityManager: freezing 27453 com.google.android.gms
09-01 15:54:00.854   609  2414 D bt_vendor: op for BT_VND_OP_EVENT_CALLBACK
09-01 15:54:00.855   609  2414 D bt_vnd_ssp: sprd_vse_cback: 0x56
09-01 15:54:00.959   609  2414 D bt_vendor: op for BT_VND_OP_EVENT_CALLBACK
09-01 15:54:00.959   609  2414 D bt_vnd_ssp: sprd_vse_cback: 0x56
09-01 15:54:01.047  1137  1238 D ActivityManager: freezing 29312 com.google.android.permissioncontroller
09-01 15:54:01.127  1137  1338 D RamBoostManagerService: closeSource for /proc/stat
09-01 15:54:01.127  1137  1338 D RamBoostManagerService: updateMotoSwapState: mIsTouching: false mIsScreenOff: false mCpuUsed: 4.534006
09-01 15:54:01.127  1137  1338 E RamBoostManagerService: mCpuUsed: 4.534006
09-01 15:54:02.941  1137  1296 D WifiStaIfaceHidlImpl: getCachedScanData is not implemented by HIDL
09-01 15:54:04.128  1137  1338 D RamBoostManagerService: closeSource for /proc/stat
09-01 15:54:04.128  1137  1338 D RamBoostManagerService: updateMotoSwapState: mIsTouching: false mIsScreenOff: false mCpuUsed: 3.9330542
09-01 15:54:04.128  1137  1338 E RamBoostManagerService: mCpuUsed: 3.9330542
09-01 15:54:05.153  1137  1305 D ActivityManager: Skip enqueue broadcast because no receiver with Intent { act=android.net.conn.DATA_ACTIVITY_CHANGE flg=0x10 (has extras) }
09-01 15:54:05.971  1137  1296 D WifiStaIfaceHidlImpl: getCachedScanData is not implemented by HIDL
09-01 15:54:06.214  1137  1244 D AlarmManager: waitForAlarm result:4currentTime=1756727646214, elapsedRealtime=518489387
09-01 15:54:06.215  1137  1137 W JobScheduler.JobStatus: Exempted app com.whoop.android considered buggy
09-01 15:54:06.215  1137  1137 W JobScheduler.JobStatus: Exempted app com.whoop.android considered buggy
09-01 15:54:06.215  1137  1137 W JobScheduler.JobStatus: Exempted app com.whoop.android considered buggy
09-01 15:54:06.216  1137  1244 D PowerManagerServiceEx: isScreenOnBlockedLocked
09-01 15:54:06.216  1137  1244 D AlarmManager: sending alarm.type = 2, action = null, alarm = Alarm{5b7e329 type 2 origWhen 518478138 whenElapsed 518478138 android}, cn = null, operation = null, listener=android.app.AlarmManager$ListenerWrapper@b256278, listenerTag=*job.deadline*, workSource=WorkSource{10292 com.whoop.android}
09-01 15:54:06.217  1137  1244 V BroadcastQueue: Enqueuing BroadcastRecord{13866ae com.android.server.powercontroller.CHECK_APPSTATE/u0} from uid 1000 pid -1 for 1 receivers
09-01 15:54:06.217  1137  1244 D AlarmManager: sending alarm.type = 3, action = com.android.server.powercontroller.CHECK_APPSTATE, alarm = Alarm{ce0ec4f type 3 origWhen 518480803 whenElapsed 518480803 android}, cn = null, operation = PendingIntent{a80fbd3: PendingIntentRecord{dd7b310 android broadcastIntent}}, listener=null, listenerTag=null, workSource=null
09-01 15:54:06.218  1137  1244 D AlarmManagerService: set alarm to kernel: 518843.172000000, type=2
09-01 15:54:06.218  1137  1244 D AlarmManagerService: set alarm to kernel: 518514.006000000, type=3
09-01 15:54:06.218  1137  1137 V AlarmManager: set(null) : type=2 listener=android.app.AlarmManager$ListenerWrapper@b256278 listenerTag=*job.deadline* workSource=WorkSource{10174 com.google.android.partnersetup} callingPackage=android callingUid=1000 triggerAtTime=519874510 win=1038841 tElapsed=519874510 maxElapsed=520913351 interval=0 flags=0x0
09-01 15:54:06.219  1137  1137 D AlarmManagerService: set alarm to kernel: 518843.172000000, type=2
09-01 15:54:06.219  1137  1137 D AlarmManagerService: set alarm to kernel: 518514.006000000, type=3
09-01 15:54:06.219  1137  1223 W JobScheduler.JobStatus: Exempted app com.whoop.android considered buggy
09-01 15:54:06.220  1137  1868 V AlarmManager: set(PendingIntent{a80fbd3: PendingIntentRecord{dd7b310 android broadcastIntent}}) : type=3 listener=null listenerTag=null workSource=null callingPackage=android callingUid=1000 triggerAtTime=518789392 win=225000 tElapsed=518789392 maxElapsed=519014392 interval=0 flags=0x8
09-01 15:54:06.221  1137  1137 D BroadcastQueue: Receiver BroadcastFilter{dfa7442 1000/u0 ReceiverList{8b21a8d 1137 system/1000/u0 local:f008f24}} finished with BroadcastRecord{13866ae com.android.server.powercontroller.CHECK_APPSTATE/u0} took 1ms
09-01 15:54:06.221  1137  1868 D AlarmManagerService: set alarm to kernel: 518843.172000000, type=2
09-01 15:54:06.221  1137  1868 D AlarmManagerService: set alarm to kernel: 518514.006000000, type=3
09-01 15:54:06.221  1137  1223 D PowerManagerServiceEx: isScreenOnBlockedLocked
09-01 15:54:06.223  1137  1223 D PowerManagerServiceEx: isScreenOnBlockedLocked
09-01 15:54:06.224  1137  1137 D PowerManagerServiceEx: isScreenOnBlockedLocked
09-01 15:54:06.227  1137  1223 D PowerManagerServiceEx: isScreenOnBlockedLocked
09-01 15:54:06.232  1137  1914 D PowerManagerServiceEx: isScreenOnBlockedLocked
09-01 15:54:07.128  1137  1338 D RamBoostManagerService: closeSource for /proc/stat
09-01 15:54:07.129  1137  1338 D RamBoostManagerService: updateMotoSwapState: mIsTouching: false mIsScreenOff: false mCpuUsed: 4.9937067
09-01 15:54:07.129  1137  1338 E RamBoostManagerService: mCpuUsed: 4.9937067
09-01 15:54:07.181 23698 23782 I WM-WorkerWrapper: Worker result SUCCESS for Work [ id=9628daa0-85a4-429b-a60c-d7c1f3144e08, tags={ com.whoop.widget.network.WidgetRefreshWorker } ]
09-01 15:54:07.188  1137  1914 W JobScheduler.JobStatus: Exempted app com.whoop.android considered buggy
09-01 15:54:07.189  1137  1914 W JobScheduler.JobStatus: Exempted app com.whoop.android considered buggy
09-01 15:54:07.190  1137  1914 W JobScheduler.JobStatus: Exempted app com.whoop.android considered buggy
09-01 15:54:07.190  1137  1914 W JobScheduler.JobStatus: Exempted app com.whoop.android considered buggy
09-01 15:54:07.190  1137  1914 W JobScheduler.JobStatus: Exempted app com.whoop.android considered buggy
09-01 15:54:07.190  1137  1914 W JobScheduler.JobStatus: Exempted app com.whoop.android considered buggy
09-01 15:54:07.190  1137  1914 W JobScheduler.JobStatus: Exempted app com.whoop.android considered buggy
09-01 15:54:07.191  1137  1914 W JobScheduler.JobStatus: Exempted app com.whoop.android considered buggy
09-01 15:54:07.191  1137  1914 W JobScheduler.JobStatus: Exempted app com.whoop.android considered buggy
09-01 15:54:07.191  1137  1914 W JobScheduler.JobStatus: Exempted app com.whoop.android considered buggy
09-01 15:54:07.191  1137  1914 W JobScheduler.JobStatus: Exempted app com.whoop.android considered buggy
09-01 15:54:07.192  1137  1914 W JobScheduler.JobStatus: Exempted app com.whoop.android considered buggy
09-01 15:54:07.192  1137  1914 W JobScheduler.JobStatus: Exempted app com.whoop.android considered buggy
09-01 15:54:07.193  1137  1914 W JobScheduler.JobStatus: Exempted app com.whoop.android considered buggy
09-01 15:54:07.193  1137  1914 W JobScheduler.JobStatus: Exempted app com.whoop.android considered buggy
09-01 15:54:07.193  1137  1914 W JobScheduler.JobStatus: Exempted app com.whoop.android considered buggy
09-01 15:54:07.195  1137  1914 V AlarmManager: set(null) : type=3 listener=android.app.AlarmManager$ListenerWrapper@e1e4a0c listenerTag=*job.delay* workSource=WorkSource{10292 com.whoop.android} callingPackage=android callingUid=1000 triggerAtTime=518511486 win=15838 tElapsed=518511486 maxElapsed=518527324 interval=0 flags=0x0
09-01 15:54:07.196  1137  1914 D AlarmManagerService: set alarm to kernel: 518843.172000000, type=2
09-01 15:54:07.196  1137  1914 D AlarmManagerService: set alarm to kernel: 518543.173000000, type=3
09-01 15:54:07.197  1137  1914 D AlarmManagerService: set alarm to kernel: 518843.172000000, type=2
09-01 15:54:07.197  1137  1914 D AlarmManagerService: set alarm to kernel: 518527.324000000, type=3
09-01 15:54:07.205  1137  1914 W JobScheduler.JobStatus: Exempted app com.whoop.android considered buggy
09-01 15:54:07.206  1137  1914 W JobScheduler.JobStatus: Exempted app com.whoop.android considered buggy
09-01 15:54:07.206  1137  1914 W JobScheduler.JobStatus: Exempted app com.whoop.android considered buggy
09-01 15:54:07.206  1137  1914 W JobScheduler.JobStatus: Exempted app com.whoop.android considered buggy
09-01 15:54:07.236  1137  1914 W JobScheduler.JobStatus: Exempted app com.whoop.android considered buggy
09-01 15:54:07.236 23698 23956 E BluetoothDevice: BT not enabled. Cannot get Remote Device name
09-01 15:54:07.236  1137  1914 W JobScheduler.JobStatus: Exempted app com.whoop.android considered buggy
09-01 15:54:07.236  1137  1914 W JobScheduler.JobStatus: Exempted app com.whoop.android considered buggy
09-01 15:54:07.236  1137  1914 W JobScheduler.JobStatus: Exempted app com.whoop.android considered buggy
09-01 15:54:07.237  1137  1914 V AlarmManager: set(null) : type=2 listener=android.app.AlarmManager$ListenerWrapper@b256278 listenerTag=*job.deadline* workSource=WorkSource{10292 com.whoop.android} callingPackage=android callingUid=1000 triggerAtTime=518505408 win=11249 tElapsed=518505408 maxElapsed=518516657 interval=0 flags=0x0
09-01 15:54:07.237  1137  1914 D AlarmManagerService: set alarm to kernel: 518843.172000000, type=2
09-01 15:54:07.238  1137  1914 D AlarmManagerService: set alarm to kernel: 518527.324000000, type=3
09-01 15:54:07.238  1137  1914 D AlarmManagerService: set alarm to kernel: 518516.657000000, type=2
09-01 15:54:07.238  1137  1914 W JobScheduler.JobStatus: Exempted app com.whoop.android considered buggy
09-01 15:54:07.239  1137  1914 V AlarmManager: set(null) : type=3 listener=android.app.AlarmManager$ListenerWrapper@e1e4a0c listenerTag=*job.delay* workSource=WorkSource{10292 com.whoop.android} callingPackage=android callingUid=1000 triggerAtTime=518500408 win=0 tElapsed=518500408 maxElapsed=518500408 interval=0 flags=0x0
09-01 15:54:07.239  1137  1914 D AlarmManagerService: set alarm to kernel: 518516.657000000, type=2
09-01 15:54:07.239  1137  1914 D AlarmManagerService: set alarm to kernel: 518516.657000000, type=2
09-01 15:54:07.239  1137  1914 D AlarmManagerService: set alarm to kernel: 518500.408000000, type=3
09-01 15:54:07.240  1137  1914 W JobScheduler.JobStatus: Exempted app com.whoop.android considered buggy
09-01 15:54:08.997  1137  1296 D WifiStaIfaceHidlImpl: getCachedScanData is not implemented by HIDL
09-01 15:54:10.127  1137  1338 D RamBoostManagerService: closeSource for /proc/stat
09-01 15:54:10.128  1137  1338 D RamBoostManagerService: updateMotoSwapState: mIsTouching: false mIsScreenOff: false mCpuUsed: 3.8993716
09-01 15:54:10.128  1137  1338 E RamBoostManagerService: mCpuUsed: 3.8993716
09-01 15:54:10.547  1137  1253 D InputReader: dispatchTouches action DOWN now(ns): 352542192653610
09-01 15:54:10.547  1137  1253 D InputReader: notifyMotion call dispatcher
09-01 15:54:10.549  1137  1160 D RamBoostManagerService: updateMotoSwapState: mIsTouching: true mIsScreenOff: false mCpuUsed: 3.8993716
09-01 15:54:10.549  1137  1160 D RamBoostManagerService: writeSysFile: path: /sys/block/zram0/hybridswap_swapd_pause value: 1
09-01 15:54:10.549  1137  1252 D PowerManagerServiceEx: isScreenOnBlockedLocked
09-01 15:54:10.550  1137  1253 D InputReader: dispatchTouches action MOVE now(ns): 352542195936418
09-01 15:54:10.550  1137  1253 D InputReader: notifyMotion call dispatcher
09-01 15:54:10.551   632   632 D PowerHAL: Enter getSceneIdByName: sceneName:POWER_HINT_VENDOR_INTERACTION_TOUCH
09-01 15:54:10.552   632   632 D PowerHAL: ###Enter interaction_touch scene bgn###
09-01 15:54:10.552   632   632 D PowerHAL: Enter common_set: enable:1, duration: 0, /sys/devices/system/cpu/cpufreq/policy0/scaling_min_freq: 2184000
09-01 15:54:10.552   632   632 D PowerHAL: Enter set_cluster_freqs_max_min:
09-01 15:54:10.552   632   632 D PowerHAL: Enter common_set: enable:1, duration: 0, /sys/devices/system/cpu/cpufreq/policy0/scaling_max_freq: 2184000
09-01 15:54:10.552   632   632 D PowerHAL: Enter set_cluster_freqs_max_min:
09-01 15:54:10.552   632   632 D PowerHAL: Enter common_set: enable:1, duration: 0, /sys/devices/system/cpu/cpufreq/policy4/scaling_min_freq: 1872000
09-01 15:54:10.552   632   632 D PowerHAL: Enter set_cluster_freqs_max_min:
09-01 15:54:10.552   632   632 D PowerHAL: Enter common_set: enable:1, duration: 0, /sys/devices/system/cpu/cpufreq/policy4/scaling_max_freq: 2301000
09-01 15:54:10.552   632   632 D PowerHAL: Enter set_cluster_freqs_max_min:
09-01 15:54:10.553   632   632 D PowerHAL: Enter common_set: enable:1, duration: 0, /sys/devices/system/cpu/cpufreq/policy7/scaling_min_freq: 1872000
09-01 15:54:10.553   632   632 D PowerHAL: Enter set_cluster_freqs_max_min:
09-01 15:54:10.553   632   632 D PowerHAL: Enter common_set: enable:1, duration: 0, /sys/devices/system/cpu/cpufreq/policy7/scaling_max_freq: 2704000
09-01 15:54:10.553   632   632 D PowerHAL: Enter set_cluster_freqs_max_min:
09-01 15:54:10.553   632   632 D PowerHAL: Enter devfreq_ddr_set: enable:1, duration: 0, /sys/class/devfreq/scene-frequency/sprd-governor/scene_boost_dfs: max
09-01 15:54:10.553   632   632 D PowerHAL: Enter common_subsys_set: enable:1, duration: 0, subsys:uclamp: conf_5:6
09-01 15:54:10.553   632   632 D PowerHAL: Enter common_subsys_set_current_config:
09-01 15:54:10.553  1137  1253 D InputReader: dispatchTouches action MOVE now(ns): 352542199548648
09-01 15:54:10.553  1137  1253 D InputReader: notifyMotion call dispatcher
09-01 15:54:10.554   632   632 D PowerHAL: ###Enter interaction_touch scene end###
09-01 15:54:10.558  1137  1253 D InputReader: dispatchTouches action MOVE now(ns): 352542203665148
09-01 15:54:10.558  1137  1253 D InputReader: notifyMotion call dispatcher
09-01 15:54:10.566  1137  1253 D InputReader: dispatchTouches action MOVE now(ns): 352542212463879
09-01 15:54:10.566  1137  1253 D InputReader: notifyMotion call dispatcher
09-01 15:54:10.570  1137  1253 D InputReader: dispatchTouches action MOVE now(ns): 352542216289302
09-01 15:54:10.570  1137  1253 D InputReader: notifyMotion call dispatcher
09-01 15:54:10.574  1137  1253 D InputReader: dispatchTouches action MOVE now(ns): 352542220421302
09-01 15:54:10.574  1137  1253 D InputReader: notifyMotion call dispatcher
09-01 15:54:10.757  1137  1253 D InputReader: dispatchTouches action MOVE now(ns): 352542403486071
09-01 15:54:10.757  1137  1253 D InputReader: notifyMotion call dispatcher
09-01 15:54:10.758  1137  1252 D PowerManagerServiceEx: isScreenOnBlockedLocked
09-01 15:54:10.762  1137  1253 D InputReader: dispatchTouches action MOVE now(ns): 352542408133956
09-01 15:54:10.762  1137  1253 D InputReader: notifyMotion call dispatcher
09-01 15:54:10.766  1137  1253 D InputReader: dispatchTouches action MOVE now(ns): 352542412046033
09-01 15:54:10.766  1137  1253 D InputReader: notifyMotion call dispatcher
09-01 15:54:10.770  1137  1253 D InputReader: dispatchTouches action MOVE now(ns): 352542415843764
09-01 15:54:10.770  1137  1253 D InputReader: notifyMotion call dispatcher
09-01 15:54:10.774  1137  1253 I InputReader: processEventsLocked: type=3 Count=3 code=57 value=-1 deviceId=1 when=352542419770000
09-01 15:54:10.774  1137  1253 D InputReader: dispatchTouches action UP now(ns): 352542419878494
09-01 15:54:10.774  1137  1253 D InputReader: notifyMotion call dispatcher
09-01 15:54:10.775  1137  1160 D RamBoostManagerService: updateMotoSwapState: mIsTouching: false mIsScreenOff: false mCpuUsed: 3.8993716
09-01 15:54:10.775  1137  1160 D RamBoostManagerService: writeSysFile: path: /sys/block/zram0/hybridswap_swapd_pause value: 0
09-01 15:54:10.971   632   632 D PowerHAL: ###Exit interaction_touch scene bgn###
09-01 15:54:10.971   632   632 D PowerHAL: Enter common_set: enable:0, duration: 0, /sys/devices/system/cpu/cpufreq/policy0/scaling_min_freq: 2184000
09-01 15:54:10.971   632   632 D PowerHAL: Enter set_cluster_freqs_max_min:
09-01 15:54:10.971   632   632 D PowerHAL: Enter common_clear:
09-01 15:54:10.971   632   632 D PowerHAL: Enter common_set: enable:0, duration: 0, /sys/devices/system/cpu/cpufreq/policy0/scaling_max_freq: 2184000
09-01 15:54:10.971   632   632 D PowerHAL: Enter set_cluster_freqs_max_min:
09-01 15:54:10.971   632   632 D PowerHAL: Enter common_clear:
09-01 15:54:10.972   632   632 D PowerHAL: Enter common_set: enable:0, duration: 0, /sys/devices/system/cpu/cpufreq/policy4/scaling_min_freq: 1872000
09-01 15:54:10.972   632   632 D PowerHAL: Enter set_cluster_freqs_max_min:
09-01 15:54:10.972   632   632 D PowerHAL: Enter common_clear:
09-01 15:54:10.972   632   632 D PowerHAL: Enter common_set: enable:0, duration: 0, /sys/devices/system/cpu/cpufreq/policy4/scaling_max_freq: 2301000
09-01 15:54:10.972   632   632 D PowerHAL: Enter set_cluster_freqs_max_min:
09-01 15:54:10.972   632   632 D PowerHAL: Enter common_clear:
09-01 15:54:10.972   632   632 D PowerHAL: Enter common_set: enable:0, duration: 0, /sys/devices/system/cpu/cpufreq/policy7/scaling_min_freq: 1872000
09-01 15:54:10.972   632   632 D PowerHAL: Enter set_cluster_freqs_max_min:
09-01 15:54:10.972   632   632 D PowerHAL: Enter common_clear:
09-01 15:54:10.972   632   632 D PowerHAL: Enter common_set: enable:0, duration: 0, /sys/devices/system/cpu/cpufreq/policy7/scaling_max_freq: 2704000
09-01 15:54:10.972   632   632 D PowerHAL: Enter set_cluster_freqs_max_min:
09-01 15:54:10.972   632   632 D PowerHAL: Enter common_clear:
09-01 15:54:10.972   632   632 D PowerHAL: Enter devfreq_ddr_set: enable:0, duration: 0, /sys/class/devfreq/scene-frequency/sprd-governor/scene_boost_dfs: max
09-01 15:54:10.972   632   632 D PowerHAL: Enter common_subsys_set: enable:0, duration: 0, subsys:uclamp: conf_5:6
09-01 15:54:10.972   632   632 D PowerHAL: Enter common_subsys_clear: uclamp
09-01 15:54:10.975   632   632 D PowerHAL: ###Exit interaction_touch scene end###
09-01 15:54:10.975   609  2414 D bt_vendor: op for BT_VND_OP_EVENT_CALLBACK
09-01 15:54:10.975   609  2414 D bt_vnd_ssp: sprd_vse_cback: 0x56
09-01 15:54:12.035  1137  1296 D WifiStaIfaceHidlImpl: getCachedScanData is not implemented by HIDL
09-01 15:54:13.085  1137  1253 D InputReader: dispatchTouches action DOWN now(ns): 352544730831993
09-01 15:54:13.085  1137  1253 D InputReader: notifyMotion call dispatcher
09-01 15:54:13.088  1137  1252 D PowerManagerServiceEx: isScreenOnBlockedLocked
09-01 15:54:13.089  1137  1160 D RamBoostManagerService: updateMotoSwapState: mIsTouching: true mIsScreenOff: false mCpuUsed: 3.8993716
09-01 15:54:13.089  1137  1160 D RamBoostManagerService: writeSysFile: path: /sys/block/zram0/hybridswap_swapd_pause value: 1
09-01 15:54:13.092   632   632 D PowerHAL: Enter getSceneIdByName: sceneName:POWER_HINT_VENDOR_INTERACTION_TOUCH
09-01 15:54:13.092   632   632 D PowerHAL: ###Enter interaction_touch scene bgn###
09-01 15:54:13.093   632   632 D PowerHAL: Enter common_set: enable:1, duration: 0, /sys/devices/system/cpu/cpufreq/policy0/scaling_min_freq: 2184000
09-01 15:54:13.093   632   632 D PowerHAL: Enter set_cluster_freqs_max_min:
09-01 15:54:13.093   632   632 D PowerHAL: Enter common_set: enable:1, duration: 0, /sys/devices/system/cpu/cpufreq/policy0/scaling_max_freq: 2184000
09-01 15:54:13.093   632   632 D PowerHAL: Enter set_cluster_freqs_max_min:
09-01 15:54:13.093   632   632 D PowerHAL: Enter common_set: enable:1, duration: 0, /sys/devices/system/cpu/cpufreq/policy4/scaling_min_freq: 1872000
09-01 15:54:13.093   632   632 D PowerHAL: Enter set_cluster_freqs_max_min:
09-01 15:54:13.093   632   632 D PowerHAL: Enter common_set: enable:1, duration: 0, /sys/devices/system/cpu/cpufreq/policy4/scaling_max_freq: 2301000
09-01 15:54:13.094   632   632 D PowerHAL: Enter set_cluster_freqs_max_min:
09-01 15:54:13.094   632   632 D PowerHAL: Enter common_set: enable:1, duration: 0, /sys/devices/system/cpu/cpufreq/policy7/scaling_min_freq: 1872000
09-01 15:54:13.094   632   632 D PowerHAL: Enter set_cluster_freqs_max_min:
09-01 15:54:13.094   632   632 D PowerHAL: Enter common_set: enable:1, duration: 0, /sys/devices/system/cpu/cpufreq/policy7/scaling_max_freq: 2704000
09-01 15:54:13.094   632   632 D PowerHAL: Enter set_cluster_freqs_max_min:
09-01 15:54:13.094   632   632 D PowerHAL: Enter devfreq_ddr_set: enable:1, duration: 0, /sys/class/devfreq/scene-frequency/sprd-governor/scene_boost_dfs: max
09-01 15:54:13.095   632   632 D PowerHAL: Enter common_subsys_set: enable:1, duration: 0, subsys:uclamp: conf_5:6
09-01 15:54:13.095   632   632 D PowerHAL: Enter common_subsys_set_current_config:
09-01 15:54:13.096   632   632 D PowerHAL: ###Enter interaction_touch scene end###
09-01 15:54:13.126  1137  1253 D InputReader: dispatchTouches action MOVE now(ns): 352544772127031
09-01 15:54:13.126  1137  1253 D InputReader: notifyMotion call dispatcher
09-01 15:54:13.127  1137  1338 D RamBoostManagerService: closeSource for /proc/stat
09-01 15:54:13.127  1137  1338 D RamBoostManagerService: updateMotoSwapState: mIsTouching: true mIsScreenOff: false mCpuUsed: 7.3436856
09-01 15:54:13.127  1137  1338 E RamBoostManagerService: mCpuUsed: 7.3436856
09-01 15:54:13.130  1137  1253 D InputReader: dispatchTouches action MOVE now(ns): 352544776029493
09-01 15:54:13.130  1137  1253 D InputReader: notifyMotion call dispatcher
09-01 15:54:13.134  1137  1253 D InputReader: dispatchTouches action MOVE now(ns): 352544780050454
09-01 15:54:13.134  1137  1253 D InputReader: notifyMotion call dispatcher
09-01 15:54:13.138  1137  1253 D InputReader: dispatchTouches action MOVE now(ns): 352544784064916
09-01 15:54:13.138  1137  1253 D InputReader: notifyMotion call dispatcher
09-01 15:54:13.143  1137  1253 D InputReader: dispatchTouches action MOVE now(ns): 352544788790877
09-01 15:54:13.143  1137  1253 D InputReader: notifyMotion call dispatcher
09-01 15:54:13.147  1137  1253 D InputReader: dispatchTouches action MOVE now(ns): 352544792861723
09-01 15:54:13.147  1137  1253 D InputReader: notifyMotion call dispatcher
09-01 15:54:13.151  1137  1253 D InputReader: dispatchTouches action MOVE now(ns): 352544796912108
09-01 15:54:13.151  1137  1253 D InputReader: notifyMotion call dispatcher
09-01 15:54:13.155  1137  1253 D InputReader: dispatchTouches action MOVE now(ns): 352544800819339
09-01 15:54:13.155  1137  1253 D InputReader: notifyMotion call dispatcher
09-01 15:54:13.159  1137  1253 D InputReader: dispatchTouches action MOVE now(ns): 352544805442839
09-01 15:54:13.159  1137  1253 D InputReader: notifyMotion call dispatcher
09-01 15:54:13.163  1137  1253 D InputReader: dispatchTouches action MOVE now(ns): 352544809490877
09-01 15:54:13.163  1137  1253 D InputReader: notifyMotion call dispatcher
09-01 15:54:13.167  1137  1253 D InputReader: dispatchTouches action MOVE now(ns): 352544813492954
09-01 15:54:13.167  1137  1253 D InputReader: notifyMotion call dispatcher
09-01 15:54:13.171  1137  1253 D InputReader: dispatchTouches action MOVE now(ns): 352544817378993
09-01 15:54:13.171  1137  1253 D InputReader: notifyMotion call dispatcher
09-01 15:54:13.176  1137  1253 D InputReader: dispatchTouches action MOVE now(ns): 352544822154031
09-01 15:54:13.176  1137  1253 D InputReader: notifyMotion call dispatcher
09-01 15:54:13.180  1137  1253 D InputReader: dispatchTouches action MOVE now(ns): 352544825922416
09-01 15:54:13.180  1137  1253 D InputReader: notifyMotion call dispatcher
09-01 15:54:13.184  1137  1253 D InputReader: dispatchTouches action MOVE now(ns): 352544829991608
09-01 15:54:13.184  1137  1253 D InputReader: notifyMotion call dispatcher
09-01 15:54:13.188  1137  1253 D InputReader: dispatchTouches action MOVE now(ns): 352544834132839
09-01 15:54:13.188  1137  1253 D InputReader: notifyMotion call dispatcher
09-01 15:54:13.189  1137  1252 D PowerManagerServiceEx: isScreenOnBlockedLocked
09-01 15:54:13.193  1137  1253 D InputReader: dispatchTouches action MOVE now(ns): 352544838629108
09-01 15:54:13.193  1137  1253 D InputReader: notifyMotion call dispatcher
09-01 15:54:13.196  1137  1253 I InputReader: processEventsLocked: type=3 Count=3 code=57 value=-1 deviceId=1 when=352544842380000
09-01 15:54:13.196  1137  1253 D InputReader: dispatchTouches action UP now(ns): 352544842544839
09-01 15:54:13.196  1137  1253 D InputReader: notifyMotion call dispatcher
09-01 15:54:13.197  1137  1160 D RamBoostManagerService: updateMotoSwapState: mIsTouching: false mIsScreenOff: false mCpuUsed: 7.3436856
09-01 15:54:13.197  1137  1160 D RamBoostManagerService: writeSysFile: path: /sys/block/zram0/hybridswap_swapd_pause value: 0
09-01 15:54:13.200   632   632 D PowerHAL: Enter getSceneIdByName: sceneName:POWER_HINT_VENDOR_INTERACTION_FLING
09-01 15:54:13.200   632   632 D PowerHAL: ###Enter interaction_fling scene bgn###
09-01 15:54:13.200   632   632 D PowerHAL: Enter common_set: enable:1, duration: 0, /sys/devices/system/cpu/cpufreq/policy0/scaling_min_freq: 2184000
09-01 15:54:13.200   632   632 D PowerHAL: Enter set_cluster_freqs_max_min:
09-01 15:54:13.200   632   632 D PowerHAL: Enter common_set: enable:1, duration: 0, /sys/devices/system/cpu/cpufreq/policy0/scaling_max_freq: 2184000
09-01 15:54:13.200   632   632 D PowerHAL: Enter set_cluster_freqs_max_min:
09-01 15:54:13.200   632   632 D PowerHAL: Enter common_subsys_set: enable:1, duration: 0, subsys:uclamp: conf_6:7
09-01 15:54:13.200   632   632 D PowerHAL: Enter common_subsys_set_current_config:
09-01 15:54:13.201   632   632 D PowerHAL: ###Enter interaction_fling scene end###
09-01 15:54:13.394   632   632 D PowerHAL: ###Exit interaction_touch scene bgn###
09-01 15:54:13.394   632   632 D PowerHAL: Enter common_set: enable:0, duration: 0, /sys/devices/system/cpu/cpufreq/policy0/scaling_min_freq: 2184000
09-01 15:54:13.394   632   632 D PowerHAL: Enter set_cluster_freqs_max_min:
09-01 15:54:13.394   632   632 D PowerHAL: Enter common_set: enable:0, duration: 0, /sys/devices/system/cpu/cpufreq/policy0/scaling_max_freq: 2184000
09-01 15:54:13.394   632   632 D PowerHAL: Enter set_cluster_freqs_max_min:
09-01 15:54:13.394   632   632 D PowerHAL: Enter common_set: enable:0, duration: 0, /sys/devices/system/cpu/cpufreq/policy4/scaling_min_freq: 1872000
09-01 15:54:13.394   632   632 D PowerHAL: Enter set_cluster_freqs_max_min:
09-01 15:54:13.394   632   632 D PowerHAL: Enter common_clear:
09-01 15:54:13.395   632   632 D PowerHAL: Enter common_set: enable:0, duration: 0, /sys/devices/system/cpu/cpufreq/policy4/scaling_max_freq: 2301000
09-01 15:54:13.395   632   632 D PowerHAL: Enter set_cluster_freqs_max_min:
09-01 15:54:13.395   632   632 D PowerHAL: Enter common_clear:
09-01 15:54:13.395   632   632 D PowerHAL: Enter common_set: enable:0, duration: 0, /sys/devices/system/cpu/cpufreq/policy7/scaling_min_freq: 1872000
09-01 15:54:13.395   632   632 D PowerHAL: Enter set_cluster_freqs_max_min:
09-01 15:54:13.395   632   632 D PowerHAL: Enter common_clear:
09-01 15:54:13.395   632   632 D PowerHAL: Enter common_set: enable:0, duration: 0, /sys/devices/system/cpu/cpufreq/policy7/scaling_max_freq: 2704000
09-01 15:54:13.395   632   632 D PowerHAL: Enter set_cluster_freqs_max_min:
09-01 15:54:13.395   632   632 D PowerHAL: Enter common_clear:
09-01 15:54:13.395   632   632 D PowerHAL: Enter devfreq_ddr_set: enable:0, duration: 0, /sys/class/devfreq/scene-frequency/sprd-governor/scene_boost_dfs: max
09-01 15:54:13.395   632   632 D PowerHAL: Enter common_subsys_set: enable:0, duration: 0, subsys:uclamp: conf_5:6
09-01 15:54:13.395   632   632 D PowerHAL: ###Exit interaction_touch scene end###
09-01 15:54:13.438   609  2414 D bt_vendor: op for BT_VND_OP_EVENT_CALLBACK
09-01 15:54:13.438   609  2414 D bt_vnd_ssp: sprd_vse_cback: 0x56
09-01 15:54:13.987  1137  1253 D InputReader: dispatchTouches action DOWN now(ns): 352545633274107
09-01 15:54:13.987  1137  1253 D InputReader: notifyMotion call dispatcher
09-01 15:54:13.988  1137  1252 D PowerManagerServiceEx: isScreenOnBlockedLocked
09-01 15:54:13.988  1137  1160 D RamBoostManagerService: updateMotoSwapState: mIsTouching: true mIsScreenOff: false mCpuUsed: 7.3436856
09-01 15:54:13.988  1137  1160 D RamBoostManagerService: writeSysFile: path: /sys/block/zram0/hybridswap_swapd_pause value: 1
09-01 15:54:13.989   632   632 D PowerHAL: Enter getSceneIdByName: sceneName:POWER_HINT_VENDOR_INTERACTION_TOUCH
09-01 15:54:13.989   632   632 D PowerHAL: ###Enter interaction_touch scene bgn###
09-01 15:54:13.989   632   632 D PowerHAL: Enter common_set: enable:1, duration: 0, /sys/devices/system/cpu/cpufreq/policy0/scaling_min_freq: 2184000
09-01 15:54:13.989   632   632 D PowerHAL: Enter set_cluster_freqs_max_min:
09-01 15:54:13.989   632   632 D PowerHAL: Enter common_set: enable:1, duration: 0, /sys/devices/system/cpu/cpufreq/policy0/scaling_max_freq: 2184000
09-01 15:54:13.989   632   632 D PowerHAL: Enter set_cluster_freqs_max_min:
09-01 15:54:13.990   632   632 D PowerHAL: Enter common_set: enable:1, duration: 0, /sys/devices/system/cpu/cpufreq/policy4/scaling_min_freq: 1872000
09-01 15:54:13.990   632   632 D PowerHAL: Enter set_cluster_freqs_max_min:
09-01 15:54:13.990   632   632 D PowerHAL: Enter common_set: enable:1, duration: 0, /sys/devices/system/cpu/cpufreq/policy4/scaling_max_freq: 2301000
09-01 15:54:13.990   632   632 D PowerHAL: Enter set_cluster_freqs_max_min:
09-01 15:54:13.990   632   632 D PowerHAL: Enter common_set: enable:1, duration: 0, /sys/devices/system/cpu/cpufreq/policy7/scaling_min_freq: 1872000
09-01 15:54:13.990   632   632 D PowerHAL: Enter set_cluster_freqs_max_min:
09-01 15:54:13.990   632   632 D PowerHAL: Enter common_set: enable:1, duration: 0, /sys/devices/system/cpu/cpufreq/policy7/scaling_max_freq: 2704000
09-01 15:54:13.990   632   632 D PowerHAL: Enter set_cluster_freqs_max_min:
09-01 15:54:13.990   632   632 D PowerHAL: Enter devfreq_ddr_set: enable:1, duration: 0, /sys/class/devfreq/scene-frequency/sprd-governor/scene_boost_dfs: max
09-01 15:54:13.990   632   632 D PowerHAL: Enter common_subsys_set: enable:1, duration: 0, subsys:uclamp: conf_5:6
09-01 15:54:13.990   632   632 D PowerHAL: ###Enter interaction_touch scene end###
09-01 15:54:14.058  1137  1253 D InputReader: dispatchTouches action MOVE now(ns): 352545704441223
09-01 15:54:14.058  1137  1253 D InputReader: notifyMotion call dispatcher
09-01 15:54:14.062  1137  1253 D InputReader: dispatchTouches action MOVE now(ns): 352545708316684
09-01 15:54:14.062  1137  1253 D InputReader: notifyMotion call dispatcher
09-01 15:54:14.066  1137  1253 D InputReader: dispatchTouches action MOVE now(ns): 352545712367607
09-01 15:54:14.066  1137  1253 D InputReader: notifyMotion call dispatcher
09-01 15:54:14.070  1137  1253 D InputReader: dispatchTouches action MOVE now(ns): 352545716474069
09-01 15:54:14.070  1137  1253 D InputReader: notifyMotion call dispatcher
09-01 15:54:14.075  1137  1253 D InputReader: dispatchTouches action MOVE now(ns): 352545720950915
09-01 15:54:14.075  1137  1253 D InputReader: notifyMotion call dispatcher
09-01 15:54:14.079  1137  1253 I InputReader: processEventsLocked: type=3 Count=3 code=57 value=-1 deviceId=1 when=352545724627000
09-01 15:54:14.079  1137  1253 D InputReader: dispatchTouches action UP now(ns): 352545724892300
09-01 15:54:14.079  1137  1253 D InputReader: notifyMotion call dispatcher
09-01 15:54:14.079  1137  1160 D RamBoostManagerService: updateMotoSwapState: mIsTouching: false mIsScreenOff: false mCpuUsed: 7.3436856
09-01 15:54:14.079  1137  1160 D RamBoostManagerService: writeSysFile: path: /sys/block/zram0/hybridswap_swapd_pause value: 0
09-01 15:54:14.276   632   632 D PowerHAL: ###Exit interaction_touch scene bgn###
09-01 15:54:14.276   632   632 D PowerHAL: Enter common_set: enable:0, duration: 0, /sys/devices/system/cpu/cpufreq/policy0/scaling_min_freq: 2184000
09-01 15:54:14.276   632   632 D PowerHAL: Enter set_cluster_freqs_max_min:
09-01 15:54:14.276   632   632 D PowerHAL: Enter common_set: enable:0, duration: 0, /sys/devices/system/cpu/cpufreq/policy0/scaling_max_freq: 2184000
09-01 15:54:14.276   632   632 D PowerHAL: Enter set_cluster_freqs_max_min:
09-01 15:54:14.276   632   632 D PowerHAL: Enter common_set: enable:0, duration: 0, /sys/devices/system/cpu/cpufreq/policy4/scaling_min_freq: 1872000
09-01 15:54:14.276   632   632 D PowerHAL: Enter set_cluster_freqs_max_min:
09-01 15:54:14.276   632   632 D PowerHAL: Enter common_clear:
09-01 15:54:14.276   632   632 D PowerHAL: Enter common_set: enable:0, duration: 0, /sys/devices/system/cpu/cpufreq/policy4/scaling_max_freq: 2301000
09-01 15:54:14.276   632   632 D PowerHAL: Enter set_cluster_freqs_max_min:
09-01 15:54:14.276   632   632 D PowerHAL: Enter common_clear:
09-01 15:54:14.276   632   632 D PowerHAL: Enter common_set: enable:0, duration: 0, /sys/devices/system/cpu/cpufreq/policy7/scaling_min_freq: 1872000
09-01 15:54:14.276   632   632 D PowerHAL: Enter set_cluster_freqs_max_min:
09-01 15:54:14.276   632   632 D PowerHAL: Enter common_clear:
09-01 15:54:14.276   632   632 D PowerHAL: Enter common_set: enable:0, duration: 0, /sys/devices/system/cpu/cpufreq/policy7/scaling_max_freq: 2704000
09-01 15:54:14.276   632   632 D PowerHAL: Enter set_cluster_freqs_max_min:
09-01 15:54:14.276   632   632 D PowerHAL: Enter common_clear:
09-01 15:54:14.276   632   632 D PowerHAL: Enter devfreq_ddr_set: enable:0, duration: 0, /sys/class/devfreq/scene-frequency/sprd-governor/scene_boost_dfs: max
09-01 15:54:14.276   632   632 D PowerHAL: Enter common_subsys_set: enable:0, duration: 0, subsys:uclamp: conf_5:6
09-01 15:54:14.276   632   632 D PowerHAL: ###Exit interaction_touch scene end###
09-01 15:54:15.062  1137  1296 D WifiStaIfaceHidlImpl: getCachedScanData is not implemented by HIDL
09-01 15:54:15.108   632   632 D PowerHAL: ###Exit interaction_fling scene bgn###
09-01 15:54:15.109   632   632 D PowerHAL: Enter common_set: enable:0, duration: 0, /sys/devices/system/cpu/cpufreq/policy0/scaling_min_freq: 2184000
09-01 15:54:15.109   632   632 D PowerHAL: Enter set_cluster_freqs_max_min:
09-01 15:54:15.109   632   632 D PowerHAL: Enter common_clear:
09-01 15:54:15.109   632   632 D PowerHAL: Enter common_set: enable:0, duration: 0, /sys/devices/system/cpu/cpufreq/policy0/scaling_max_freq: 2184000
09-01 15:54:15.109   632   632 D PowerHAL: Enter set_cluster_freqs_max_min:
09-01 15:54:15.109   632   632 D PowerHAL: Enter common_clear:
09-01 15:54:15.109   632   632 D PowerHAL: Enter common_subsys_set: enable:0, duration: 0, subsys:uclamp: conf_6:7
09-01 15:54:15.109   632   632 D PowerHAL: Enter common_subsys_clear: uclamp
09-01 15:54:15.110   632   632 D PowerHAL: ###Exit interaction_fling scene end###
09-01 15:54:16.127  1137  1338 D RamBoostManagerService: closeSource for /proc/stat
09-01 15:54:16.128  1137  1338 D RamBoostManagerService: updateMotoSwapState: mIsTouching: false mIsScreenOff: false mCpuUsed: 11.269379
09-01 15:54:16.128  1137  1338 E RamBoostManagerService: mCpuUsed: 11.269379
09-01 15:54:16.468  1137  1253 D InputReader: dispatchTouches action DOWN now(ns): 352548114295875
09-01 15:54:16.469  1137  1253 D InputReader: notifyMotion call dispatcher
09-01 15:54:16.471  1137  1160 D RamBoostManagerService: updateMotoSwapState: mIsTouching: true mIsScreenOff: false mCpuUsed: 11.269379
09-01 15:54:16.471  1137  1160 D RamBoostManagerService: writeSysFile: path: /sys/block/zram0/hybridswap_swapd_pause value: 1
09-01 15:54:16.472  1137  1252 D PowerManagerServiceEx: isScreenOnBlockedLocked
09-01 15:54:16.472   632   632 D PowerHAL: Enter getSceneIdByName: sceneName:POWER_HINT_VENDOR_INTERACTION_TOUCH
09-01 15:54:16.474   632   632 D PowerHAL: ###Enter interaction_touch scene bgn###
09-01 15:54:16.474   632   632 D PowerHAL: Enter common_set: enable:1, duration: 0, /sys/devices/system/cpu/cpufreq/policy0/scaling_min_freq: 2184000
09-01 15:54:16.474   632   632 D PowerHAL: Enter set_cluster_freqs_max_min:
09-01 15:54:16.474   632   632 D PowerHAL: Enter common_set: enable:1, duration: 0, /sys/devices/system/cpu/cpufreq/policy0/scaling_max_freq: 2184000
09-01 15:54:16.474   632   632 D PowerHAL: Enter set_cluster_freqs_max_min:
09-01 15:54:16.475   632   632 D PowerHAL: Enter common_set: enable:1, duration: 0, /sys/devices/system/cpu/cpufreq/policy4/scaling_min_freq: 1872000
09-01 15:54:16.475   632   632 D PowerHAL: Enter set_cluster_freqs_max_min:
09-01 15:54:16.475   632   632 D PowerHAL: Enter common_set: enable:1, duration: 0, /sys/devices/system/cpu/cpufreq/policy4/scaling_max_freq: 2301000
09-01 15:54:16.475   632   632 D PowerHAL: Enter set_cluster_freqs_max_min:
09-01 15:54:16.475   632   632 D PowerHAL: Enter common_set: enable:1, duration: 0, /sys/devices/system/cpu/cpufreq/policy7/scaling_min_freq: 1872000
09-01 15:54:16.475   632   632 D PowerHAL: Enter set_cluster_freqs_max_min:
09-01 15:54:16.475   632   632 D PowerHAL: Enter common_set: enable:1, duration: 0, /sys/devices/system/cpu/cpufreq/policy7/scaling_max_freq: 2704000
09-01 15:54:16.475   632   632 D PowerHAL: Enter set_cluster_freqs_max_min:
09-01 15:54:16.475   632   632 D PowerHAL: Enter devfreq_ddr_set: enable:1, duration: 0, /sys/class/devfreq/scene-frequency/sprd-governor/scene_boost_dfs: max
09-01 15:54:16.476   632   632 D PowerHAL: Enter common_subsys_set: enable:1, duration: 0, subsys:uclamp: conf_5:6
09-01 15:54:16.476   632   632 D PowerHAL: Enter common_subsys_set_current_config:
09-01 15:54:16.477   632   632 D PowerHAL: ###Enter interaction_touch scene end###
09-01 15:54:16.647  1137  1253 D InputReader: dispatchTouches action MOVE now(ns): 352548292818798
09-01 15:54:16.647  1137  1253 D InputReader: notifyMotion call dispatcher
09-01 15:54:16.648  1137  1252 D PowerManagerServiceEx: isScreenOnBlockedLocked
09-01 15:54:16.651  1137  1253 D InputReader: dispatchTouches action MOVE now(ns): 352548296800336
09-01 15:54:16.651  1137  1253 D InputReader: notifyMotion call dispatcher
09-01 15:54:16.655  1137  1253 D InputReader: dispatchTouches action MOVE now(ns): 352548301309182
09-01 15:54:16.655  1137  1253 D InputReader: notifyMotion call dispatcher
09-01 15:54:16.659  1137  1253 D InputReader: dispatchTouches action MOVE now(ns): 352548305459221
09-01 15:54:16.659  1137  1253 D InputReader: notifyMotion call dispatcher
09-01 15:54:16.663  1137  1253 D InputReader: dispatchTouches action MOVE now(ns): 352548309477875
09-01 15:54:16.663  1137  1253 D InputReader: notifyMotion call dispatcher
09-01 15:54:16.667  1137  1253 D InputReader: dispatchTouches action MOVE now(ns): 352548313187798
09-01 15:54:16.667  1137  1253 D InputReader: notifyMotion call dispatcher
09-01 15:54:16.672  1137  1253 I InputReader: processEventsLocked: type=3 Count=3 code=57 value=-1 deviceId=1 when=352548317791000
09-01 15:54:16.672  1137  1253 D InputReader: dispatchTouches action UP now(ns): 352548317950682
09-01 15:54:16.672  1137  1253 D InputReader: notifyMotion call dispatcher
09-01 15:54:16.672  1137  1160 D RamBoostManagerService: updateMotoSwapState: mIsTouching: false mIsScreenOff: false mCpuUsed: 11.269379
09-01 15:54:16.672  1137  1160 D RamBoostManagerService: writeSysFile: path: /sys/block/zram0/hybridswap_swapd_pause value: 0
09-01 15:54:16.690 29468 29740 E Akuvox  : SourceFile: initAKTalkSDK(1): initAKTalkSDK
09-01 15:54:16.691 29468 29740 D nativeloader: Load /data/app/~~H6HxD0xFzvZGtGGpyQ3rbw==/com.oneapp-hwg-Y8QPITcUreQYGUi3pg==/lib/arm64/librllib.so using class loader ns clns-5 (caller=/data/app/~~H6HxD0xFzvZGtGGpyQ3rbw==/com.oneapp-hwg-Y8QPITcUreQYGUi3pg==/base.apk!classes19.dex): ok
09-01 15:54:16.692 29468 29740 D nativeloader: Load /data/app/~~H6HxD0xFzvZGtGGpyQ3rbw==/com.oneapp-hwg-Y8QPITcUreQYGUi3pg==/lib/arm64/libtinyxml.so using class loader ns clns-5 (caller=/data/app/~~H6HxD0xFzvZGtGGpyQ3rbw==/com.oneapp-hwg-Y8QPITcUreQYGUi3pg==/base.apk!classes19.dex): ok
09-01 15:54:16.693 29468 29740 D nativeloader: Load /data/app/~~H6HxD0xFzvZGtGGpyQ3rbw==/com.oneapp-hwg-Y8QPITcUreQYGUi3pg==/lib/arm64/libstun.so using class loader ns clns-5 (caller=/data/app/~~H6HxD0xFzvZGtGGpyQ3rbw==/com.oneapp-hwg-Y8QPITcUreQYGUi3pg==/base.apk!classes19.dex): ok
09-01 15:54:16.693 29468 29740 D nativeloader: Load /data/app/~~H6HxD0xFzvZGtGGpyQ3rbw==/com.oneapp-hwg-Y8QPITcUreQYGUi3pg==/lib/arm64/libmobilecallback.so using class loader ns clns-5 (caller=/data/app/~~H6HxD0xFzvZGtGGpyQ3rbw==/com.oneapp-hwg-Y8QPITcUreQYGUi3pg==/base.apk!classes19.dex): ok
09-01 15:54:16.695 29468 29740 D nativeloader: Load /data/app/~~H6HxD0xFzvZGtGGpyQ3rbw==/com.oneapp-hwg-Y8QPITcUreQYGUi3pg==/lib/arm64/libSIP.so using class loader ns clns-5 (caller=/data/app/~~H6HxD0xFzvZGtGGpyQ3rbw==/com.oneapp-hwg-Y8QPITcUreQYGUi3pg==/base.apk!classes19.dex): ok
09-01 15:54:16.702 29468 29740 D nativeloader: Load /data/app/~~H6HxD0xFzvZGtGGpyQ3rbw==/com.oneapp-hwg-Y8QPITcUreQYGUi3pg==/lib/arm64/libmediaengine.so using class loader ns clns-5 (caller=/data/app/~~H6HxD0xFzvZGtGGpyQ3rbw==/com.oneapp-hwg-Y8QPITcUreQYGUi3pg==/base.apk!classes19.dex): ok
09-01 15:54:16.702 29468 29740 E media_engine: Native init
09-01 15:54:16.717 29468 29740 D nativeloader: Load /data/app/~~H6HxD0xFzvZGtGGpyQ3rbw==/com.oneapp-hwg-Y8QPITcUreQYGUi3pg==/lib/arm64/librtspcapi.so using class loader ns clns-5 (caller=/data/app/~~H6HxD0xFzvZGtGGpyQ3rbw==/com.oneapp-hwg-Y8QPITcUreQYGUi3pg==/base.apk!classes19.dex): ok
09-01 15:54:16.718 29468 29740 D nativeloader: Load /data/app/~~H6HxD0xFzvZGtGGpyQ3rbw==/com.oneapp-hwg-Y8QPITcUreQYGUi3pg==/lib/arm64/libsecurity.so using class loader ns clns-5 (caller=/data/app/~~H6HxD0xFzvZGtGGpyQ3rbw==/com.oneapp-hwg-Y8QPITcUreQYGUi3pg==/base.apk!classes19.dex): ok
09-01 15:54:16.718 29468 29740 I Akuvox  : SourceFile: initAKTalkSDK(11): initModel
