09-01 15:53:42.646  1001  1422 W libc    : Access denied finding property "ro.aac_drc_effect_type"
09-01 15:53:42.648  1001  1422 W libc    : Access denied finding property "aac_drc_heavy"
09-01 15:53:42.648  1001  1422 W libc    : Access denied finding property "aac_drc_reference_level"
09-01 15:53:42.648  1001  1422 W libc    : Access denied finding property "aac_drc_enc_target_level"
09-01 15:53:42.649  1001  1422 W libc    : Access denied finding property "aac_drc_boost"
09-01 15:53:42.649  1001  1422 W libc    : Access denied finding property "aac_drc_cut"
09-01 15:53:42.649  1001  1422 W libc    : Access denied finding property "ro.aac_drc_effect_type"
09-01 15:53:42.652  1001  1422 D BufferPoolAccessor2.0: bufferpool2 0xb400007ad49946b8 : 0(0 size) total buffers - 0(0 size) used buffers - 0/0 (recycle/alloc) - 0/0 (fetch/transfer)
09-01 15:53:42.652  1001  1422 D BufferPoolAccessor2.0: bufferpool2 0xb400007ad4994b58 : 0(0 size) total buffers - 0(0 size) used buffers - 65/70 (recycle/alloc) - 5/69 (fetch/transfer)
09-01 15:53:42.652  1001  1422 D BufferPoolAccessor2.0: bufferpool2 0xb400007ad4994ff8 : 0(0 size) total buffers - 0(0 size) used buffers - 0/0 (recycle/alloc) - 0/0 (fetch/transfer)
09-01 15:53:42.652  1001  1422 D BufferPoolAccessor2.0: bufferpool2 0xb400007ad498fcb8 : 0(0 size) total buffers - 0(0 size) used buffers - 62/70 (recycle/alloc) - 8/69 (fetch/transfer)
09-01 15:53:42.652  1001  1422 D BufferPoolAccessor2.0: bufferpool2 0xb400007ad4992658 : 0(0 size) total buffers - 0(0 size) used buffers - 0/0 (recycle/alloc) - 0/0 (fetch/transfer)
09-01 15:53:42.652  1001  1422 D BufferPoolAccessor2.0: bufferpool2 0xb400007ad498c2e8 : 0(0 size) total buffers - 0(0 size) used buffers - 63/70 (recycle/alloc) - 7/69 (fetch/transfer)
09-01 15:53:42.652  1001  1422 D BufferPoolAccessor2.0: bufferpool2 0xb400007ad4996028 : 0(0 size) total buffers - 0(0 size) used buffers - 0/0 (recycle/alloc) - 0/0 (fetch/transfer)
09-01 15:53:42.652  1001  1422 D BufferPoolAccessor2.0: bufferpool2 0xb400007ad498b758 : 0(0 size) total buffers - 0(0 size) used buffers - 66/70 (recycle/alloc) - 4/69 (fetch/transfer)
09-01 15:53:42.652  1001  1422 D BufferPoolAccessor2.0: bufferpool2 0xb400007ad4990ce8 : 0(0 size) total buffers - 0(0 size) used buffers - 0/0 (recycle/alloc) - 0/0 (fetch/transfer)
09-01 15:53:42.652  1001  1422 D BufferPoolAccessor2.0: bufferpool2 0xb400007ad498f818 : 0(0 size) total buffers - 0(0 size) used buffers - 66/70 (recycle/alloc) - 4/69 (fetch/transfer)
09-01 15:53:42.653 29468 29792 D BufferPoolAccessor2.0: bufferpool2 0xb400007bcd7d6c98 : 0(0 size) total buffers - 0(0 size) used buffers - 17/22 (recycle/alloc) - 5/14 (fetch/transfer)
09-01 15:53:42.653 29468 29792 D BufferPoolAccessor2.0: Destruction - bufferpool2 0xb400007bcd7d6c98 cached: 0/0M, 0/0% in use; allocs: 22, 77% recycled; transfers: 14, 64% unfetched
09-01 15:53:42.654 29468 31341 I CCodec  : Created component [c2.android.aac.decoder]
09-01 15:53:42.654 29468 31341 D CCodecConfig: read media type: audio/mp4a-latm
09-01 15:53:42.659 29468 31341 D ReflectedParamUpdater: extent() != 1 for single value type: algo.buffers.max-count.values
09-01 15:53:42.659 29468 31341 D ReflectedParamUpdater: extent() != 1 for single value type: output.subscribed-indices.values
09-01 15:53:42.659 29468 31341 D ReflectedParamUpdater: extent() != 1 for single value type: input.buffers.allocator-ids.values
09-01 15:53:42.660 29468 31341 D ReflectedParamUpdater: extent() != 1 for single value type: output.buffers.allocator-ids.values
09-01 15:53:42.660 29468 31341 D ReflectedParamUpdater: extent() != 1 for single value type: algo.buffers.allocator-ids.values
09-01 15:53:42.660 29468 31341 D ReflectedParamUpdater: extent() != 1 for single value type: output.buffers.pool-ids.values
09-01 15:53:42.660 29468 31341 D ReflectedParamUpdater: extent() != 1 for single value type: algo.buffers.pool-ids.values
09-01 15:53:42.664 29468 31341 I CCodecConfig: query failed after returning 20 values (BAD_INDEX)
09-01 15:53:42.664 29468 31341 D CCodecConfig: c2 config diff is Dict {
09-01 15:53:42.664 29468 31341 D CCodecConfig:   c2::u32 coded.aac-packaging.value = 0
09-01 15:53:42.664 29468 31341 D CCodecConfig:   c2::u32 coded.bitrate.value = 64000
09-01 15:53:42.664 29468 31341 D CCodecConfig:   c2::u32 coded.pl.level = 0
09-01 15:53:42.664 29468 31341 D CCodecConfig:   c2::u32 coded.pl.profile = 8192
09-01 15:53:42.664 29468 31341 D CCodecConfig:   c2::i32 coding.drc.album-mode.value = 0
09-01 15:53:42.664 29468 31341 D CCodecConfig:   c2::float coding.drc.attenuation-factor.value = 1
09-01 15:53:42.664 29468 31341 D CCodecConfig:   c2::float coding.drc.boost-factor.value = 1
09-01 15:53:42.664 29468 31341 D CCodecConfig:   c2::i32 coding.drc.compression-mode.value = 3
09-01 15:53:42.664 29468 31341 D CCodecConfig:   c2::i32 coding.drc.effect-type.value = 3
09-01 15:53:42.664 29468 31341 D CCodecConfig:   c2::float coding.drc.encoded-level.value = 0.25
09-01 15:53:42.664 29468 31341 D CCodecConfig:   c2::float coding.drc.reference-level.value = -16
09-01 15:53:42.664 29468 31341 D CCodecConfig:   c2::u32 input.buffers.max-size.value = 8192
09-01 15:53:42.664 29468 31341 D CCodecConfig:   c2::u32 input.delay.value = 0
09-01 15:53:42.664 29468 31341 D CCodecConfig:   string input.media-type.value = "audio/mp4a-latm"
09-01 15:53:42.664 29468 31341 D CCodecConfig:   c2::u32 output.delay.value = 2
09-01 15:53:42.664 29468 31341 D CCodecConfig:   c2::float output.drc.output-loudness.value = 0.25
09-01 15:53:42.664 29468 31341 D CCodecConfig:   string output.media-type.value = "audio/raw"
09-01 15:53:42.664 29468 31341 D CCodecConfig:   c2::u32 raw.channel-count.value = 1
09-01 15:53:42.664 29468 31341 D CCodecConfig:   c2::u32 raw.channel-mask.value = 0
09-01 15:53:42.664 29468 31341 D CCodecConfig:   c2::u32 raw.max-channel-count.value = 8
09-01 15:53:42.664 29468 31341 D CCodecConfig:   c2::u32 raw.sample-rate.value = 44100
09-01 15:53:42.664 29468 31341 D CCodecConfig: }
09-01 15:53:42.668  1137  3095 D ActivityManager: Skip enqueue broadcast because no receiver with Intent { act=android.intent.action.MEDIA_RESOURCE_GRANTED flg=0x10 (has extras) }
09-01 15:53:42.668 29468 31341 I MediaCodec: MediaCodec will operate in async mode
09-01 15:53:42.668 29468 31323 E VideoRefreshRate: Key: frame-rate, value type NOT handled: 0
09-01 15:53:42.669 29468 31341 D MediaCodec: flushMediametrics
09-01 15:53:42.669 29468 31341 D CCodec  : [c2.android.aac.decoder] buffers are bound to CCodec for this session
09-01 15:53:42.669 29468 31341 D CCodecConfig: no c2 equivalents for log-session-id
09-01 15:53:42.669 29468 31341 D CCodecConfig: no c2 equivalents for flags
09-01 15:53:42.670  1001  1422 E Codec2-ComponentInterface: We have a failed config
09-01 15:53:42.670 29468 31341 D CCodecConfig: config failed => CORRUPTED
09-01 15:53:42.671 29468 31341 D CCodecConfig: c2 config diff is   c2::u32 raw.channel-count.value = 2
09-01 15:53:42.671 29468 31341 D CCodecConfig:   c2::u32 raw.sample-rate.value = 48000
09-01 15:53:42.672 29468 31341 W Codec2Client: query -- param skipped: index = 1107298332.
09-01 15:53:42.672 29468 31341 D CCodec  : client requested max input size 878, which is smaller than what component recommended (8192); overriding with component recommendation.
09-01 15:53:42.672 29468 31341 W CCodec  : This behavior is subject to change. It is recommended that app developers double check whether the requested max input size is in reasonable range.
09-01 15:53:42.672 29468 31341 D CCodec  : encoding statistics level = 0
09-01 15:53:42.672 29468 31341 D CCodec  : setup formats input: AMessage(what = 0x00000000) = {
09-01 15:53:42.672 29468 31341 D CCodec  :   int32_t aac-drc-album-mode = 0
09-01 15:53:42.672 29468 31341 D CCodec  :   int32_t aac-drc-boost-level = 127
09-01 15:53:42.672 29468 31341 D CCodec  :   int32_t aac-drc-cut-level = 127
09-01 15:53:42.672 29468 31341 D CCodec  :   int32_t aac-drc-effect-type = 3
09-01 15:53:42.672 29468 31341 D CCodec  :   int32_t aac-encoded-target-level = -1
09-01 15:53:42.672 29468 31341 D CCodec  :   int32_t aac-max-output-channel_count = 8
09-01 15:53:42.672 29468 31341 D CCodec  :   int32_t aac-target-ref-level = 64
09-01 15:53:42.672 29468 31341 D CCodec  :   int32_t bitrate = 64000
09-01 15:53:42.672 29468 31341 D CCodec  :   int32_t channel-count = 2
09-01 15:53:42.672 29468 31341 D CCodec  :   int32_t channel-mask = 0
09-01 15:53:42.672 29468 31341 D CCodec  :   int32_t level = 0
09-01 15:53:42.672 29468 31341 D CCodec  :   int32_t max-input-size = 8192
09-01 15:53:42.672 29468 31341 D CCodec  :   int32_t max-output-channel-count = 8
09-01 15:53:42.672 29468 31341 D CCodec  :   string mime = "audio/mp4a-latm"
09-01 15:53:42.672 29468 31341 D CCodec  :   int32_t profile = 2
09-01 15:53:42.672 29468 31341 D CCodec  :   int32_t sample-rate = 48000
09-01 15:53:42.672 29468 31341 D CCodec  : }
09-01 15:53:42.672 29468 31341 D CCodec  : setup formats output: AMessage(what = 0x00000000) = {
09-01 15:53:42.672 29468 31341 D CCodec  :   int32_t aac-drc-album-mode = 0
09-01 15:53:42.672 29468 31341 D CCodec  :   int32_t aac-drc-boost-level = 127
09-01 15:53:42.672 29468 31341 D CCodec  :   int32_t aac-drc-cut-level = 127
09-01 15:53:42.672 29468 31341 D CCodec  :   int32_t aac-drc-effect-type = 3
09-01 15:53:42.672 29468 31341 D CCodec  :   int32_t aac-drc-output-loudness = -1
09-01 15:53:42.672 29468 31341 D CCodec  :   int32_t aac-encoded-target-level = -1
09-01 15:53:42.672 29468 31341 D CCodec  :   int32_t aac-max-output-channel_count = 8
09-01 15:53:42.672 29468 31341 D CCodec  :   int32_t aac-target-ref-level = 64
09-01 15:53:42.672 29468 31341 D CCodec  :   int32_t channel-count = 2
09-01 15:53:42.672 29468 31341 D CCodec  :   int32_t channel-mask = 0
09-01 15:53:42.672 29468 31341 D CCodec  :   int32_t max-output-channel-count = 8
09-01 15:53:42.672 29468 31341 D CCodec  :   string mime = "audio/raw"
09-01 15:53:42.672 29468 31341 D CCodec  :   int32_t sample-rate = 48000
09-01 15:53:42.672 29468 31341 D CCodec  :   int32_t android._config-pcm-encoding = 2
09-01 15:53:42.672 29468 31341 D CCodec  : }
09-01 15:53:42.672 29468 31341 I CCodecConfig: query failed after returning 20 values (BAD_INDEX)
09-01 15:53:42.673  1137  1162 D UnisocVariableRefreshRateImpl: onDisplayModeChanged intRefreshRate: 60
09-01 15:53:42.673 29468 31323 D MediaCodec: keep callback message for reclaim
09-01 15:53:42.675 29468 31341 W Codec2Client: query -- param skipped: index = 1342179345.
09-01 15:53:42.675 29468 31341 W Codec2Client: query -- param skipped: index = 2415921170.
09-01 15:53:42.675 29468 31341 W Codec2Client: query -- param skipped: index = 1610614798.
09-01 15:53:42.676 29468 31341 D CCodecBufferChannel: [c2.android.aac.decoder#240] Created input block pool with allocatorID 16 => poolID 24 - OK (0)
09-01 15:53:42.677  1137  1162 I DisplayDeviceRepository: Display device changed: DisplayDeviceInfo{"Built-in Screen": uniqueId="local:4619827259835644672", 1080 x 2400, modeId 1, renderFrameRate 60.0, defaultModeId 1, supportedModes [{id=1, width=1080, height=2400, fps=60.0, alternativeRefreshRates=[90.0, 120.00001], supportedHdrTypes=[2, 3, 4]}, {id=2, width=1080, height=2400, fps=120.00001, alternativeRefreshRates=[60.0, 90.0], supportedHdrTypes=[2, 3, 4]}, {id=3, width=1080, height=2400, fps=90.0, alternativeRefreshRates=[60.0, 120.00001], supportedHdrTypes=[2, 3, 4]}], colorMode 0, supportedColorModes [0], hdrCapabilities HdrCapabilities{mSupportedHdrTypes=[2, 3, 4], mMaxLuminance=500.0, mMaxAverageLuminance=200.0, mMinLuminance=0.5}, allmSupported false, gameContentTypeSupported false, density 400, 391.885 x 390.769 dpi, appVsyncOff 1000000, presDeadline 16666667, cutout DisplayCutout{insets=Rect(0, 108 - 0, 0) waterfall=Insets{left=0, top=0, right=0, bottom=0} boundingRect={Bounds=[Rect(0, 0 - 0, 0), Rect(494, 0 - 540, 108), Rect(0, 0 - 0, 0), Rect(0, 0 - 0, 0)]} cutoutPathParserInfo={CutoutPathParserInfo{displayWidth=1080 displayHeight=2400 physicalDisplayWidth=1080 physicalDisplayHeight=2400 density={2.5} cutoutSpec={M 46,62 A 46,46 0 0 1 0,108 46,46 0 0 1 -46,62 46,46 0 0 1 0,16 46,46 0 0 1 46,62 Z} rotation={0} scale={1.0} physicalPixelDisplaySizeRatio={1.0}}}}, touch INTERNAL, rotation 0, type INTERNAL, address {port=0, model=0x401cec6a7a2b7b}, deviceProductInfo DeviceProductInfo{name=EMU_display_0, manufacturerPnpId=GGL, productId=1, modelYear=null, manufactureDate=ManufactureDate{week=27, year=2006}, connectionToSinkType=0}, state ON, committedState ON, frameRateOverride , brightnessMinimum 0.0, brightnessMaximum 1.0, brightnessDefault 0.83097214, hdrSdrRatio NaN, FLAG_ALLOWED_TO_BE_DEFAULT_DISPLAY, FLAG_ROTATES_WITH_CONTENT, FLAG_SECURE, FLAG_SUPPORTS_PROTECTED_BUFFERS, FLAG_TRUSTED, installOrientation 0, displayShape DisplayShape{ spec=-1893857183 displayWidth=1080 displayHeight=2400 physicalPixelDisplaySizeRatio=1.0 rotation=0 offsetX=0 offsetY=0 scale=1.0}}
09-01 15:53:42.679 29468 31341 I CCodecBufferChannel: [c2.android.aac.decoder#240] Created output block pool with allocatorID 16 => poolID 296 - OK
09-01 15:53:42.679 29468 31341 D CCodecBufferChannel: [c2.android.aac.decoder#240] Configured output block pool ids 296 => OK
09-01 15:53:42.679  1001  1422 E Codec2-ComponentInterface: We have a failed config
09-01 15:53:42.682  1001 31342 D SimpleC2Component: Using output block pool with poolID 296 => got 296 - 0
09-01 15:53:42.682  1137  1162 D DisplayManagerService: Ignore redundant display event 0/2 to 10294/22324
09-01 15:53:42.683  1137  1162 D DisplayManagerService: Ignore redundant display event 0/2 to 10192/30828
09-01 15:53:42.689 29468 31341 I CCodecBuffers: registerBuffer size 1, flags 0, mName c2.android.aac.decoder#240:Output[N]
09-01 15:53:42.691 29468 31341 I CCodecBuffers: registerBuffer size 1, flags 0, mName c2.android.aac.decoder#240:Output[N]
09-01 15:53:42.694   618 31336 V VideoMemAllocator: using Dma Heap
09-01 15:53:42.695   618 31336 I DMABUFHEAPS: Using DMA-BUF heap named: system-uncached
09-01 15:53:42.697  1137  4045 D ActivityManager: Skip enqueue broadcast because no receiver with Intent { act=android.intent.action.MEDIA_RESOURCE_GRANTED flg=0x10 (has extras) }
09-01 15:53:42.698   618 31336 V VideoMemAllocator: using Dma Heap
09-01 15:53:42.698   618 31336 I DMABUFHEAPS: Using DMA-BUF heap named: system-uncached
09-01 15:53:42.701  1001 31342 I C2SoftAacDec: Reconfiguring decoder: 0->48000 Hz, 0->2 channels
09-01 15:53:42.703 29468 31323 D MediaCodec: keep callback message for reclaim
09-01 15:53:42.703 29468 31334 I CCodecConfig: query failed after returning 16 values (BAD_INDEX)
09-01 15:53:42.703 29468 31334 D CCodecConfig: c2 config diff is   c2::u32 coded.vui.color.matrix = 1
09-01 15:53:42.703 29468 31334 D CCodecConfig:   c2::u32 coded.vui.color.primaries = 1
09-01 15:53:42.703 29468 31334 D CCodecConfig:   c2::u32 coded.vui.color.range = 2
09-01 15:53:42.703 29468 31334 D CCodecConfig:   c2::u32 coded.vui.color.transfer = 3
09-01 15:53:42.704 29468 31334 W Codec2Client: query -- param skipped: index = 1342179345.
09-01 15:53:42.704 29468 31334 W Codec2Client: query -- param skipped: index = 2415921170.
09-01 15:53:42.704 29468 31334 W Codec2Client: query -- param skipped: index = 1610614798.
09-01 15:53:42.705 29468 31341 D CCodecConfig: c2 config diff is   c2::u32 raw.channel-mask.value = 12
09-01 15:53:42.705 29468 31341 D CCodecBuffers: [c2.android.aac.decoder#240:Output[N]] popFromStashAndRegister: at 1000000000000us, output format changed to AMessage(what = 0x00000000) = {
09-01 15:53:42.705 29468 31341 D CCodecBuffers:   int32_t aac-drc-album-mode = 0
09-01 15:53:42.705 29468 31341 D CCodecBuffers:   int32_t aac-drc-boost-level = 127
09-01 15:53:42.705 29468 31341 D CCodecBuffers:   int32_t aac-drc-cut-level = 127
09-01 15:53:42.705 29468 31341 D CCodecBuffers:   int32_t aac-drc-effect-type = 3
09-01 15:53:42.705 29468 31341 D CCodecBuffers:   int32_t aac-drc-output-loudness = -1
09-01 15:53:42.705 29468 31341 D CCodecBuffers:   int32_t aac-encoded-target-level = -1
09-01 15:53:42.705 29468 31341 D CCodecBuffers:   int32_t aac-max-output-channel_count = 8
09-01 15:53:42.705 29468 31341 D CCodecBuffers:   int32_t aac-target-ref-level = 64
09-01 15:53:42.705 29468 31341 D CCodecBuffers:   int32_t channel-count = 2
09-01 15:53:42.705 29468 31341 D CCodecBuffers:   int32_t channel-mask = 12
09-01 15:53:42.705 29468 31341 D CCodecBuffers:   int32_t max-output-channel-count = 8
09-01 15:53:42.705 29468 31341 D CCodecBuffers:   string mime = "audio/raw"
09-01 15:53:42.705 29468 31341 D CCodecBuffers:   int32_t sample-rate = 48000
09-01 15:53:42.705 29468 31341 D CCodecBuffers:   int32_t android._config-pcm-encoding = 2
09-01 15:53:42.705 29468 31341 D CCodecBuffers: }
09-01 15:53:42.705 29468 29792 D CCodecBufferChannel: [c2.unisoc.avc.decoder#528] Ignoring stale input buffer done callback: last flush index = 6, frameIndex = 2
09-01 15:53:42.706 29468 31335 D CCodecBufferChannel: [c2.unisoc.avc.decoder#528] flushed work; ignored.
09-01 15:53:42.706 29468 31335 D CCodecBufferChannel: [c2.unisoc.avc.decoder#528] Discard frames from previous generation.
09-01 15:53:42.706 29468 31335 I CCodecBuffers: registerBuffer size 1, flags 0, mName c2.unisoc.avc.decoder#528:2D-Output
09-01 15:53:42.706 29468 31323 D MediaCodec: keep callback message for reclaim
09-01 15:53:42.706 29468 31341 I CCodecConfig: query failed after returning 20 values (BAD_INDEX)
09-01 15:53:42.707 29468 31341 W Codec2Client: query -- param skipped: index = 1342179345.
09-01 15:53:42.707 29468 31341 W Codec2Client: query -- param skipped: index = 2415921170.
09-01 15:53:42.707 29468 31341 W Codec2Client: query -- param skipped: index = 1610614798.
09-01 15:53:42.708 29468 31334 D SurfaceUtils: connecting to surface 0xb400007bed48b590, reason connectToSurface
09-01 15:53:42.708 29468 31334 I MediaCodec: [c2.unisoc.avc.decoder] setting surface generation to 30175244
09-01 15:53:42.708 29468 31334 D SurfaceUtils: disconnecting from surface 0xb400007bed48b590, reason connectToSurface(reconnect)
09-01 15:53:42.708 29468 31334 D SurfaceUtils: connecting to surface 0xb400007bed48b590, reason connectToSurface(reconnect)
09-01 15:53:42.708 29468 31334 D Codec2-OutputBufferQueue: remote graphic buffer migration 0/0
09-01 15:53:42.708 29468 31334 D Codec2Client: setOutputSurface -- failed to set consumer usage (6/BAD_INDEX)
09-01 15:53:42.708 29468 31334 D Codec2Client: setOutputSurface -- generation=30175244 consumer usage=0x900
09-01 15:53:42.710   618  1419 D C2BqBuffer: local generation change 30175244 , bqId: 126564096278547 migrated buffers # 4
09-01 15:53:42.711 29468 31334 D Codec2Client: Surface configure completed
09-01 15:53:42.711 29468 31334 D SurfaceUtils: disconnecting from surface 0xb400007bed487170, reason disconnectFromSurface
09-01 15:53:42.711 29468 31334 D SSenseEx: report data to the sprdssense service,---stop
09-01 15:53:42.711 29468 31334 D CCodecBufferChannel: [c2.unisoc.avc.decoder#528] MediaCodec discarded an unknown buffer
09-01 15:53:42.711 29468 31334 D CCodecBufferChannel: [c2.unisoc.avc.decoder#528] MediaCodec discarded an unknown buffer
09-01 15:53:42.711 29468 31334 D CCodecBufferChannel: [c2.unisoc.avc.decoder#528] MediaCodec discarded an unknown buffer
09-01 15:53:42.711 29468 31334 D CCodecBufferChannel: [c2.unisoc.avc.decoder#528] MediaCodec discarded an unknown buffer
09-01 15:53:42.713 29468 31341 D CCodecBufferChannel: [c2.android.aac.decoder#240] MediaCodec discarded an unknown buffer
09-01 15:53:42.713 29468 31341 D CCodecBufferChannel: [c2.android.aac.decoder#240] MediaCodec discarded an unknown buffer
09-01 15:53:42.713 29468 31341 D CCodecBufferChannel: [c2.android.aac.decoder#240] MediaCodec discarded an unknown buffer
09-01 15:53:42.713 29468 31341 D CCodecBufferChannel: [c2.android.aac.decoder#240] MediaCodec discarded an unknown buffer
09-01 15:53:42.714 29468 31341 I hw-BpHwBinder: onLastStrongRef automatically unlinking death recipients
09-01 15:53:42.714  1001  1098 I hw-BpHwBinder: onLastStrongRef automatically unlinking death recipients
09-01 15:53:42.714  1001  1098 I hw-BpHwBinder: onLastStrongRef automatically unlinking death recipients
09-01 15:53:42.715 29468 31341 D MediaCodec: flushMediametrics
09-01 15:53:42.715 29468 31341 D MediaCodec: flushMediametrics
09-01 15:53:42.715 29468 31341 W MediaCodec: no metrics handle found
09-01 15:53:42.715   618 31336 W RefBase : RefBase: Explicit destruction, weak count = 0 (in 0xf4603940). Use sp<> to manage this object.
09-01 15:53:42.715   618 31336 W RefBase : CallStack::getCurrentInternal not linked, returning null
09-01 15:53:42.715   618 31336 W RefBase : CallStack::logStackInternal not linked
09-01 15:53:42.716  1001  1098 D BufferPoolAccessor2.0: Destruction - bufferpool2 0xb400007ad4996278 cached: 0/0M, 0/0% in use; allocs: 0, 0% recycled; transfers: 0, 0% unfetched
09-01 15:53:42.716   618 31336 W RefBase : RefBase: Explicit destruction, weak count = 0 (in 0xf4611cb0). Use sp<> to manage this object.
09-01 15:53:42.716   618 31336 W RefBase : CallStack::getCurrentInternal not linked, returning null
09-01 15:53:42.716   618 31336 W RefBase : CallStack::logStackInternal not linked
09-01 15:53:42.717   618 31336 W RefBase : RefBase: Explicit destruction, weak count = 0 (in 0xf4611590). Use sp<> to manage this object.
09-01 15:53:42.717   618 31336 W RefBase : CallStack::getCurrentInternal not linked, returning null
09-01 15:53:42.717   618 31336 W RefBase : CallStack::logStackInternal not linked
09-01 15:53:42.719   618  1419 D C2BqBuffer: configuring null producer: igbp_information(0)
09-01 15:53:42.719 29468 31334 D SurfaceUtils: disconnecting from surface 0xb400007bed48b590, reason disconnectFromSurface
09-01 15:53:42.719 29468 31335 I hw-BpHwBinder: onLastStrongRef automatically unlinking death recipients
09-01 15:53:42.720   618  1419 I hw-BpHwBinder: onLastStrongRef automatically unlinking death recipients
09-01 15:53:42.721   618  1419 I C2UnisocComponentPriorityManager: Destruct C2UnisocComponentPriorityManager
09-01 15:53:42.721   618  1419 V C2UnisocStore: in ~ComponentModule
09-01 15:53:42.721   618  1419 V C2UnisocStore: unloading dll
09-01 15:53:42.722 29468 29468 I ReactNative: [GESTURE HANDLER] Tearing down gesture handler registered for root view com.facebook.react.runtime.ReactSurfaceView{67cced6 V.E...... ......ID 0,0-1080,2232 #b}
09-01 15:53:42.724 29468 31334 D MediaCodec: flushMediametrics
09-01 15:53:42.725 29468 31334 D MediaCodec: flushMediametrics
09-01 15:53:42.725 29468 31334 W MediaCodec: no metrics handle found
09-01 15:53:42.739  1137  4045 D PowerManagerServiceEx: isScreenOnBlockedLocked
09-01 15:53:43.126  1137  1338 D RamBoostManagerService: closeSource for /proc/stat
09-01 15:53:43.127  1137  1338 D RamBoostManagerService: updateMotoSwapState: mIsTouching: false mIsScreenOff: false mCpuUsed: 29.026777
09-01 15:53:43.127  1137  1338 E RamBoostManagerService: mCpuUsed: 29.026777
09-01 15:53:43.129  1137  4048 D PackageManager: Considering set com.facebook.appmanager/com.facebook.oxygen.appmanager.experimentation.AppManagerExperimentProvider's state as 2 with userId = 0, callingPackage = com.facebook.appmanager:10154
09-01 15:53:43.136  1137  4048 D PowerManagerServiceEx: isScreenOnBlockedLocked
09-01 15:53:43.139  1137  4048 W JobScheduler.JobStatus: Exempted app com.whoop.android considered buggy
09-01 15:53:43.141  1137  4048 W JobScheduler.JobStatus: Exempted app com.whoop.android considered buggy
09-01 15:53:43.141  1137  4048 W JobScheduler.JobStatus: Exempted app com.whoop.android considered buggy
09-01 15:53:43.141  1137  4048 W JobScheduler.JobStatus: Exempted app com.whoop.android considered buggy
09-01 15:53:43.141  1137  4048 W JobScheduler.JobStatus: Exempted app com.whoop.android considered buggy
09-01 15:53:43.141  1137  4048 W JobScheduler.JobStatus: Exempted app com.whoop.android considered buggy
09-01 15:53:43.141  1137  4048 W JobScheduler.JobStatus: Exempted app com.whoop.android considered buggy
09-01 15:53:43.141  1137  4048 W JobScheduler.JobStatus: Exempted app com.whoop.android considered buggy
09-01 15:53:43.141  1137  4048 W JobScheduler.JobStatus: Exempted app com.whoop.android considered buggy
09-01 15:53:43.141  1137  4048 W JobScheduler.JobStatus: Exempted app com.whoop.android considered buggy
09-01 15:53:43.141  1137  4048 W JobScheduler.JobStatus: Exempted app com.whoop.android considered buggy
09-01 15:53:43.141  1137  4048 W JobScheduler.JobStatus: Exempted app com.whoop.android considered buggy
09-01 15:53:43.141  1137  4048 W JobScheduler.JobStatus: Exempted app com.whoop.android considered buggy
09-01 15:53:43.142  1137  4048 W JobScheduler.JobStatus: Exempted app com.whoop.android considered buggy
09-01 15:53:43.142  1137  4048 W JobScheduler.JobStatus: Exempted app com.whoop.android considered buggy
09-01 15:53:43.143  1137  4048 W JobScheduler.JobStatus: Exempted app com.whoop.android considered buggy
09-01 15:53:43.144  1137  4048 W JobScheduler.JobStatus: Exempted app com.whoop.android considered buggy
09-01 15:53:43.144  1137  4048 W JobScheduler.JobStatus: Exempted app com.whoop.android considered buggy
09-01 15:53:43.145  1137  4048 W JobScheduler.JobStatus: Exempted app com.whoop.android considered buggy
09-01 15:53:43.157  1137  4048 I ActivityManager: Killing 29038:com.google.android.apps.wellbeing/u0a191 (adj 935): empty #25
09-01 15:53:43.158  1137  1174 D ActivityManager: quick sync unfreeze 29038 for 12
09-01 15:53:43.164  1137  1173 I libprocessgroup: Successfully killed process cgroup uid 10191 pid 29038 in 5ms
09-01 15:53:43.225 31153 31159 W book.appmanager: ApkAssets: Deleting an ApkAssets object '<empty> and /data/app/~~xoz9MllX_21R_ljKs7Rikw==/com.facebook.katana-gzk3IzL_AoVO2lJMV1TFOQ==/base.apk' with 1 weak references
09-01 15:53:43.279  1137  1160 D DisplayManagerService: Drop pending events for gone uid 10191
09-01 15:53:43.279   599   599 I Zygote  : Process 29038 exited due to signal 9 (Killed)
09-01 15:53:43.568  1137  1293 D PowerManagerServiceEx: isScreenOnBlockedLocked
09-01 15:53:43.589  1137  1293 D PowerManagerServiceEx: isScreenOnBlockedLocked
09-01 15:53:43.591  1137  1293 D ActivityManager: Skip enqueue broadcast because no receiver with Intent { act=com.android.server.action.NETWORK_STATS_UPDATED flg=0x40000010 }
09-01 15:53:44.113  1137  1253 D InputReader: dispatchTouches action DOWN now(ns): 352515758945552
09-01 15:53:44.113  1137  1253 D InputReader: notifyMotion call dispatcher
09-01 15:53:44.116  1137  1160 D RamBoostManagerService: updateMotoSwapState: mIsTouching: true mIsScreenOff: false mCpuUsed: 29.026777
09-01 15:53:44.117  1137  1160 D RamBoostManagerService: writeSysFile: path: /sys/block/zram0/hybridswap_swapd_pause value: 1
09-01 15:53:44.117  1137  1252 D PowerManagerServiceEx: isScreenOnBlockedLocked
09-01 15:53:44.118   632   632 D PowerHAL: Enter getSceneIdByName: sceneName:POWER_HINT_VENDOR_INTERACTION_TOUCH
09-01 15:53:44.119   632   632 D PowerHAL: ###Enter interaction_touch scene bgn###
09-01 15:53:44.119   632   632 D PowerHAL: Enter common_set: enable:1, duration: 0, /sys/devices/system/cpu/cpufreq/policy0/scaling_min_freq: 2184000
09-01 15:53:44.119   632   632 D PowerHAL: Enter set_cluster_freqs_max_min:
09-01 15:53:44.119   632   632 D PowerHAL: Enter common_set: enable:1, duration: 0, /sys/devices/system/cpu/cpufreq/policy0/scaling_max_freq: 2184000
09-01 15:53:44.120   632   632 D PowerHAL: Enter set_cluster_freqs_max_min:
09-01 15:53:44.120   632   632 D PowerHAL: Enter common_set: enable:1, duration: 0, /sys/devices/system/cpu/cpufreq/policy4/scaling_min_freq: 1872000
09-01 15:53:44.120   632   632 D PowerHAL: Enter set_cluster_freqs_max_min:
09-01 15:53:44.120   632   632 D PowerHAL: Enter common_set: enable:1, duration: 0, /sys/devices/system/cpu/cpufreq/policy4/scaling_max_freq: 2301000
09-01 15:53:44.120   632   632 D PowerHAL: Enter set_cluster_freqs_max_min:
09-01 15:53:44.120   632   632 D PowerHAL: Enter common_set: enable:1, duration: 0, /sys/devices/system/cpu/cpufreq/policy7/scaling_min_freq: 1872000
09-01 15:53:44.120   632   632 D PowerHAL: Enter set_cluster_freqs_max_min:
09-01 15:53:44.120   632   632 D PowerHAL: Enter common_set: enable:1, duration: 0, /sys/devices/system/cpu/cpufreq/policy7/scaling_max_freq: 2704000
09-01 15:53:44.120   632   632 D PowerHAL: Enter set_cluster_freqs_max_min:
09-01 15:53:44.120   632   632 D PowerHAL: Enter devfreq_ddr_set: enable:1, duration: 0, /sys/class/devfreq/scene-frequency/sprd-governor/scene_boost_dfs: max
09-01 15:53:44.121   632   632 D PowerHAL: Enter common_subsys_set: enable:1, duration: 0, subsys:uclamp: conf_5:6
09-01 15:53:44.121   632   632 D PowerHAL: Enter common_subsys_set_current_config:
09-01 15:53:44.122   632   632 D PowerHAL: ###Enter interaction_touch scene end###
09-01 15:53:44.229  1137  1253 D InputReader: dispatchTouches action MOVE now(ns): 352515875251398
09-01 15:53:44.229  1137  1253 D InputReader: notifyMotion call dispatcher
09-01 15:53:44.230  1137  1252 D PowerManagerServiceEx: isScreenOnBlockedLocked
09-01 15:53:44.233  1137  1253 D InputReader: dispatchTouches action MOVE now(ns): 352515879252783
09-01 15:53:44.233  1137  1253 D InputReader: notifyMotion call dispatcher
09-01 15:53:44.237  1137  1253 D InputReader: dispatchTouches action MOVE now(ns): 352515883247783
09-01 15:53:44.237  1137  1253 D InputReader: notifyMotion call dispatcher
09-01 15:53:44.242  1137  1253 D InputReader: dispatchTouches action MOVE now(ns): 352515888045360
09-01 15:53:44.242  1137  1253 D InputReader: notifyMotion call dispatcher
09-01 15:53:44.246  1137  1253 D InputReader: dispatchTouches action MOVE now(ns): 352515891679398
09-01 15:53:44.246  1137  1253 D InputReader: notifyMotion call dispatcher
09-01 15:53:44.250  1137  1253 I InputReader: processEventsLocked: type=3 Count=3 code=57 value=-1 deviceId=1 when=352515895481000
09-01 15:53:44.250  1137  1253 D InputReader: dispatchTouches action UP now(ns): 352515895691013
09-01 15:53:44.250  1137  1253 D InputReader: notifyMotion call dispatcher
09-01 15:53:44.250  1137  1160 D RamBoostManagerService: updateMotoSwapState: mIsTouching: false mIsScreenOff: false mCpuUsed: 29.026777
09-01 15:53:44.250  1137  1160 D RamBoostManagerService: writeSysFile: path: /sys/block/zram0/hybridswap_swapd_pause value: 0
09-01 15:53:44.447   632   632 D PowerHAL: ###Exit interaction_touch scene bgn###
09-01 15:53:44.447   632   632 D PowerHAL: Enter common_set: enable:0, duration: 0, /sys/devices/system/cpu/cpufreq/policy0/scaling_min_freq: 2184000
09-01 15:53:44.447   632   632 D PowerHAL: Enter set_cluster_freqs_max_min:
09-01 15:53:44.447   632   632 D PowerHAL: Enter common_clear:
09-01 15:53:44.448   632   632 D PowerHAL: Enter common_set: enable:0, duration: 0, /sys/devices/system/cpu/cpufreq/policy0/scaling_max_freq: 2184000
09-01 15:53:44.448   632   632 D PowerHAL: Enter set_cluster_freqs_max_min:
09-01 15:53:44.448   632   632 D PowerHAL: Enter common_clear:
09-01 15:53:44.448   632   632 D PowerHAL: Enter common_set: enable:0, duration: 0, /sys/devices/system/cpu/cpufreq/policy4/scaling_min_freq: 1872000
09-01 15:53:44.448   632   632 D PowerHAL: Enter set_cluster_freqs_max_min:
09-01 15:53:44.448   632   632 D PowerHAL: Enter common_clear:
09-01 15:53:44.448   632   632 D PowerHAL: Enter common_set: enable:0, duration: 0, /sys/devices/system/cpu/cpufreq/policy4/scaling_max_freq: 2301000
09-01 15:53:44.448   632   632 D PowerHAL: Enter set_cluster_freqs_max_min:
09-01 15:53:44.448   632   632 D PowerHAL: Enter common_clear:
09-01 15:53:44.448   632   632 D PowerHAL: Enter common_set: enable:0, duration: 0, /sys/devices/system/cpu/cpufreq/policy7/scaling_min_freq: 1872000
09-01 15:53:44.448   632   632 D PowerHAL: Enter set_cluster_freqs_max_min:
09-01 15:53:44.448   632   632 D PowerHAL: Enter common_clear:
09-01 15:53:44.448   632   632 D PowerHAL: Enter common_set: enable:0, duration: 0, /sys/devices/system/cpu/cpufreq/policy7/scaling_max_freq: 2704000
09-01 15:53:44.448   632   632 D PowerHAL: Enter set_cluster_freqs_max_min:
09-01 15:53:44.448   632   632 D PowerHAL: Enter common_clear:
09-01 15:53:44.448   632   632 D PowerHAL: Enter devfreq_ddr_set: enable:0, duration: 0, /sys/class/devfreq/scene-frequency/sprd-governor/scene_boost_dfs: max
09-01 15:53:44.448   632   632 D PowerHAL: Enter common_subsys_set: enable:0, duration: 0, subsys:uclamp: conf_5:6
09-01 15:53:44.448   632   632 D PowerHAL: Enter common_subsys_clear: uclamp
09-01 15:53:44.451   632   632 D PowerHAL: ###Exit interaction_touch scene end###
09-01 15:53:44.482   954   982 E SLOGCP  : data_rate_stat: agdsp rate: total size(MB)=0.000000; per second(bytes)=0.000000, drop_cnt_=0, drop_data_size_=0, pollin event times=0.
09-01 15:53:44.743  1137  1296 D WifiStaIfaceHidlImpl: getCachedScanData is not implemented by HIDL
09-01 15:53:45.185 31153 31350 D ProfileInstaller: Installing profile for com.facebook.appmanager
09-01 15:53:45.226 31258 31351 D ProfileInstaller: Installing profile for com.google.android.gsf
09-01 15:53:45.260 29468 29468 I ReactNative: [GESTURE HANDLER] Initialize gesture handler for root view com.facebook.react.runtime.ReactSurfaceView{67cced6 V.E...... .......D 0,0-1080,2232 #b}
09-01 15:53:46.127  1137  1338 D RamBoostManagerService: closeSource for /proc/stat
09-01 15:53:46.127  1137  1338 D RamBoostManagerService: updateMotoSwapState: mIsTouching: false mIsScreenOff: false mCpuUsed: 21.841997
09-01 15:53:46.127  1137  1338 E RamBoostManagerService: mCpuUsed: 21.841997
09-01 15:53:46.427  1137  1253 D InputReader: dispatchTouches action DOWN now(ns): 352518072931243
09-01 15:53:46.427  1137  1253 D InputReader: notifyMotion call dispatcher
09-01 15:53:46.428  1137  1160 D RamBoostManagerService: updateMotoSwapState: mIsTouching: true mIsScreenOff: false mCpuUsed: 21.841997
09-01 15:53:46.428  1137  1160 D RamBoostManagerService: writeSysFile: path: /sys/block/zram0/hybridswap_swapd_pause value: 1
09-01 15:53:46.430  1137  1252 D PowerManagerServiceEx: isScreenOnBlockedLocked
09-01 15:53:46.430   632   632 D PowerHAL: Enter getSceneIdByName: sceneName:POWER_HINT_VENDOR_INTERACTION_TOUCH
09-01 15:53:46.431   632   632 D PowerHAL: ###Enter interaction_touch scene bgn###
09-01 15:53:46.431   632   632 D PowerHAL: Enter common_set: enable:1, duration: 0, /sys/devices/system/cpu/cpufreq/policy0/scaling_min_freq: 2184000
09-01 15:53:46.431   632   632 D PowerHAL: Enter set_cluster_freqs_max_min:
09-01 15:53:46.431   632   632 D PowerHAL: Enter common_set: enable:1, duration: 0, /sys/devices/system/cpu/cpufreq/policy0/scaling_max_freq: 2184000
09-01 15:53:46.431   632   632 D PowerHAL: Enter set_cluster_freqs_max_min:
09-01 15:53:46.431   632   632 D PowerHAL: Enter common_set: enable:1, duration: 0, /sys/devices/system/cpu/cpufreq/policy4/scaling_min_freq: 1872000
09-01 15:53:46.431   632   632 D PowerHAL: Enter set_cluster_freqs_max_min:
09-01 15:53:46.431   632   632 D PowerHAL: Enter common_set: enable:1, duration: 0, /sys/devices/system/cpu/cpufreq/policy4/scaling_max_freq: 2301000
09-01 15:53:46.431   632   632 D PowerHAL: Enter set_cluster_freqs_max_min:
09-01 15:53:46.431   632   632 D PowerHAL: Enter common_set: enable:1, duration: 0, /sys/devices/system/cpu/cpufreq/policy7/scaling_min_freq: 1872000
09-01 15:53:46.431   632   632 D PowerHAL: Enter set_cluster_freqs_max_min:
09-01 15:53:46.432   632   632 D PowerHAL: Enter common_set: enable:1, duration: 0, /sys/devices/system/cpu/cpufreq/policy7/scaling_max_freq: 2704000
09-01 15:53:46.432   632   632 D PowerHAL: Enter set_cluster_freqs_max_min:
09-01 15:53:46.432   632   632 D PowerHAL: Enter devfreq_ddr_set: enable:1, duration: 0, /sys/class/devfreq/scene-frequency/sprd-governor/scene_boost_dfs: max
09-01 15:53:46.432   632   632 D PowerHAL: Enter common_subsys_set: enable:1, duration: 0, subsys:uclamp: conf_5:6
09-01 15:53:46.432   632   632 D PowerHAL: Enter common_subsys_set_current_config:
09-01 15:53:46.433   632   632 D PowerHAL: ###Enter interaction_touch scene end###
09-01 15:53:46.447  1137  1253 D InputReader: dispatchTouches action MOVE now(ns): 352518093521858
09-01 15:53:46.448  1137  1253 D InputReader: notifyMotion call dispatcher
09-01 15:53:46.451  1137  1253 D InputReader: dispatchTouches action MOVE now(ns): 352518097410319
09-01 15:53:46.451  1137  1253 D InputReader: notifyMotion call dispatcher
09-01 15:53:46.456  1137  1253 D InputReader: dispatchTouches action MOVE now(ns): 352518102201704
09-01 15:53:46.456  1137  1253 D InputReader: notifyMotion call dispatcher
09-01 15:53:46.460  1137  1253 D InputReader: dispatchTouches action MOVE now(ns): 352518105943281
09-01 15:53:46.460  1137  1253 D InputReader: notifyMotion call dispatcher
09-01 15:53:46.464  1137  1253 D InputReader: dispatchTouches action MOVE now(ns): 352518109916243
09-01 15:53:46.464  1137  1253 D InputReader: notifyMotion call dispatcher
09-01 15:53:46.468  1137  1253 D InputReader: dispatchTouches action MOVE now(ns): 352518114110743
09-01 15:53:46.468  1137  1253 D InputReader: notifyMotion call dispatcher
09-01 15:53:46.473  1137  1253 D InputReader: dispatchTouches action MOVE now(ns): 352518118773435
09-01 15:53:46.473  1137  1253 D InputReader: notifyMotion call dispatcher
09-01 15:53:46.477  1137  1253 D InputReader: dispatchTouches action MOVE now(ns): 352518122754204
09-01 15:53:46.477  1137  1253 D InputReader: notifyMotion call dispatcher
09-01 15:53:46.481  1137  1253 D InputReader: dispatchTouches action MOVE now(ns): 352518126899666
09-01 15:53:46.481  1137  1253 D InputReader: notifyMotion call dispatcher
09-01 15:53:46.485  1137  1253 D InputReader: dispatchTouches action MOVE now(ns): 352518130696550
09-01 15:53:46.485  1137  1253 D InputReader: notifyMotion call dispatcher
09-01 15:53:46.489  1137  1253 D InputReader: dispatchTouches action MOVE now(ns): 352518135458781
09-01 15:53:46.489  1137  1253 D InputReader: notifyMotion call dispatcher
09-01 15:53:46.493  1137  1253 D InputReader: dispatchTouches action MOVE now(ns): 352518139343512
09-01 15:53:46.493  1137  1253 D InputReader: notifyMotion call dispatcher
09-01 15:53:46.497  1137  1253 D InputReader: dispatchTouches action MOVE now(ns): 352518143279781
09-01 15:53:46.497  1137  1253 D InputReader: notifyMotion call dispatcher
09-01 15:53:46.501  1137  1253 I InputReader: processEventsLocked: type=3 Count=3 code=57 value=-1 deviceId=1 when=352518147055000
09-01 15:53:46.501  1137  1253 D InputReader: dispatchTouches action UP now(ns): 352518147344435
09-01 15:53:46.501  1137  1253 D InputReader: notifyMotion call dispatcher
09-01 15:53:46.502  1137  1160 D RamBoostManagerService: updateMotoSwapState: mIsTouching: false mIsScreenOff: false mCpuUsed: 21.841997
09-01 15:53:46.502  1137  1160 D RamBoostManagerService: writeSysFile: path: /sys/block/zram0/hybridswap_swapd_pause value: 0
09-01 15:53:46.504   632   632 D PowerHAL: Enter getSceneIdByName: sceneName:POWER_HINT_VENDOR_INTERACTION_FLING
09-01 15:53:46.505   632   632 D PowerHAL: ###Enter interaction_fling scene bgn###
09-01 15:53:46.505   632   632 D PowerHAL: Enter common_set: enable:1, duration: 0, /sys/devices/system/cpu/cpufreq/policy0/scaling_min_freq: 2184000
09-01 15:53:46.505   632   632 D PowerHAL: Enter set_cluster_freqs_max_min:
09-01 15:53:46.505   632   632 D PowerHAL: Enter common_set: enable:1, duration: 0, /sys/devices/system/cpu/cpufreq/policy0/scaling_max_freq: 2184000
09-01 15:53:46.505   632   632 D PowerHAL: Enter set_cluster_freqs_max_min:
09-01 15:53:46.505   632   632 D PowerHAL: Enter common_subsys_set: enable:1, duration: 0, subsys:uclamp: conf_6:7
09-01 15:53:46.505   632   632 D PowerHAL: Enter common_subsys_set_current_config:
09-01 15:53:46.506   632   632 D PowerHAL: ###Enter interaction_fling scene end###
09-01 15:53:46.699   632   632 D PowerHAL: ###Exit interaction_touch scene bgn###
09-01 15:53:46.699   632   632 D PowerHAL: Enter common_set: enable:0, duration: 0, /sys/devices/system/cpu/cpufreq/policy0/scaling_min_freq: 2184000
09-01 15:53:46.699   632   632 D PowerHAL: Enter set_cluster_freqs_max_min:
09-01 15:53:46.699   632   632 D PowerHAL: Enter common_set: enable:0, duration: 0, /sys/devices/system/cpu/cpufreq/policy0/scaling_max_freq: 2184000
09-01 15:53:46.699   632   632 D PowerHAL: Enter set_cluster_freqs_max_min:
09-01 15:53:46.699   632   632 D PowerHAL: Enter common_set: enable:0, duration: 0, /sys/devices/system/cpu/cpufreq/policy4/scaling_min_freq: 1872000
09-01 15:53:46.699   632   632 D PowerHAL: Enter set_cluster_freqs_max_min:
09-01 15:53:46.699   632   632 D PowerHAL: Enter common_clear:
09-01 15:53:46.699   632   632 D PowerHAL: Enter common_set: enable:0, duration: 0, /sys/devices/system/cpu/cpufreq/policy4/scaling_max_freq: 2301000
09-01 15:53:46.699   632   632 D PowerHAL: Enter set_cluster_freqs_max_min:
09-01 15:53:46.699   632   632 D PowerHAL: Enter common_clear:
09-01 15:53:46.699   632   632 D PowerHAL: Enter common_set: enable:0, duration: 0, /sys/devices/system/cpu/cpufreq/policy7/scaling_min_freq: 1872000
09-01 15:53:46.699   632   632 D PowerHAL: Enter set_cluster_freqs_max_min:
09-01 15:53:46.699   632   632 D PowerHAL: Enter common_clear:
09-01 15:53:46.699   632   632 D PowerHAL: Enter common_set: enable:0, duration: 0, /sys/devices/system/cpu/cpufreq/policy7/scaling_max_freq: 2704000
09-01 15:53:46.699   632   632 D PowerHAL: Enter set_cluster_freqs_max_min:
09-01 15:53:46.699   632   632 D PowerHAL: Enter common_clear:
09-01 15:53:46.699   632   632 D PowerHAL: Enter devfreq_ddr_set: enable:0, duration: 0, /sys/class/devfreq/scene-frequency/sprd-governor/scene_boost_dfs: max
09-01 15:53:46.700   632   632 D PowerHAL: Enter common_subsys_set: enable:0, duration: 0, subsys:uclamp: conf_5:6
09-01 15:53:46.700   632   632 D PowerHAL: ###Exit interaction_touch scene end###
09-01 15:53:46.827 31171 31189 V ClearcutMetricXmitter: Transmission is done.
09-01 15:53:46.828 31171 31189 V ClearcutMetricXmitter: Transmission is done.
09-01 15:53:47.453   632   632 D PowerHAL: ###Exit interaction_fling scene bgn###
09-01 15:53:47.454   632   632 D PowerHAL: Enter common_set: enable:0, duration: 0, /sys/devices/system/cpu/cpufreq/policy0/scaling_min_freq: 2184000
09-01 15:53:47.454   632   632 D PowerHAL: Enter set_cluster_freqs_max_min:
09-01 15:53:47.454   632   632 D PowerHAL: Enter common_clear:
09-01 15:53:47.454   632   632 D PowerHAL: Enter common_set: enable:0, duration: 0, /sys/devices/system/cpu/cpufreq/policy0/scaling_max_freq: 2184000
09-01 15:53:47.454   632   632 D PowerHAL: Enter set_cluster_freqs_max_min:
09-01 15:53:47.454   632   632 D PowerHAL: Enter common_clear:
09-01 15:53:47.454   632   632 D PowerHAL: Enter common_subsys_set: enable:0, duration: 0, subsys:uclamp: conf_6:7
09-01 15:53:47.454   632   632 D PowerHAL: Enter common_subsys_clear: uclamp
09-01 15:53:47.455   632   632 D PowerHAL: ###Exit interaction_fling scene end###
09-01 15:53:47.630 29468 29791 D BufferPoolAccessor2.0: bufferpool2 0xb400007bcd7f6708 : 0(0 size) total buffers - 0(0 size) used buffers - 5/10 (recycle/alloc) - 4/9 (fetch/transfer)
09-01 15:53:47.631 29468 29791 D BufferPoolAccessor2.0: evictor expired: 1, evicted: 1
09-01 15:53:47.631  1001  1413 D BufferPoolAccessor2.0: evictor expired: 1, evicted: 0
09-01 15:53:47.779  1137  1296 D WifiStaIfaceHidlImpl: getCachedScanData is not implemented by HIDL
09-01 15:53:47.790  1464  1464 D WifiSignalController: connected : true, level : 4, isDefault : true, inetCondition : 1, statusLabel : null
09-01 15:53:47.792  1464  1464 D StatusBarIconController: ignoring old pipeline callback because the new wifi icon is enabled
09-01 15:53:47.792  1464  1464 D StatusBarIconController: setIconVisibility: slot=wifi,visibility=true,tag=0
09-01 15:53:47.823  1464  2243 D BLASTBufferQueue: [VRI[StatusBar]#5](f:0,a:3) PendingRelease=2, PendingBuffersToHold=1, SyncedFrameNumbers=0, lacfnr:61632, lapfnr:61632
09-01 15:53:47.823  1464  2243 D BLASTBufferQueue: [VRI[StatusBar]#5](f:0,a:2) PendingRelease=1, PendingBuffersToHold=1, SyncedFrameNumbers=0, lacfnr:61632, lapfnr:61632
09-01 15:53:47.827  1137  3095 I BatteryService: ---mLimitOptimizedChargingSetting:false
09-01 15:53:47.827  1137  3095 I BatteryService: ---mLimitOptimizedChargingPlug:true
09-01 15:53:47.827  1137  3095 I BatteryService: ---mLimitOptimizedChargingAlreadySet:false
09-01 15:53:47.827  1137  3095 I BatteryService: ---mHealthInfo.batteryLevel:85
09-01 15:53:47.827  1137  3095 I BatteryService: ---mHealthInfo.batteryStatus:2
09-01 15:53:47.827  1137  3095 D BatteryService:  OptimizedToast sToastShown true
09-01 15:53:47.828  1137  1137 V BroadcastQueue: Enqueuing BroadcastRecord{d974cb2 android.intent.action.BATTERY_CHANGED/u-1} from uid 1000 pid 1137 for 24 receivers
09-01 15:53:47.831  1137  1137 I MotoGestureManagerService: batteryStateChanged, lowBatteryWarningLevel: 10
09-01 15:53:47.832  1137  1137 D MotoGestureManagerService: lastBatteryLevel: 85
09-01 15:53:47.832  1137  1137 D MotoGestureManagerService: lastBatteryOk: true
09-01 15:53:47.832  1137  1137 D MotoGestureManagerService: isBatteryOk: true
09-01 15:53:47.838  1464  1464 D UnisocBatteryControllerEx: fireChargingSpeedChanged: 0
09-01 15:53:47.838  1464  1464 D UnisocPowerUI: health:2 --> 2
09-01 15:53:47.838  1464  9923 D PowerUI : can't show warning due to - plugged: true status unknown: false
09-01 15:53:47.871  1464  1798 D BLASTBufferQueue: [VRI[StatusBar]#5](f:0,a:3) PendingRelease=2, PendingBuffersToHold=1, SyncedFrameNumbers=0, lacfnr:61633, lapfnr:61633
09-01 15:53:47.871  1464  1798 D BLASTBufferQueue: [VRI[StatusBar]#5](f:0,a:2) PendingRelease=1, PendingBuffersToHold=1, SyncedFrameNumbers=0, lacfnr:61633, lapfnr:61633
09-01 15:53:48.512  1137  3095 D AlarmManagerService: set alarm to kernel: 518489.387000000, type=2
09-01 15:53:48.512  1137  3095 D AlarmManagerService: set alarm to kernel: 518483.173000000, type=3
09-01 15:53:48.632 29468 29791 D BufferPoolAccessor2.0: bufferpool2 0xb400007bcd7ff668 : 0(0 size) total buffers - 0(0 size) used buffers - 9/14 (recycle/alloc) - 5/6 (fetch/transfer)
09-01 15:53:48.632  1001  1413 D BufferPoolAccessor2.0: bufferpool2 0xb400007ad4991ac8 : 0(0 size) total buffers - 0(0 size) used buffers - 0/2 (recycle/alloc) - 2/2 (fetch/transfer)
09-01 15:53:48.632  1001  1413 D BufferPoolAccessor2.0: evictor expired: 2, evicted: 1
09-01 15:53:48.632 29468 29791 D BufferPoolAccessor2.0: evictor expired: 3, evicted: 1
09-01 15:53:48.914  1137  1238 D ActivityManager: freezing 30811 com.google.android.apps.safetyhub
09-01 15:53:48.937   609  2414 D bt_vendor: op for BT_VND_OP_EVENT_CALLBACK
09-01 15:53:48.937   609  2414 D bt_vnd_ssp: sprd_vse_cback: 0x56
09-01 15:53:49.127  1137  1338 D RamBoostManagerService: closeSource for /proc/stat
09-01 15:53:49.128  1137  1338 D RamBoostManagerService: updateMotoSwapState: mIsTouching: false mIsScreenOff: false mCpuUsed: 11.732549
09-01 15:53:49.128  1137  1338 E RamBoostManagerService: mCpuUsed: 11.732549
09-01 15:53:49.434  1137  1238 D ActivityManager: freezing 31072 com.google.android.apps.maps
09-01 15:53:49.695  1137  1165 E UnisocWatchdog: UnisocWatchdogImpl sendMessage:0
09-01 15:53:49.696  1137  1216 E UnisocWatchdog: UNISOCWATCHDOG_MESSAGE_TIMER30 trigger
09-01 15:53:49.825  1137  1238 D ActivityManager: freezing 30812 com.google.android.apps.photos
09-01 15:53:49.826  1137  1238 D ActivityManager: freezing 31043 com.google.android.contacts
09-01 15:53:49.827  1137  1238 D ActivityManager: freezing 31171 com.google.android.projection.gearhead:car
09-01 15:53:49.942 30848 31271 I CobaltUploader: Unbinding from upload service
09-01 15:53:49.944 27453 27453 D BoundBrokerSvc: onUnbind: Intent { act=android.adservices.cobalt.AdServicesCobaltUploadService cmp=com.google.android.gms/.chimera.GmsBoundBrokerService }
09-01 15:53:49.945  1137  1637 I ActivityManager: Killing 29327:com.android.keychain/1000 (adj 985): empty #25
09-01 15:53:49.946  1137  1174 D ActivityManager: quick sync unfreeze 29327 for 12
09-01 15:53:49.948  1137  1637 D PowerManagerServiceEx: isScreenOnBlockedLocked
09-01 15:53:49.949  1137  1637 W JobScheduler.JobStatus: Exempted app com.whoop.android considered buggy
09-01 15:53:49.950  1137  1637 W JobScheduler.JobStatus: Exempted app com.whoop.android considered buggy
09-01 15:53:49.950  1137  1637 W JobScheduler.JobStatus: Exempted app com.whoop.android considered buggy
09-01 15:53:49.950  1137  1637 W JobScheduler.JobStatus: Exempted app com.whoop.android considered buggy
09-01 15:53:49.950  1137  1637 W JobScheduler.JobStatus: Exempted app com.whoop.android considered buggy
09-01 15:53:49.950  1137  1637 W JobScheduler.JobStatus: Exempted app com.whoop.android considered buggy
09-01 15:53:49.950  1137  1637 W JobScheduler.JobStatus: Exempted app com.whoop.android considered buggy
09-01 15:53:49.950  1137  1637 W JobScheduler.JobStatus: Exempted app com.whoop.android considered buggy
09-01 15:53:49.950  1137  1637 W JobScheduler.JobStatus: Exempted app com.whoop.android considered buggy
09-01 15:53:49.950  1137  1637 W JobScheduler.JobStatus: Exempted app com.whoop.android considered buggy
09-01 15:53:49.950  1137  1637 W JobScheduler.JobStatus: Exempted app com.whoop.android considered buggy
09-01 15:53:49.950  1137  1637 W JobScheduler.JobStatus: Exempted app com.whoop.android considered buggy
09-01 15:53:49.950  1137  1637 W JobScheduler.JobStatus: Exempted app com.whoop.android considered buggy
09-01 15:53:49.951  1137  1637 W JobScheduler.JobStatus: Exempted app com.whoop.android considered buggy
09-01 15:53:49.951  1137  1637 W JobScheduler.JobStatus: Exempted app com.whoop.android considered buggy
09-01 15:53:49.951  1137  1637 W JobScheduler.JobStatus: Exempted app com.whoop.android considered buggy
